Component: ARM Compiler 6.9 Tool: armlink [5ced1b00]

==============================================================================

Image Symbol Table

    Local Symbols

    Symbol Name                              Value     Ov Type        Size  Object(Section)

    RESET                                    0x00000000   Section      192  startup_hc32l021.o(RESET)
    ../clib/../cmprslib/lz77c.c              0x00000000   Number         0  __dclz77c.o ABSOLUTE
    ../clib/angel/boardlib.s                 0x00000000   Number         0  boardinit1.o ABSOLUTE
    ../clib/angel/boardlib.s                 0x00000000   Number         0  boardinit3.o ABSOLUTE
    ../clib/angel/boardlib.s                 0x00000000   Number         0  boardshut.o ABSOLUTE
    ../clib/angel/boardlib.s                 0x00000000   Number         0  boardinit2.o ABSOLUTE
    ../clib/angel/handlers.s                 0x00000000   Number         0  __scatter_zi.o ABSOLUTE
    ../clib/angel/kernel.s                   0x00000000   Number         0  rtexit.o ABSOLUTE
    ../clib/angel/kernel.s                   0x00000000   Number         0  __rtentry.o ABSOLUTE
    ../clib/angel/kernel.s                   0x00000000   Number         0  rtexit2.o ABSOLUTE
    ../clib/angel/kernel.s                   0x00000000   Number         0  __rtentry5.o ABSOLUTE
    ../clib/angel/kernel.s                   0x00000000   Number         0  __rtentry4.o ABSOLUTE
    ../clib/angel/kernel.s                   0x00000000   Number         0  __rtentry2.o ABSOLUTE
    ../clib/angel/rt.s                       0x00000000   Number         0  rt_raise.o ABSOLUTE
    ../clib/angel/rt.s                       0x00000000   Number         0  rt_div0.o ABSOLUTE
    ../clib/angel/rt.s                       0x00000000   Number         0  rt_fp_status_addr_intlibspace.o ABSOLUTE
    ../clib/angel/rt.s                       0x00000000   Number         0  aeabi_idiv0.o ABSOLUTE
    ../clib/angel/rt.s                       0x00000000   Number         0  rt_fp_status_addr.o ABSOLUTE
    ../clib/angel/rt.s                       0x00000000   Number         0  aeabi_idiv0_sigfpe.o ABSOLUTE
    ../clib/angel/scatterp.s                 0x00000000   Number         0  __scatter.o ABSOLUTE
    ../clib/angel/startup.s                  0x00000000   Number         0  __main.o ABSOLUTE
    ../clib/angel/sys.s                      0x00000000   Number         0  use_no_semi.o ABSOLUTE
    ../clib/angel/sys.s                      0x00000000   Number         0  sys_stackheap_hlt.o ABSOLUTE
    ../clib/angel/sys.s                      0x00000000   Number         0  libspace.o ABSOLUTE
    ../clib/angel/sys.s                      0x00000000   Number         0  sys_stackheap_outer.o ABSOLUTE
    ../clib/angel/sys.s                      0x00000000   Number         0  tempstk.o ABSOLUTE
    ../clib/angel/sys.s                      0x00000000   Number         0  sys_stackheap.o ABSOLUTE
    ../clib/angel/sys.s                      0x00000000   Number         0  indicate_semi.o ABSOLUTE
    ../clib/angel/sysapp.c                   0x00000000   Number         0  sys_exit_hlt.o ABSOLUTE
    ../clib/angel/sysapp.c                   0x00000000   Number         0  sys_wrch_hlt.o ABSOLUTE
    ../clib/angel/sysapp.c                   0x00000000   Number         0  sys_wrch.o ABSOLUTE
    ../clib/angel/sysapp.c                   0x00000000   Number         0  sys_exit.o ABSOLUTE
    ../clib/angel/sysapp.c                   0x00000000   Number         0  sys_command_hlt.o ABSOLUTE
    ../clib/angel/sysapp.c                   0x00000000   Number         0  sys_command.o ABSOLUTE
    ../clib/armsys.c                         0x00000000   Number         0  argv_veneer.o ABSOLUTE
    ../clib/armsys.c                         0x00000000   Number         0  no_argv.o ABSOLUTE
    ../clib/armsys.c                         0x00000000   Number         0  _get_argv_nomalloc.o ABSOLUTE
    ../clib/division.s                       0x00000000   Number         0  aeabi_sdiv.o ABSOLUTE
    ../clib/division.s                       0x00000000   Number         0  aeabi_sdiv_div0.o ABSOLUTE
    ../clib/fenv.c                           0x00000000   Number         0  _fptrap.o ABSOLUTE
    ../clib/heapalloc.c                      0x00000000   Number         0  hrguard.o ABSOLUTE
    ../clib/libinit.s                        0x00000000   Number         0  libinit2.o ABSOLUTE
    ../clib/libinit.s                        0x00000000   Number         0  libinit3.o ABSOLUTE
    ../clib/libinit.s                        0x00000000   Number         0  libshutdown.o ABSOLUTE
    ../clib/libinit.s                        0x00000000   Number         0  libshutdown2.o ABSOLUTE
    ../clib/libinit.s                        0x00000000   Number         0  libinit.o ABSOLUTE
    ../clib/memcpset.c                       0x00000000   Number         0  rt_memclr.o ABSOLUTE
[...]
    .ARM.Collect$$rtentry$$00000002          0x0000012c   Section        0  __rtentry2.o(.ARM.Collect$$rtentry$$00000002)
    .ARM.Collect$$rtentry$$00000005          0x0000012c   Section        4  __rtentry5.o(.ARM.Collect$$rtentry$$00000005)
    .ARM.Collect$$rtentry$$00000009          0x00000130   Section        0  __rtentry2.o(.ARM.Collect$$rtentry$$00000009)
    .ARM.Collect$$rtentry$$0000000A          0x00000130   Section        4  __rtentry2.o(.ARM.Collect$$rtentry$$0000000A)
    .ARM.Collect$$rtentry$$0000000C          0x00000134   Section        0  __rtentry2.o(.ARM.Collect$$rtentry$$0000000C)
    .ARM.Collect$$rtentry$$0000000D          0x00000134   Section        8  __rtentry2.o(.ARM.Collect$$rtentry$$0000000D)
    .ARM.Collect$$rtentry$$00002716          0x0000013c   Section        4  __rtentry5.o(.ARM.Collect$$rtentry$$00002716)
    __lit__00000000                          0x0000013c   Data           4  __rtentry5.o(.ARM.Collect$$rtentry$$00002716)
    .ARM.Collect$$rtexit$$00000000           0x00000140   Section        2  rtexit.o(.ARM.Collect$$rtexit$$00000000)
    .ARM.Collect$$rtexit$$00000002           0x00000142   Section        0  rtexit2.o(.ARM.Collect$$rtexit$$00000002)
    .ARM.Collect$$rtexit$$00000003           0x00000142   Section        4  rtexit2.o(.ARM.Collect$$rtexit$$00000003)
    .ARM.Collect$$rtexit$$00000004           0x00000146   Section        6  rtexit2.o(.ARM.Collect$$rtexit$$00000004)
    .text                                    0x0000014c   Section       60  startup_hc32l021.o(.text)
    .text                                    0x00000188   Section        0  rt_memclr.o(.text)
    .text                                    0x000001c8   Section      346  aeabi_sdiv.o(.text)
    .text                                    0x00000324   Section        0  fdiv.o(.text)
    .text                                    0x000004bc   Section        0  ffixui.o(.text)
    .text                                    0x00000508   Section        0  fflti.o(.text)
    .text                                    0x00000568   Section        0  except.o(.text)
    .text                                    0x000006c4   Section        0  fnan2.o(.text)
    .text                                    0x00000700   Section        0  fnorm2.o(.text)
    .text                                    0x00000798   Section        0  funder.o(.text)
    .text                                    0x00000868   Section        8  rt_fp_status_addr_intlibspace.o(.text)
    .text                                    0x00000870   Section        0  _fptrap.o(.text)
    .text                                    0x000008a4   Section        0  cmpret.o(.text)
    .text                                    0x000008d8   Section        0  retnan.o(.text)
    .text                                    0x00000970   Section        0  exit.o(.text)
    .text                                    0x00000980   Section        0  defsig_fpe_outer.o(.text)
    .text                                    0x0000098c   Section        0  defsig_exit.o(.text)
    .text                                    0x00000998   Section        0  defsig_fpe_inner.o(.text)
    .text                                    0x00000a44   Section        0  sys_exit.o(.text)
    .text                                    0x00000a50   Section        2  use_no_semi.o(.text)
    .text                                    0x00000a52   Section        0  indicate_semi.o(.text)
    .text                                    0x00000a52   Section        0  defsig_general.o(.text)
    .text                                    0x00000a86   Section        0  fpinit.o(.text)
    .text                                    0x00000a92   Section        0  sys_wrch.o(.text)
    .text                                    0x00000a9e   Section        0  __dclz77c.o(.text)
    [Anonymous Symbol]                       0x00000afe   Section        0  system_hc32l021.o(.text.$Sub$$main)
    [Anonymous Symbol]                       0x00000b0c   Section        0  interrupts_hc32l021.o(.text.ADC_IRQHandler)
    [Anonymous Symbol]                       0x00000b14   Section        0  interrupts_hc32l021.o(.text.ATIM3_IRQHandler)
    [Anonymous Symbol]                       0x00000b1c   Section        0  interrupts_hc32l021.o(.text.Adc_IRQHandler)
    [Anonymous Symbol]                       0x00000b1e   Section        0  interrupts_hc32l021.o(.text.Atim3_IRQHandler)
    [Anonymous Symbol]                       0x00000b20   Section        0  fm5114.o(.text.Button_Init_FastMode)
    [Anonymous Symbol]                       0x00000bd8   Section        0  fm5114.o(.text.Button_Init_Regcopy)
    __arm_cp.28_1                            0x00000c74   Number         4  fm5114.o(.text.Button_Init_Regcopy)
    __arm_cp.28_2                            0x00000c78   Number         4  fm5114.o(.text.Button_Init_Regcopy)
    __arm_cp.28_3                            0x00000c7c   Number         4  fm5114.o(.text.Button_Init_Regcopy)
    [Anonymous Symbol]                       0x00000cb0   Section        0  interrupts_hc32l021.o(.text.CTIM0_IRQHandler)
    [Anonymous Symbol]                       0x00000cb8   Section        0  interrupts_hc32l021.o(.text.CTIM1_IRQHandler)
    [Anonymous Symbol]                       0x00000cc0   Section        0  interrupts_hc32l021.o(.text.CTRIM_CLKDET_IRQHandler)
    [Anonymous Symbol]                       0x00000cc8   Section        0  interrupts_hc32l021.o(.text.Ctim0_IRQHandler)
    [Anonymous Symbol]                       0x00000cca   Section        0  interrupts_hc32l021.o(.text.Ctim1_IRQHandler)
    [Anonymous Symbol]                       0x00000ccc   Section        0  interrupts_hc32l021.o(.text.Ctrim_Clkdet_IRQHandler)
    [Anonymous Symbol]                       0x00000cd0   Section        0  ddl.o(.text.DDL_Delay100us)
    __arm_cp.3_1                             0x00000d08   Number         4  ddl.o(.text.DDL_Delay100us)
    [Anonymous Symbol]                       0x00000d0c   Section        0  ddl.o(.text.DDL_Delay10us)
    __arm_cp.4_2                             0x00000d44   Number         4  ddl.o(.text.DDL_Delay10us)
    [Anonymous Symbol]                       0x00000d48   Section        0  ddl.o(.text.DDL_Delay1ms)
    __arm_cp.2_0                             0x00000d80   Number         4  ddl.o(.text.DDL_Delay1ms)
    __arm_cp.2_1                             0x00000d84   Number         4  ddl.o(.text.DDL_Delay1ms)
    [Anonymous Symbol]                       0x00000d88   Section        0  ddl.o(.text.DDL_MemoryClear)
    [Anonymous Symbol]                       0x00000d9c   Section        0  interrupts_hc32l021.o(.text.EnableNvic)
    __arm_cp.0_0                             0x00000e14   Number         4  interrupts_hc32l021.o(.text.EnableNvic)
    __arm_cp.0_1                             0x00000e18   Number         4  interrupts_hc32l021.o(.text.EnableNvic)
    __arm_cp.0_2                             0x00000e1c   Number         4  interrupts_hc32l021.o(.text.EnableNvic)
    __arm_cp.0_3                             0x00000e20   Number         4  interrupts_hc32l021.o(.text.EnableNvic)
    [Anonymous Symbol]                       0x00000e24   Section        0  interrupts_hc32l021.o(.text.FLASH_IRQHandler)
    [Anonymous Symbol]                       0x00000e2c   Section        0  reader_api.o(.text.FM5114_Initial_ReaderA)
    __arm_cp.0_0                             0x00000e7c   Number         4  reader_api.o(.text.FM5114_Initial_ReaderA)
    [Anonymous Symbol]                       0x00000e80   Section        0  fm5114.o(.text.FM5114_Reader_Reset)
    __arm_cp.2_0                             0x00000ea8   Number         4  fm5114.o(.text.FM5114_Reader_Reset)
    [Anonymous Symbol]                       0x00000eac   Section        0  fm5114.o(.text.FM5114_Touch_Button_Auto_Tuning)
    __arm_cp.26_11                           0x000011f8   Number         4  fm5114.o(.text.FM5114_Touch_Button_Auto_Tuning)
    __arm_cp.26_1                            0x000019a4   Number         4  fm5114.o(.text.FM5114_Touch_Button_Auto_Tuning)
    __arm_cp.26_2                            0x000019a8   Number         4  fm5114.o(.text.FM5114_Touch_Button_Auto_Tuning)
    __arm_cp.26_3                            0x000019ac   Number         4  fm5114.o(.text.FM5114_Touch_Button_Auto_Tuning)
    __arm_cp.26_4                            0x000019b0   Number         4  fm5114.o(.text.FM5114_Touch_Button_Auto_Tuning)
    [Anonymous Symbol]                       0x000019b4   Section        0  fm5114.o(.text.FM5114_Touch_Calibrate)
    [Anonymous Symbol]                       0x000019ec   Section        0  fm5114.o(.text.FM5114_Touch_Init)
    __arm_cp.30_0                            0x00001c3c   Number         4  fm5114.o(.text.FM5114_Touch_Init)
    __arm_cp.30_2                            0x00001c50   Number         4  fm5114.o(.text.FM5114_Touch_Init)
    [Anonymous Symbol]                       0x00001c60   Section        0  fm5114.o(.text.FM5114_Touch_Reset)
    [Anonymous Symbol]                       0x00001c84   Section        0  fm5114.o(.text.FM5114_Touch_SoftReset)
    [Anonymous Symbol]                       0x00001cb2   Section        0  fm5114.o(.text.FM5114_Touch_Trim_Load)
    [Anonymous Symbol]                       0x00001d14   Section        0  interrupts_hc32l021.o(.text.Flash_IRQHandler)
    [Anonymous Symbol]                       0x00001d18   Section        0  defin.o(.text.GPIO_ExtiInit)
    __arm_cp.0_0                             0x00001d8c   Number         4  defin.o(.text.GPIO_ExtiInit)
    __arm_cp.0_1                             0x00001d90   Number         4  defin.o(.text.GPIO_ExtiInit)
    [Anonymous Symbol]                       0x00001d94   Section        0  gpio.o(.text.GPIO_Init)
    __arm_cp.0_0                             0x00001ed8   Number         4  gpio.o(.text.GPIO_Init)
    [Anonymous Symbol]                       0x00001edc   Section        0  gpio.o(.text.GPIO_IntFlagClear)
    [Anonymous Symbol]                       0x00001ee8   Section        0  gpio.o(.text.GPIO_IntFlagGet)
    [Anonymous Symbol]                       0x00001efa   Section        0  uart.o(.text.GPIO_Read)
    [Anonymous Symbol]                       0x00001f06   Section        0  uart.o(.text.GPIO_ResetBits)
    [Anonymous Symbol]                       0x00001f0e   Section        0  uart.o(.text.GPIO_SetBits)
    [Anonymous Symbol]                       0x00001f16   Section        0  gpio.o(.text.GPIO_StcInit)
    [Anonymous Symbol]                       0x00001f28   Section        0  fm5114.o(.text.GetReg)
    __arm_cp.5_0                             0x00001f74   Number         4  fm5114.o(.text.GetReg)
    [Anonymous Symbol]                       0x00001f78   Section        0  fm5114.o(.text.GetReg_Ext)
    [Anonymous Symbol]                       0x00001f98   Section        0  fm5114.o(.text.Group_Handler)
    [Anonymous Symbol]                       0x00001f9a   Section        0  interrupts_hc32l021.o(.text.HSI2C_IRQHandler)
    [Anonymous Symbol]                       0x00001fa2   Section        0  hsi2c.o(.text.HSI2C_MasterBaudRateSet)
    [Anonymous Symbol]                       0x00002154   Section        0  hsi2c.o(.text.HSI2C_MasterErrorGet)
    [Anonymous Symbol]                       0x00002178   Section        0  hsi2c.o(.text.HSI2C_MasterInit)
    __arm_cp.0_0                             0x000021ec   Number         4  hsi2c.o(.text.HSI2C_MasterInit)
    __arm_cp.0_1                             0x000021f0   Number         4  hsi2c.o(.text.HSI2C_MasterInit)
    [Anonymous Symbol]                       0x000021f4   Section        0  hsi2c.o(.text.HSI2C_MasterMcfgr1Config)
    [Anonymous Symbol]                       0x00002214   Section        0  hsi2c.o(.text.HSI2C_MasterMcfgr2Config)
    __arm_cp.3_0                             0x00002248   Number         4  hsi2c.o(.text.HSI2C_MasterMcfgr2Config)
    __arm_cp.3_1                             0x0000224c   Number         4  hsi2c.o(.text.HSI2C_MasterMcfgr2Config)
    __arm_cp.3_2                             0x00002250   Number         4  hsi2c.o(.text.HSI2C_MasterMcfgr2Config)
    __arm_cp.3_3                             0x00002254   Number         4  hsi2c.o(.text.HSI2C_MasterMcfgr2Config)
    [Anonymous Symbol]                       0x00002258   Section        0  hsi2c.o(.text.HSI2C_MasterStatusMachineRestart)
    __arm_cp.16_1                            0x00002274   Number         4  hsi2c.o(.text.HSI2C_MasterStatusMachineRestart)
    [Anonymous Symbol]                       0x00002278   Section        0  hsi2c.o(.text.HSI2C_MasterStatusMachineRxCmd)
    [Anonymous Symbol]                       0x000022b0   Section        0  hsi2c.o(.text.HSI2C_MasterStatusMachineStart)
    [Anonymous Symbol]                       0x000022ec   Section        0  hsi2c.o(.text.HSI2C_MasterStatusMachineSubAddr)
    [Anonymous Symbol]                       0x00002338   Section        0  hsi2c.o(.text.HSI2C_MasterStatusMachineTrans)
    [Anonymous Symbol]                       0x00002360   Section        0  hsi2c.o(.text.HSI2C_MasterStcInit)
    [Anonymous Symbol]                       0x00002388   Section        0  hsi2c.o(.text.HSI2C_MasterTransferPoll)
    __arm_cp.21_0                            0x000024e0   Number         4  hsi2c.o(.text.HSI2C_MasterTransferPoll)
    __arm_cp.21_1                            0x000024e4   Number         4  hsi2c.o(.text.HSI2C_MasterTransferPoll)
    __arm_cp.21_2                            0x000024e8   Number         4  hsi2c.o(.text.HSI2C_MasterTransferPoll)
    [Anonymous Symbol]                       0x000024ec   Section        0  interrupts_hc32l021.o(.text.HardFault_Handler)
    [Anonymous Symbol]                       0x000024fc   Section        0  interrupts_hc32l021.o(.text.Hsi2c_IRQHandler)
    [Anonymous Symbol]                       0x00002500   Section        0  fm5114.o(.text.I2C_Configure)
    I2C_Configure                            0x00002501   Thumb Code    52  fm5114.o(.text.I2C_Configure)
    __arm_cp.9_0                             0x00002524   Number         4  fm5114.o(.text.I2C_Configure)
    __arm_cp.9_1                             0x00002528   Number         4  fm5114.o(.text.I2C_Configure)
    __arm_cp.9_2                             0x0000252c   Number         4  fm5114.o(.text.I2C_Configure)
    __arm_cp.9_3                             0x00002530   Number         4  fm5114.o(.text.I2C_Configure)
    [Anonymous Symbol]                       0x00002534   Section        0  interrupts_hc32l021.o(.text.IWDT_IRQHandler)
    [Anonymous Symbol]                       0x0000253c   Section        0  interrupts_hc32l021.o(.text.Iwdt_IRQHandler)
    [Anonymous Symbol]                       0x0000253e   Section        0  interrupts_hc32l021.o(.text.LPUART0_IRQHandler)
    [Anonymous Symbol]                       0x00002546   Section        0  interrupts_hc32l021.o(.text.LPUART1_IRQHandler)
    [Anonymous Symbol]                       0x0000254e   Section        0  lpuart.o(.text.LPUART_Init)
    [Anonymous Symbol]                       0x000025b2   Section        0  lpuart.o(.text.LPUART_IntFlagClearAll)
    [Anonymous Symbol]                       0x000025b8   Section        0  lpuart.o(.text.LPUART_StcInit)
    [Anonymous Symbol]                       0x000025d6   Section        0  lpuart.o(.text.LPUART_TransmitPoll)
    [Anonymous Symbol]                       0x00002608   Section        0  interrupts_hc32l021.o(.text.LVD_IRQHandler)
    [Anonymous Symbol]                       0x00002610   Section        0  interrupts_hc32l021.o(.text.LpUart0_IRQHandler)
    [Anonymous Symbol]                       0x00002612   Section        0  interrupts_hc32l021.o(.text.LpUart1_IRQHandler)
    [Anonymous Symbol]                       0x00002614   Section        0  lpcd_api.o(.text.Lpcd_Adc_Event)
    __arm_cp.5_0                             0x000026b8   Number         4  lpcd_api.o(.text.Lpcd_Adc_Event)
    __arm_cp.5_2                             0x000026d4   Number         4  lpcd_api.o(.text.Lpcd_Adc_Event)
    __arm_cp.5_4                             0x000026ec   Number         4  lpcd_api.o(.text.Lpcd_Adc_Event)
    [Anonymous Symbol]                       0x00002744   Section        0  lpcd_api.o(.text.Lpcd_Get_ADC_Value)
    [Anonymous Symbol]                       0x00002790   Section        0  lpcd_api.o(.text.Lpcd_Init_Register)
    __arm_cp.0_0                             0x00002840   Number         4  lpcd_api.o(.text.Lpcd_Init_Register)
    [Anonymous Symbol]                       0x00002874   Section        0  lpcd_api.o(.text.Lpcd_Set_Mode)
    [Anonymous Symbol]                       0x000028a4   Section        0  interrupts_hc32l021.o(.text.Lvd_IRQHandler)
    [Anonymous Symbol]                       0x000028a8   Section        0  mifare.o(.text.Mifare_Auth)
    [Anonymous Symbol]                       0x0000299c   Section        0  mifare.o(.text.Mifare_Blockread)
    [Anonymous Symbol]                       0x00002a34   Section        0  fm5114.o(.text.ModifyReg)
    [Anonymous Symbol]                       0x00002a62   Section        0  interrupts_hc32l021.o(.text.PORTA_IRQHandler)
    [Anonymous Symbol]                       0x00002a6a   Section        0  interrupts_hc32l021.o(.text.PORTB_IRQHandler)
    [Anonymous Symbol]                       0x00002a74   Section        0  main.o(.text.PortA_IRQHandler)
    __arm_cp.1_0                             0x00002ab0   Number         4  main.o(.text.PortA_IRQHandler)
    __arm_cp.1_1                             0x00002ab4   Number         4  main.o(.text.PortA_IRQHandler)
    __arm_cp.1_2                             0x00002ab8   Number         4  main.o(.text.PortA_IRQHandler)
    [Anonymous Symbol]                       0x00002abc   Section        0  interrupts_hc32l021.o(.text.PortB_IRQHandler)
    [Anonymous Symbol]                       0x00002abe   Section        0  interrupts_hc32l021.o(.text.RTC_IRQHandler)
    [Anonymous Symbol]                       0x00002ac8   Section        0  reader_api.o(.text.ReaderA_AntiColl)
    __arm_cp.5_2                             0x00002b90   Number         4  reader_api.o(.text.ReaderA_AntiColl)
    [Anonymous Symbol]                       0x00002b94   Section        0  reader_api.o(.text.ReaderA_CardActivate)
    __arm_cp.7_1                             0x00002be4   Number         4  reader_api.o(.text.ReaderA_CardActivate)
    [Anonymous Symbol]                       0x00002be8   Section        0  reader_api.o(.text.ReaderA_Select)
    __arm_cp.6_0                             0x00002c9c   Number         4  reader_api.o(.text.ReaderA_Select)
    __arm_cp.6_1                             0x00002ca0   Number         4  reader_api.o(.text.ReaderA_Select)
    [Anonymous Symbol]                       0x00002ca4   Section        0  reader_api.o(.text.ReaderA_Wakeup)
    __arm_cp.3_0                             0x00002d30   Number         4  reader_api.o(.text.ReaderA_Wakeup)
    __arm_cp.3_2                             0x00002d48   Number         4  reader_api.o(.text.ReaderA_Wakeup)
    [Anonymous Symbol]                       0x00002d4c   Section        0  interrupts_hc32l021.o(.text.Rtc_IRQHandler)
    [Anonymous Symbol]                       0x00002d4e   Section        0  interrupts_hc32l021.o(.text.SPI_IRQHandler)
    [Anonymous Symbol]                       0x00002d58   Section        0  sysctrl.o(.text.SYSCTRL_ClockInit)
    __arm_cp.0_0                             0x00002dc4   Number         4  sysctrl.o(.text.SYSCTRL_ClockInit)
    __arm_cp.0_5                             0x00002dc8   Number         4  sysctrl.o(.text.SYSCTRL_ClockInit)
    [Anonymous Symbol]                       0x00002dcc   Section        0  sysctrl.o(.text.SYSCTRL_ClockSrcEnable)
    __arm_cp.1_1                             0x00002f00   Number         4  sysctrl.o(.text.SYSCTRL_ClockSrcEnable)
    [Anonymous Symbol]                       0x00002f04   Section        0  sysctrl.o(.text.SYSCTRL_ClockStcInit)
    [Anonymous Symbol]                       0x00002f0c   Section        0  sysctrl.o(.text.SYSCTRL_HclkFreqGet)
    __arm_cp.5_0                             0x00002f78   Number         4  sysctrl.o(.text.SYSCTRL_HclkFreqGet)
    __arm_cp.5_1                             0x00002f7c   Number         4  sysctrl.o(.text.SYSCTRL_HclkFreqGet)
    __arm_cp.5_2                             0x00002f80   Number         4  sysctrl.o(.text.SYSCTRL_HclkFreqGet)
    __arm_cp.5_3                             0x00002f84   Number         4  sysctrl.o(.text.SYSCTRL_HclkFreqGet)
    [Anonymous Symbol]                       0x00002f98   Section        0  sysctrl.o(.text.SYSCTRL_PeriphClockEnable)
    __arm_cp.17_0                            0x00002fb4   Number         4  sysctrl.o(.text.SYSCTRL_PeriphClockEnable)
    [Anonymous Symbol]                       0x00002fb8   Section        0  sysctrl.o(.text.SYSCTRL_SysClockSwitch)
    __arm_cp.2_0                             0x00003048   Number         4  sysctrl.o(.text.SYSCTRL_SysClockSwitch)
    __arm_cp.2_1                             0x0000304c   Number         4  sysctrl.o(.text.SYSCTRL_SysClockSwitch)
    __arm_cp.2_2                             0x00003050   Number         4  sysctrl.o(.text.SYSCTRL_SysClockSwitch)
    __arm_cp.2_3                             0x00003054   Number         4  sysctrl.o(.text.SYSCTRL_SysClockSwitch)
    [Anonymous Symbol]                       0x00003058   Section        0  fm5114.o(.text.Scan_Start)
    [Anonymous Symbol]                       0x00003080   Section        0  fm5114.o(.text.SetCW)
    [Anonymous Symbol]                       0x000030e8   Section        0  fm5114.o(.text.SetReg)
    [Anonymous Symbol]                       0x00003114   Section        0  fm5114.o(.text.SetReg_Ext)
    [Anonymous Symbol]                       0x00003136   Section        0  interrupts_hc32l021.o(.text.Spi_IRQHandler)
    [Anonymous Symbol]                       0x00003138   Section        0  interrupts_hc32l021.o(.text.SysTick_Handler)
    [Anonymous Symbol]                       0x00003140   Section        0  interrupts_hc32l021.o(.text.SysTick_IRQHandler)
    [Anonymous Symbol]                       0x00003144   Section        0  system_hc32l021.o(.text.SystemCoreClockUpdate)
    __arm_cp.0_0                             0x00003150   Number         4  system_hc32l021.o(.text.SystemCoreClockUpdate)
    [Anonymous Symbol]                       0x00003154   Section        0  system_hc32l021.o(.text.SystemInit)
    __arm_cp.1_0                             0x00003188   Number         4  system_hc32l021.o(.text.SystemInit)
    __arm_cp.1_1                             0x0000318c   Number         4  system_hc32l021.o(.text.SystemInit)
    __arm_cp.1_2                             0x00003190   Number         4  system_hc32l021.o(.text.SystemInit)
    __arm_cp.1_3                             0x00003194   Number         4  system_hc32l021.o(.text.SystemInit)
    __arm_cp.1_4                             0x00003198   Number         4  system_hc32l021.o(.text.SystemInit)
    __arm_cp.1_5                             0x0000319c   Number         4  system_hc32l021.o(.text.SystemInit)
    __arm_cp.1_6                             0x000031a0   Number         4  system_hc32l021.o(.text.SystemInit)
    [Anonymous Symbol]                       0x000031a4   Section        0  lpcd_api.o(.text.TYPE_A_EVENT)
    __arm_cp.8_2                             0x00003274   Number         4  lpcd_api.o(.text.TYPE_A_EVENT)
    __arm_cp.8_4                             0x00003288   Number         4  lpcd_api.o(.text.TYPE_A_EVENT)
    __arm_cp.8_5                             0x0000328c   Number         4  lpcd_api.o(.text.TYPE_A_EVENT)
    __arm_cp.8_8                             0x000032b4   Number         4  lpcd_api.o(.text.TYPE_A_EVENT)
    __arm_cp.8_10                            0x000032cc   Number         4  lpcd_api.o(.text.TYPE_A_EVENT)
    [Anonymous Symbol]                       0x000032e8   Section        0  fm5114.o(.text.TrimLoad_PowerOff)
    [Anonymous Symbol]                       0x0000331c   Section        0  fm5114.o(.text.TrimLoad_PowerOn)
    [Anonymous Symbol]                       0x0000334a   Section        0  interrupts_hc32l021.o(.text.VC0_IRQHandler)
    [Anonymous Symbol]                       0x00003352   Section        0  interrupts_hc32l021.o(.text.VC1_IRQHandler)
    [Anonymous Symbol]                       0x0000335a   Section        0  interrupts_hc32l021.o(.text.Vc0_IRQHandler)
    [Anonymous Symbol]                       0x0000335c   Section        0  interrupts_hc32l021.o(.text.Vc1_IRQHandler)
    [Anonymous Symbol]                       0x00003360   Section        0  fm5114.o(.text.i2c_init)
    __arm_cp.1_0                             0x000033b0   Number         4  fm5114.o(.text.i2c_init)
    __arm_cp.1_1                             0x000033b4   Number         4  fm5114.o(.text.i2c_init)
    __arm_cp.1_2                             0x000033b8   Number         4  fm5114.o(.text.i2c_init)
    __arm_cp.1_3                             0x000033bc   Number         4  fm5114.o(.text.i2c_init)
    __arm_cp.1_4                             0x000033c0   Number         4  fm5114.o(.text.i2c_init)
    [Anonymous Symbol]                       0x000033d4   Section        0  uart.o(.text.log_num)
    log_num                                  0x000033d5   Thumb Code   268  uart.o(.text.log_num)
    __arm_cp.5_0                             0x000034d0   Number         4  uart.o(.text.log_num)
    [Anonymous Symbol]                       0x000034e0   Section        0  uart.o(.text.log_printf)
    __arm_cp.4_0                             0x0000359c   Number         4  uart.o(.text.log_printf)
    [Anonymous Symbol]                       0x000035a0   Section        0  main.o(.text.main)
    __arm_cp.0_49                            0x000036fc   Number         4  main.o(.text.main)
    __arm_cp.0_51                            0x00003718   Number         4  main.o(.text.main)
    __arm_cp.0_58                            0x0000375c   Number         4  main.o(.text.main)
    __arm_cp.0_59                            0x00003b00   Number         4  main.o(.text.main)
    __arm_cp.0_62                            0x00003b2c   Number         4  main.o(.text.main)
    __arm_cp.0_63                            0x00003b30   Number         4  main.o(.text.main)
    __arm_cp.0_64                            0x00003b34   Number         4  main.o(.text.main)
    __arm_cp.0_65                            0x00003b38   Number         4  main.o(.text.main)
    __arm_cp.0_66                            0x00003b3c   Number         4  main.o(.text.main)
    __arm_cp.0_1                             0x00003c74   Number         4  main.o(.text.main)
    __arm_cp.0_2                             0x00003c78   Number         4  main.o(.text.main)
    __arm_cp.0_7                             0x00003c7c   Number         4  main.o(.text.main)
    __arm_cp.0_10                            0x00003c80   Number         4  main.o(.text.main)
    __arm_cp.0_11                            0x00003c84   Number         4  main.o(.text.main)
    __arm_cp.0_12                            0x00003c88   Number         4  main.o(.text.main)
    __arm_cp.0_22                            0x00003c8c   Number         4  main.o(.text.main)
    __arm_cp.0_23                            0x00003c90   Number         4  main.o(.text.main)
    __arm_cp.0_24                            0x00003c94   Number         4  main.o(.text.main)
    __arm_cp.0_25                            0x00003c98   Number         4  main.o(.text.main)
    __arm_cp.0_26                            0x00003c9c   Number         4  main.o(.text.main)
    __arm_cp.0_27                            0x00003ca0   Number         4  main.o(.text.main)
    __arm_cp.0_28                            0x00003ca4   Number         4  main.o(.text.main)
    __arm_cp.0_29                            0x00003ca8   Number         4  main.o(.text.main)
    __arm_cp.0_30                            0x00003cac   Number         4  main.o(.text.main)
    __arm_cp.0_31                            0x00003cb0   Number         4  main.o(.text.main)
    __arm_cp.0_32                            0x00003cb4   Number         4  main.o(.text.main)
    __arm_cp.0_33                            0x00003cb8   Number         4  main.o(.text.main)
    __arm_cp.0_34                            0x00003cbc   Number         4  main.o(.text.main)
    __arm_cp.0_35                            0x00003cc0   Number         4  main.o(.text.main)
    __arm_cp.0_36                            0x00003cc4   Number         4  main.o(.text.main)
    __arm_cp.0_37                            0x00003cc8   Number         4  main.o(.text.main)
    __arm_cp.0_38                            0x00003ccc   Number         4  main.o(.text.main)
    __arm_cp.0_39                            0x00003cd0   Number         4  main.o(.text.main)
    __arm_cp.0_40                            0x00003cd4   Number         4  main.o(.text.main)
    __arm_cp.0_41                            0x00003cd8   Number         4  main.o(.text.main)
    __arm_cp.0_42                            0x00003cdc   Number         4  main.o(.text.main)
    __arm_cp.0_43                            0x00003ce0   Number         4  main.o(.text.main)
    __arm_cp.0_44                            0x00003ce4   Number         4  main.o(.text.main)
    [Anonymous Symbol]                       0x00003ce8   Section        0  uart.o(.text.uart_init)
    __arm_cp.3_0                             0x00003d8c   Number         4  uart.o(.text.uart_init)
    __arm_cp.3_1                             0x00003d90   Number         4  uart.o(.text.uart_init)
    i.__funder_d                             0x00003d94   Section        0  funder.o(i.__funder_d)
    x$fpl$fadd                               0x00003e14   Section      312  faddsub.o(x$fpl$fadd)
    _fadd1                                   0x00003e35   Thumb Code     0  faddsub.o(x$fpl$fadd)
    fadd_denorm                              0x00003f0b   Thumb Code     0  faddsub.o(x$fpl$fadd)
    x$fpl$fsub                               0x00003f4c   Section      372  faddsub.o(x$fpl$fsub)
    _fsub1                                   0x00003f6d   Thumb Code     0  faddsub.o(x$fpl$fsub)
    fsub_naninf                              0x00003fad   Thumb Code     4  faddsub.o(x$fpl$fsub)
    fsub_zerodenorm0                         0x00003fb1   Thumb Code     4  faddsub.o(x$fpl$fsub)
    fsub_zerodenorm                          0x00003fb5   Thumb Code     4  faddsub.o(x$fpl$fsub)
    fsub_diffsame                            0x00004013   Thumb Code     0  faddsub.o(x$fpl$fsub)
    fsub_denorm                              0x00004099   Thumb Code     0  faddsub.o(x$fpl$fsub)
    .constdata                               0x000040c0   Section       64  fdiv.o(.constdata)
    x$fpl$usenofp                            0x000040c0   Section        0  usenofp.o(x$fpl$usenofp)
    fdiv_tab                                 0x000040c0   Data          64  fdiv.o(.constdata)
    [Anonymous Symbol]                       0x00004100   Section        0  main.o(.rodata.str1.1)
    .L.str.33                                0x00004100   Data          18  main.o(.rodata.str1.1)
    .L.str.23                                0x00004112   Data          17  main.o(.rodata.str1.1)
    .L.str.34                                0x00004123   Data          18  main.o(.rodata.str1.1)
    .L.str.24                                0x00004135   Data          17  main.o(.rodata.str1.1)
    .L.str.35                                0x00004146   Data          18  main.o(.rodata.str1.1)
    .L.str.25                                0x00004158   Data          17  main.o(.rodata.str1.1)
    .L.str.36                                0x00004169   Data          18  main.o(.rodata.str1.1)
    .L.str.26                                0x0000417b   Data          17  main.o(.rodata.str1.1)
    .L.str.27                                0x0000418c   Data          17  main.o(.rodata.str1.1)
    .L.str.28                                0x0000419d   Data          17  main.o(.rodata.str1.1)
    .L.str.29                                0x000041ae   Data          17  main.o(.rodata.str1.1)
    .L.str.30                                0x000041bf   Data          17  main.o(.rodata.str1.1)
    .L.str.31                                0x000041d0   Data          17  main.o(.rodata.str1.1)
    .L.str.32                                0x000041e1   Data          17  main.o(.rodata.str1.1)
    .L.str.19                                0x000041f2   Data          19  main.o(.rodata.str1.1)
    .L.str.20                                0x00004205   Data          19  main.o(.rodata.str1.1)
    .L.str.21                                0x00004218   Data          19  main.o(.rodata.str1.1)
    .L.str.11                                0x0000422b   Data          18  main.o(.rodata.str1.1)
    .L.str.22                                0x0000423d   Data          19  main.o(.rodata.str1.1)
    .L.str.12                                0x00004250   Data          18  main.o(.rodata.str1.1)
    .L.str.13                                0x00004262   Data          18  main.o(.rodata.str1.1)
    .L.str.14                                0x00004274   Data          18  main.o(.rodata.str1.1)
    .L.str.15                                0x00004286   Data          18  main.o(.rodata.str1.1)
    .L.str.16                                0x00004298   Data          18  main.o(.rodata.str1.1)
    .L.str.17                                0x000042aa   Data          18  main.o(.rodata.str1.1)
    .L.str.18                                0x000042bc   Data          18  main.o(.rodata.str1.1)
    .L.str.8                                 0x000042ce   Data          14  main.o(.rodata.str1.1)
    .L.str.1                                 0x000042dc   Data          31  main.o(.rodata.str1.1)
    .L.str                                   0x000042fb   Data          31  main.o(.rodata.str1.1)
    .L.str.7                                 0x0000431a   Data          26  main.o(.rodata.str1.1)
    .L.str.3                                 0x00004331   Data           3  main.o(.rodata.str1.1)
    [Anonymous Symbol]                       0x00004334   Section        0  reader_api.o(.rodata.str1.1)
    .L.str.2                                 0x00004334   Data          31  reader_api.o(.rodata.str1.1)
    [Anonymous Symbol]                       0x20000000   Section        0  fm5114.o(.data..L_MergedGlobals)
    [Anonymous Symbol]                       0x20000070   Section        0  fm5114.o(.data..L_MergedGlobals.28)
    [Anonymous Symbol]                       0x200000e0   Section        0  fm5114.o(.data..L_MergedGlobals.29)
    .bss                                     0x20000280   Section       96  libspace.o(.bss)
    [Anonymous Symbol]                       0x200002e0   Section        0  hsi2c.o(.bss..L_MergedGlobals)
    [Anonymous Symbol]                       0x20000330   Section        0  hsi2c.o(.bss..L_MergedGlobals.1)
    [Anonymous Symbol]                       0x200003ca   Section        0  fm5114.o(.bss.i2cInitialized)
    i2cInitialized                           0x200003ca   Data           1  fm5114.o(.bss.i2cInitialized)
    STACK                                    0x200003d0   Section     1024  startup_hc32l021.o(STACK)

    Global Symbols

    Symbol Name                              Value     Ov Type        Size  Object(Section)

    BuildAttributes$$THM_ISAv3M$S$PE$A:L22$X:L11$S22$IEEE1$IW$~IW$USESV6$~STKCKD$USESV7$WCHAR32$ENUMINT$~SHL$OSPACE$ROPI$IEEEF$EBA8$UX$MICROLIB$REQ8$PRES8$EABIv2 0x00000000   Number         0  anon$$obj.o ABSOLUTE
    __Vectors                                0x00000000   Data           0  startup_hc32l021.o(RESET)
    Image$$ZI$$Limit                          - Undefined Weak Reference
    __ARM_exceptions_init                     - Undefined Weak Reference
    __alloca_initialize                       - Undefined Weak Reference
    __arm_preinit_                            - Undefined Weak Reference
    __cpp_initialize__aeabi_                  - Undefined Weak Reference
    __cxa_finalize                            - Undefined Weak Reference
    __rt_locale                               - Undefined Weak Reference
    __sigvec_lookup                           - Undefined Weak Reference
    _atexit_init                              - Undefined Weak Reference
    _call_atexit_fns                          - Undefined Weak Reference
    _clock_init                               - Undefined Weak Reference
    _fp_trap_big                              - Undefined Weak Reference
    _fp_trap_init                             - Undefined Weak Reference
    _fp_trap_shutdown                         - Undefined Weak Reference
    _get_lc_collate                           - Undefined Weak Reference
    _get_lc_ctype                             - Undefined Weak Reference
    _get_lc_monetary                          - Undefined Weak Reference
    _get_lc_numeric                           - Undefined Weak Reference
    _get_lc_time                              - Undefined Weak Reference
    _getenv_init                              - Undefined Weak Reference
    _handle_redirection                       - Undefined Weak Reference
    _init_alloc                               - Undefined Weak Reference
    _init_user_alloc                          - Undefined Weak Reference
    _initio                                   - Undefined Weak Reference
    _rand_init                                - Undefined Weak Reference
    _signal_finish                            - Undefined Weak Reference
    _signal_init                              - Undefined Weak Reference
    _terminate_alloc                          - Undefined Weak Reference
    _terminate_user_alloc                     - Undefined Weak Reference
    _terminateio                              - Undefined Weak Reference
    __Vectors_End                            0x000000c0   Data           0  startup_hc32l021.o(RESET)
    __Vectors_Size                           0x000000c0   Number         0  startup_hc32l021.o ABSOLUTE
    __main                                   0x000000c1   Thumb Code     8  __main.o(!!!main)
    __scatterload                            0x000000c9   Thumb Code     0  __scatter.o(!!!scatter)
    __scatterload_rt2                        0x000000c9   Thumb Code    52  __scatter.o(!!!scatter)
    __scatterload_rt2_thumb_only             0x000000c9   Thumb Code     0  __scatter.o(!!!scatter)
    __scatterload_null                       0x000000d9   Thumb Code     0  __scatter.o(!!!scatter)
    __scatterload_zeroinit                   0x00000105   Thumb Code    28  __scatter_zi.o(!!handler_zi)
    __rt_lib_init                            0x00000121   Thumb Code     0  libinit.o(.ARM.Collect$$libinit$$00000000)
    __rt_lib_init_fp_1                       0x00000123   Thumb Code     0  libinit2.o(.ARM.Collect$$libinit$$00000001)
    __rt_lib_init_alloca_1                   0x00000127   Thumb Code     0  libinit2.o(.ARM.Collect$$libinit$$0000002E)
    __rt_lib_init_argv_1                     0x00000127   Thumb Code     0  libinit2.o(.ARM.Collect$$libinit$$0000002C)
    __rt_lib_init_atexit_1                   0x00000127   Thumb Code     0  libinit2.o(.ARM.Collect$$libinit$$0000001B)
    __rt_lib_init_clock_1                    0x00000127   Thumb Code     0  libinit2.o(.ARM.Collect$$libinit$$00000021)
    __rt_lib_init_cpp_1                      0x00000127   Thumb Code     0  libinit2.o(.ARM.Collect$$libinit$$00000032)
    __rt_lib_init_exceptions_1               0x00000127   Thumb Code     0  libinit2.o(.ARM.Collect$$libinit$$00000030)
    __rt_lib_init_fp_trap_1                  0x00000127   Thumb Code     0  libinit2.o(.ARM.Collect$$libinit$$0000001F)
    __rt_lib_init_getenv_1                   0x00000127   Thumb Code     0  libinit2.o(.ARM.Collect$$libinit$$00000023)
    __rt_lib_init_heap_1                     0x00000127   Thumb Code     0  libinit2.o(.ARM.Collect$$libinit$$0000000A)
    __rt_lib_init_lc_collate_1               0x00000127   Thumb Code     0  libinit2.o(.ARM.Collect$$libinit$$00000011)
    __rt_lib_init_lc_ctype_1                 0x00000127   Thumb Code     0  libinit2.o(.ARM.Collect$$libinit$$00000013)
    __rt_lib_init_lc_monetary_1              0x00000127   Thumb Code     0  libinit2.o(.ARM.Collect$$libinit$$00000015)
    __rt_lib_init_lc_numeric_1               0x00000127   Thumb Code     0  libinit2.o(.ARM.Collect$$libinit$$00000017)
    __rt_lib_init_lc_time_1                  0x00000127   Thumb Code     0  libinit2.o(.ARM.Collect$$libinit$$00000019)
    __rt_lib_init_preinit_1                  0x00000127   Thumb Code     0  libinit2.o(.ARM.Collect$$libinit$$00000004)
    __rt_lib_init_rand_1                     0x00000127   Thumb Code     0  libinit2.o(.ARM.Collect$$libinit$$0000000E)
    __rt_lib_init_return                     0x00000127   Thumb Code     0  libinit2.o(.ARM.Collect$$libinit$$00000033)
    __rt_lib_init_signal_1                   0x00000127   Thumb Code     0  libinit2.o(.ARM.Collect$$libinit$$0000001D)
    __rt_lib_init_stdio_1                    0x00000127   Thumb Code     0  libinit2.o(.ARM.Collect$$libinit$$00000025)
    __rt_lib_init_user_alloc_1               0x00000127   Thumb Code     0  libinit2.o(.ARM.Collect$$libinit$$0000000C)
    __rt_lib_shutdown                        0x00000129   Thumb Code     0  libshutdown.o(.ARM.Collect$$libshutdown$$00000000)
    __rt_lib_shutdown_cpp_1                  0x0000012b   Thumb Code     0  libshutdown2.o(.ARM.Collect$$libshutdown$$00000002)
    __rt_lib_shutdown_fp_trap_1              0x0000012b   Thumb Code     0  libshutdown2.o(.ARM.Collect$$libshutdown$$00000007)
    __rt_lib_shutdown_heap_1                 0x0000012b   Thumb Code     0  libshutdown2.o(.ARM.Collect$$libshutdown$$0000000F)
    __rt_lib_shutdown_return                 0x0000012b   Thumb Code     0  libshutdown2.o(.ARM.Collect$$libshutdown$$00000010)
    __rt_lib_shutdown_signal_1               0x0000012b   Thumb Code     0  libshutdown2.o(.ARM.Collect$$libshutdown$$0000000A)
    __rt_lib_shutdown_stdio_1                0x0000012b   Thumb Code     0  libshutdown2.o(.ARM.Collect$$libshutdown$$00000004)
    __rt_lib_shutdown_user_alloc_1           0x0000012b   Thumb Code     0  libshutdown2.o(.ARM.Collect$$libshutdown$$0000000C)
    __rt_entry                               0x0000012d   Thumb Code     0  __rtentry.o(.ARM.Collect$$rtentry$$00000000)
    __rt_entry_presh_1                       0x0000012d   Thumb Code     0  __rtentry2.o(.ARM.Collect$$rtentry$$00000002)
    __rt_entry_sh                            0x0000012d   Thumb Code     0  __rtentry5.o(.ARM.Collect$$rtentry$$00000005)
    __rt_entry_li                            0x00000131   Thumb Code     0  __rtentry2.o(.ARM.Collect$$rtentry$$0000000A)
    __rt_entry_postsh_1                      0x00000131   Thumb Code     0  __rtentry2.o(.ARM.Collect$$rtentry$$00000009)
    __rt_entry_main                          0x00000135   Thumb Code     0  __rtentry2.o(.ARM.Collect$$rtentry$$0000000D)
    __rt_entry_postli_1                      0x00000135   Thumb Code     0  __rtentry2.o(.ARM.Collect$$rtentry$$0000000C)
    __rt_exit                                0x00000141   Thumb Code     0  rtexit.o(.ARM.Collect$$rtexit$$00000000)
    __rt_exit_ls                             0x00000143   Thumb Code     0  rtexit2.o(.ARM.Collect$$rtexit$$00000003)
    __rt_exit_prels_1                        0x00000143   Thumb Code     0  rtexit2.o(.ARM.Collect$$rtexit$$00000002)
    __rt_exit_exit                           0x00000147   Thumb Code     0  rtexit2.o(.ARM.Collect$$rtexit$$00000004)
    Reset_Handler                            0x0000014d   Thumb Code    26  startup_hc32l021.o(.text)
    NMI_Handler                              0x00000167   Thumb Code     2  startup_hc32l021.o(.text)
    SVC_Handler                              0x0000016b   Thumb Code     2  startup_hc32l021.o(.text)
    PendSV_Handler                           0x0000016d   Thumb Code     2  startup_hc32l021.o(.text)
    _memset_w                                0x00000189   Thumb Code    26  rt_memclr.o(.text)
    _memset                                  0x000001a3   Thumb Code    30  rt_memclr.o(.text)
    __aeabi_memclr                           0x000001c1   Thumb Code     4  rt_memclr.o(.text)
    __rt_memclr                              0x000001c1   Thumb Code     0  rt_memclr.o(.text)
    __aeabi_memclr4                          0x000001c5   Thumb Code     0  rt_memclr.o(.text)
    __aeabi_memclr8                          0x000001c5   Thumb Code     0  rt_memclr.o(.text)
    __rt_memclr_w                            0x000001c5   Thumb Code     4  rt_memclr.o(.text)
    __aeabi_uidiv                            0x000001c9   Thumb Code     0  aeabi_sdiv.o(.text)
    __aeabi_uidivmod                         0x000001c9   Thumb Code    20  aeabi_sdiv.o(.text)
    __aeabi_idiv                             0x000001dd   Thumb Code     0  aeabi_sdiv.o(.text)
    __aeabi_idivmod                          0x000001dd   Thumb Code   326  aeabi_sdiv.o(.text)
    __aeabi_fdiv                             0x00000325   Thumb Code     0  fdiv.o(.text)
    _fdiv                                    0x00000325   Thumb Code   384  fdiv.o(.text)
    _frdiv                                   0x000004a5   Thumb Code     8  fdiv.o(.text)
    __aeabi_f2uiz                            0x000004bd   Thumb Code     0  ffixui.o(.text)
    _ffixu                                   0x000004bd   Thumb Code    62  ffixui.o(.text)
    __aeabi_i2f_normalise                    0x00000509   Thumb Code    72  fflti.o(.text)
    __aeabi_i2f                              0x00000551   Thumb Code    16  fflti.o(.text)
    _fflt                                    0x00000551   Thumb Code     0  fflti.o(.text)
    __aeabi_ui2f                             0x00000561   Thumb Code     6  fflti.o(.text)
    _ffltu                                   0x00000561   Thumb Code     0  fflti.o(.text)
    __fpl_exception                          0x00000569   Thumb Code   332  except.o(.text)
    __fpl_fcheck_NaN2                        0x000006c5   Thumb Code    60  fnan2.o(.text)
    __fpl_normalise2                         0x00000701   Thumb Code   140  fnorm2.o(.text)
    __funder                                 0x00000799   Thumb Code   206  funder.o(.text)
    __rt_fp_status_addr                      0x00000869   Thumb Code     8  rt_fp_status_addr_intlibspace.o(.text)
    _fp_trap                                 0x00000871   Thumb Code    46  _fptrap.o(.text)
    __fpl_cmpreturn                          0x000008a5   Thumb Code    52  cmpret.o(.text)
    __fpl_return_NaN                         0x000008d9   Thumb Code   148  retnan.o(.text)
    exit                                     0x00000971   Thumb Code    16  exit.o(.text)
    __rt_SIGFPE                              0x00000981   Thumb Code    12  defsig_fpe_outer.o(.text)
    __sig_exit                               0x0000098d   Thumb Code    12  defsig_exit.o(.text)
    __rt_SIGFPE_inner                        0x00000999   Thumb Code    62  defsig_fpe_inner.o(.text)
    _sys_exit                                0x00000a45   Thumb Code     8  sys_exit.o(.text)
    __I$use$semihosting                      0x00000a51   Thumb Code     0  use_no_semi.o(.text)
    __use_no_semihosting_swi                 0x00000a51   Thumb Code     2  use_no_semi.o(.text)
    __default_signal_display                 0x00000a53   Thumb Code    52  defsig_general.o(.text)
    __semihosting_library_function           0x00000a53   Thumb Code     0  indicate_semi.o(.text)
    _fp_init                                 0x00000a87   Thumb Code    12  fpinit.o(.text)
    _ttywrch                                 0x00000a93   Thumb Code    12  sys_wrch.o(.text)
    __decompress                             0x00000a9f   Thumb Code     0  __dclz77c.o(.text)
    __decompress2                            0x00000a9f   Thumb Code    96  __dclz77c.o(.text)
    main                                     0x00000aff   Thumb Code    14  system_hc32l021.o(.text.$Sub$$main)
    ADC_IRQHandler                           0x00000b0d   Thumb Code     8  interrupts_hc32l021.o(.text.ADC_IRQHandler)
    ATIM3_IRQHandler                         0x00000b15   Thumb Code     8  interrupts_hc32l021.o(.text.ATIM3_IRQHandler)
    Adc_IRQHandler                           0x00000b1d   Thumb Code     2  interrupts_hc32l021.o(.text.Adc_IRQHandler)
    Atim3_IRQHandler                         0x00000b1f   Thumb Code     2  interrupts_hc32l021.o(.text.Atim3_IRQHandler)
    Button_Init_FastMode                     0x00000b21   Thumb Code   192  fm5114.o(.text.Button_Init_FastMode)
    Button_Init_Regcopy                      0x00000bd9   Thumb Code   216  fm5114.o(.text.Button_Init_Regcopy)
    CTIM0_IRQHandler                         0x00000cb1   Thumb Code     8  interrupts_hc32l021.o(.text.CTIM0_IRQHandler)
    CTIM1_IRQHandler                         0x00000cb9   Thumb Code     8  interrupts_hc32l021.o(.text.CTIM1_IRQHandler)
    CTRIM_CLKDET_IRQHandler                  0x00000cc1   Thumb Code     8  interrupts_hc32l021.o(.text.CTRIM_CLKDET_IRQHandler)
    Ctim0_IRQHandler                         0x00000cc9   Thumb Code     2  interrupts_hc32l021.o(.text.Ctim0_IRQHandler)
    Ctim1_IRQHandler                         0x00000ccb   Thumb Code     2  interrupts_hc32l021.o(.text.Ctim1_IRQHandler)
    Ctrim_Clkdet_IRQHandler                  0x00000ccd   Thumb Code     2  interrupts_hc32l021.o(.text.Ctrim_Clkdet_IRQHandler)
    DDL_Delay100us                           0x00000cd1   Thumb Code    68  ddl.o(.text.DDL_Delay100us)
    DDL_Delay10us                            0x00000d0d   Thumb Code    68  ddl.o(.text.DDL_Delay10us)
    DDL_Delay1ms                             0x00000d49   Thumb Code    64  ddl.o(.text.DDL_Delay1ms)
    DDL_MemoryClear                          0x00000d89   Thumb Code    20  ddl.o(.text.DDL_MemoryClear)
    EnableNvic                               0x00000d9d   Thumb Code   136  interrupts_hc32l021.o(.text.EnableNvic)
    FLASH_IRQHandler                         0x00000e25   Thumb Code     8  interrupts_hc32l021.o(.text.FLASH_IRQHandler)
    FM5114_Initial_ReaderA                   0x00000e2d   Thumb Code    84  reader_api.o(.text.FM5114_Initial_ReaderA)
    FM5114_Reader_Reset                      0x00000e81   Thumb Code    44  fm5114.o(.text.FM5114_Reader_Reset)
    FM5114_Touch_Button_Auto_Tuning          0x00000ead   Thumb Code  2824  fm5114.o(.text.FM5114_Touch_Button_Auto_Tuning)
    FM5114_Touch_Calibrate                   0x000019b5   Thumb Code    54  fm5114.o(.text.FM5114_Touch_Calibrate)
    FM5114_Touch_Init                        0x000019ed   Thumb Code   628  fm5114.o(.text.FM5114_Touch_Init)
    FM5114_Touch_Reset                       0x00001c61   Thumb Code    40  fm5114.o(.text.FM5114_Touch_Reset)
    FM5114_Touch_SoftReset                   0x00001c85   Thumb Code    46  fm5114.o(.text.FM5114_Touch_SoftReset)
    FM5114_Touch_Trim_Load                   0x00001cb3   Thumb Code    98  fm5114.o(.text.FM5114_Touch_Trim_Load)
    Flash_IRQHandler                         0x00001d15   Thumb Code     2  interrupts_hc32l021.o(.text.Flash_IRQHandler)
    GPIO_ExtiInit                            0x00001d19   Thumb Code   124  defin.o(.text.GPIO_ExtiInit)
    GPIO_Init                                0x00001d95   Thumb Code   328  gpio.o(.text.GPIO_Init)
    GPIO_IntFlagClear                        0x00001edd   Thumb Code    12  gpio.o(.text.GPIO_IntFlagClear)
    GPIO_IntFlagGet                          0x00001ee9   Thumb Code    18  gpio.o(.text.GPIO_IntFlagGet)
    GPIO_Read                                0x00001efb   Thumb Code    12  uart.o(.text.GPIO_Read)
    GPIO_ResetBits                           0x00001f07   Thumb Code     8  uart.o(.text.GPIO_ResetBits)
    GPIO_SetBits                             0x00001f0f   Thumb Code     8  uart.o(.text.GPIO_SetBits)
    GPIO_StcInit                             0x00001f17   Thumb Code    16  gpio.o(.text.GPIO_StcInit)
    GetReg                                   0x00001f29   Thumb Code    80  fm5114.o(.text.GetReg)
    GetReg_Ext                               0x00001f79   Thumb Code    32  fm5114.o(.text.GetReg_Ext)
    Group_Handler                            0x00001f99   Thumb Code     2  fm5114.o(.text.Group_Handler)
    HSI2C_IRQHandler                         0x00001f9b   Thumb Code     8  interrupts_hc32l021.o(.text.HSI2C_IRQHandler)
    HSI2C_MasterBaudRateSet                  0x00001fa3   Thumb Code   434  hsi2c.o(.text.HSI2C_MasterBaudRateSet)
    HSI2C_MasterErrorGet                     0x00002155   Thumb Code    36  hsi2c.o(.text.HSI2C_MasterErrorGet)
    HSI2C_MasterInit                         0x00002179   Thumb Code   124  hsi2c.o(.text.HSI2C_MasterInit)
    HSI2C_MasterMcfgr1Config                 0x000021f5   Thumb Code    30  hsi2c.o(.text.HSI2C_MasterMcfgr1Config)
    HSI2C_MasterMcfgr2Config                 0x00002215   Thumb Code    68  hsi2c.o(.text.HSI2C_MasterMcfgr2Config)
    HSI2C_MasterStatusMachineRestart         0x00002259   Thumb Code    40  hsi2c.o(.text.HSI2C_MasterStatusMachineRestart)
    HSI2C_MasterStatusMachineRxCmd           0x00002279   Thumb Code    64  hsi2c.o(.text.HSI2C_MasterStatusMachineRxCmd)
    HSI2C_MasterStatusMachineStart           0x000022b1   Thumb Code    68  hsi2c.o(.text.HSI2C_MasterStatusMachineStart)
    HSI2C_MasterStatusMachineSubAddr         0x000022ed   Thumb Code    84  hsi2c.o(.text.HSI2C_MasterStatusMachineSubAddr)
    HSI2C_MasterStatusMachineTrans           0x00002339   Thumb Code    48  hsi2c.o(.text.HSI2C_MasterStatusMachineTrans)
    HSI2C_MasterStcInit                      0x00002361   Thumb Code    40  hsi2c.o(.text.HSI2C_MasterStcInit)
    HSI2C_MasterTransferPoll                 0x00002389   Thumb Code   356  hsi2c.o(.text.HSI2C_MasterTransferPoll)
    HardFault_Handler                        0x000024ed   Thumb Code    16  interrupts_hc32l021.o(.text.HardFault_Handler)
    Hsi2c_IRQHandler                         0x000024fd   Thumb Code     2  interrupts_hc32l021.o(.text.Hsi2c_IRQHandler)
    IWDT_IRQHandler                          0x00002535   Thumb Code     8  interrupts_hc32l021.o(.text.IWDT_IRQHandler)
    Iwdt_IRQHandler                          0x0000253d   Thumb Code     2  interrupts_hc32l021.o(.text.Iwdt_IRQHandler)
    LPUART0_IRQHandler                       0x0000253f   Thumb Code     8  interrupts_hc32l021.o(.text.LPUART0_IRQHandler)
    LPUART1_IRQHandler                       0x00002547   Thumb Code     8  interrupts_hc32l021.o(.text.LPUART1_IRQHandler)
    LPUART_Init                              0x0000254f   Thumb Code   100  lpuart.o(.text.LPUART_Init)
    LPUART_IntFlagClearAll                   0x000025b3   Thumb Code     6  lpuart.o(.text.LPUART_IntFlagClearAll)
    LPUART_StcInit                           0x000025b9   Thumb Code    30  lpuart.o(.text.LPUART_StcInit)
    LPUART_TransmitPoll                      0x000025d7   Thumb Code    50  lpuart.o(.text.LPUART_TransmitPoll)
    LVD_IRQHandler                           0x00002609   Thumb Code     8  interrupts_hc32l021.o(.text.LVD_IRQHandler)
    LpUart0_IRQHandler                       0x00002611   Thumb Code     2  interrupts_hc32l021.o(.text.LpUart0_IRQHandler)
    LpUart1_IRQHandler                       0x00002613   Thumb Code     2  interrupts_hc32l021.o(.text.LpUart1_IRQHandler)
    Lpcd_Adc_Event                           0x00002615   Thumb Code   304  lpcd_api.o(.text.Lpcd_Adc_Event)
    Lpcd_Get_ADC_Value                       0x00002745   Thumb Code    76  lpcd_api.o(.text.Lpcd_Get_ADC_Value)
    Lpcd_Init_Register                       0x00002791   Thumb Code   228  lpcd_api.o(.text.Lpcd_Init_Register)
    Lpcd_Set_Mode                            0x00002875   Thumb Code    52  lpcd_api.o(.text.Lpcd_Set_Mode)
    Lvd_IRQHandler                           0x000028a5   Thumb Code     2  interrupts_hc32l021.o(.text.Lvd_IRQHandler)
    Mifare_Auth                              0x000028a9   Thumb Code   252  mifare.o(.text.Mifare_Auth)
    Mifare_Blockread                         0x0000299d   Thumb Code   156  mifare.o(.text.Mifare_Blockread)
    ModifyReg                                0x00002a35   Thumb Code    46  fm5114.o(.text.ModifyReg)
    PORTA_IRQHandler                         0x00002a63   Thumb Code     8  interrupts_hc32l021.o(.text.PORTA_IRQHandler)
    PORTB_IRQHandler                         0x00002a6b   Thumb Code     8  interrupts_hc32l021.o(.text.PORTB_IRQHandler)
    PortA_IRQHandler                         0x00002a75   Thumb Code    72  main.o(.text.PortA_IRQHandler)
    PortB_IRQHandler                         0x00002abd   Thumb Code     2  interrupts_hc32l021.o(.text.PortB_IRQHandler)
    RTC_IRQHandler                           0x00002abf   Thumb Code     8  interrupts_hc32l021.o(.text.RTC_IRQHandler)
    ReaderA_AntiColl                         0x00002ac9   Thumb Code   212  reader_api.o(.text.ReaderA_AntiColl)
    ReaderA_CardActivate                     0x00002b95   Thumb Code    84  reader_api.o(.text.ReaderA_CardActivate)
    ReaderA_Select                           0x00002be9   Thumb Code   188  reader_api.o(.text.ReaderA_Select)
    ReaderA_Wakeup                           0x00002ca5   Thumb Code   168  reader_api.o(.text.ReaderA_Wakeup)
    Rtc_IRQHandler                           0x00002d4d   Thumb Code     2  interrupts_hc32l021.o(.text.Rtc_IRQHandler)
    SPI_IRQHandler                           0x00002d4f   Thumb Code     8  interrupts_hc32l021.o(.text.SPI_IRQHandler)
    SYSCTRL_ClockInit                        0x00002d59   Thumb Code   132  sysctrl.o(.text.SYSCTRL_ClockInit)
    SYSCTRL_ClockSrcEnable                   0x00002dcd   Thumb Code   324  sysctrl.o(.text.SYSCTRL_ClockSrcEnable)
    SYSCTRL_ClockStcInit                     0x00002f05   Thumb Code     8  sysctrl.o(.text.SYSCTRL_ClockStcInit)
    SYSCTRL_HclkFreqGet                      0x00002f0d   Thumb Code   140  sysctrl.o(.text.SYSCTRL_HclkFreqGet)
    SYSCTRL_PeriphClockEnable                0x00002f99   Thumb Code    32  sysctrl.o(.text.SYSCTRL_PeriphClockEnable)
    SYSCTRL_SysClockSwitch                   0x00002fb9   Thumb Code   160  sysctrl.o(.text.SYSCTRL_SysClockSwitch)
    Scan_Start                               0x00003059   Thumb Code    38  fm5114.o(.text.Scan_Start)
    SetCW                                    0x00003081   Thumb Code   104  fm5114.o(.text.SetCW)
    SetReg                                   0x000030e9   Thumb Code    48  fm5114.o(.text.SetReg)
    SetReg_Ext                               0x00003115   Thumb Code    34  fm5114.o(.text.SetReg_Ext)
    Spi_IRQHandler                           0x00003137   Thumb Code     2  interrupts_hc32l021.o(.text.Spi_IRQHandler)
    SysTick_Handler                          0x00003139   Thumb Code     8  interrupts_hc32l021.o(.text.SysTick_Handler)
    SysTick_IRQHandler                       0x00003141   Thumb Code     2  interrupts_hc32l021.o(.text.SysTick_IRQHandler)
    SystemCoreClockUpdate                    0x00003145   Thumb Code    16  system_hc32l021.o(.text.SystemCoreClockUpdate)
    SystemInit                               0x00003155   Thumb Code    80  system_hc32l021.o(.text.SystemInit)
    TYPE_A_EVENT                             0x000031a5   Thumb Code   324  lpcd_api.o(.text.TYPE_A_EVENT)
    TrimLoad_PowerOff                        0x000032e9   Thumb Code    52  fm5114.o(.text.TrimLoad_PowerOff)
    TrimLoad_PowerOn                         0x0000331d   Thumb Code    46  fm5114.o(.text.TrimLoad_PowerOn)
    VC0_IRQHandler                           0x0000334b   Thumb Code     8  interrupts_hc32l021.o(.text.VC0_IRQHandler)
    VC1_IRQHandler                           0x00003353   Thumb Code     8  interrupts_hc32l021.o(.text.VC1_IRQHandler)
    Vc0_IRQHandler                           0x0000335b   Thumb Code     2  interrupts_hc32l021.o(.text.Vc0_IRQHandler)
    Vc1_IRQHandler                           0x0000335d   Thumb Code     2  interrupts_hc32l021.o(.text.Vc1_IRQHandler)
    i2c_init                                 0x00003361   Thumb Code   116  fm5114.o(.text.i2c_init)
    log_printf                               0x000034e1   Thumb Code   192  uart.o(.text.log_printf)
    $Super$$main                             0x000035a1   Thumb Code  1864  main.o(.text.main)
    uart_init                                0x00003ce9   Thumb Code   172  uart.o(.text.uart_init)
    __funder_d                               0x00003d95   Thumb Code   122  funder.o(i.__funder_d)
    __aeabi_fadd                             0x00003e15   Thumb Code     0  faddsub.o(x$fpl$fadd)
    _fadd                                    0x00003e15   Thumb Code   302  faddsub.o(x$fpl$fadd)
    __aeabi_fsub                             0x00003f4d   Thumb Code     0  faddsub.o(x$fpl$fsub)
    _fsub                                    0x00003f4d   Thumb Code   364  faddsub.o(x$fpl$fsub)
    __I$use$fp                               0x000040c0   Number         0  usenofp.o(x$fpl$usenofp)
    Region$$Table$$Base                      0x00004354   Number         0  anon$$obj.o(Region$$Table)
    Region$$Table$$Limit                     0x00004374   Number         0  anon$$obj.o(Region$$Table)
    CsButton                                 0x20000000   Data          14  fm5114.o(.data..L_MergedGlobals)
    FM5114_TOUCH_SENSEMODE_REGVAL            0x2000000e   Data          42  fm5114.o(.data..L_MergedGlobals)
    FM5114_TOUCH_CS_LUT                      0x20000038   Data          50  fm5114.o(.data..L_MergedGlobals)
    Target_Signal_High                       0x20000070   Data          56  fm5114.o(.data..L_MergedGlobals.28)
    Target_Signal_Low                        0x200000a8   Data          56  fm5114.o(.data..L_MergedGlobals.28)
    FM5114_TOUCH_SEN_LUT1                    0x200000e0   Data          60  fm5114.o(.data..L_MergedGlobals.29)
    FM5114_TOUCH_SEN_LUT2                    0x2000011c   Data          60  fm5114.o(.data..L_MergedGlobals.29)
    FM5114_TOUCH_REGVAL                      0x20000158   Data         196  fm5114.o(.data.FM5114_TOUCH_REGVAL)
    KEY_A                                    0x2000021c   Data          96  mifare.o(.data.KEY_A)
    SystemCoreClock                          0x2000027c   Data           4  system_hc32l021.o(.data.SystemCoreClock)
    __libspace_start                         0x20000280   Data          96  libspace.o(.bss)
    __temporary_stack_top$libspace           0x200002e0   Data           0  libspace.o(.bss)
    enMasterStatusMachine                    0x200002e0   Data           4  hsi2c.o(.bss..L_MergedGlobals)
    stcHsi2cCom                              0x200002e4   Data          28  hsi2c.o(.bss..L_MergedGlobals)
    stcHsi2cSlaveInit                        0x20000300   Data          48  hsi2c.o(.bss..L_MergedGlobals)
    stcHsi2cMasterInit                       0x20000330   Data          72  hsi2c.o(.bss..L_MergedGlobals.1)
    BLOCK_DATA                               0x20000378   Data          16  mifare.o(.bss.BLOCK_DATA)
    Button_InitReg                           0x20000388   Data          56  fm5114.o(.bss.Button_InitReg)
    LPCD_IRQ                                 0x200003c0   Data           1  fm5114.o(.bss.LPCD_IRQ)
    PICC_A                                   0x200003c1   Data           8  reader_api.o(.bss.PICC_A)
    Touch_IRQ                                0x200003c9   Data           1  fm5114.o(.bss.Touch_IRQ)
    __initial_sp                             0x200007d0   Data           0  startup_hc32l021.o(STACK)



==============================================================================

Memory Map of the image

  Image Entry point : 0x000000c1

  Load Region LR_IROM1 (Base: 0x00000000, Size: 0x00004600, Max: 0x00010000, ABSOLUTE, COMPRESSED[0x000044b0])

    Execution Region ER_IROM1 (Exec base: 0x00000000, Load base: 0x00000000, Size: 0x00004374, Max: 0x00010000, ABSOLUTE)

    Exec Addr    Load Addr    Size         Type   Attr      Idx    E Section Name        Object

    0x00000000   0x00000000   0x000000c0   Data   RO            3    RESET               startup_hc32l021.o
    0x000000c0   0x000000c0   0x00000008   Code   RO          737  * !!!main             c_pu.l(__main.o)
    0x000000c8   0x000000c8   0x0000003c   Code   RO          962    !!!scatter          c_pu.l(__scatter.o)
    0x00000104   0x00000104   0x0000001c   Code   RO          964    !!handler_zi        c_pu.l(__scatter_zi.o)
    0x00000120   0x00000120   0x00000002   Code   RO          818    .ARM.Collect$$libinit$$00000000  c_pu.l(libinit.o)
    0x00000122   0x00000122   0x00000004   Code   RO          832    .ARM.Collect$$libinit$$00000001  c_pu.l(libinit2.o)
    0x00000126   0x00000126   0x00000000   Code   RO          835    .ARM.Collect$$libinit$$00000004  c_pu.l(libinit2.o)
    0x00000126   0x00000126   0x00000000   Code   RO          838    .ARM.Collect$$libinit$$0000000A  c_pu.l(libinit2.o)
    0x00000126   0x00000126   0x00000000   Code   RO          840    .ARM.Collect$$libinit$$0000000C  c_pu.l(libinit2.o)
    0x00000126   0x00000126   0x00000000   Code   RO          842    .ARM.Collect$$libinit$$0000000E  c_pu.l(libinit2.o)
    0x00000126   0x00000126   0x00000000   Code   RO          845    .ARM.Collect$$libinit$$00000011  c_pu.l(libinit2.o)
    0x00000126   0x00000126   0x00000000   Code   RO          847    .ARM.Collect$$libinit$$00000013  c_pu.l(libinit2.o)
    0x00000126   0x00000126   0x00000000   Code   RO          849    .ARM.Collect$$libinit$$00000015  c_pu.l(libinit2.o)
    0x00000126   0x00000126   0x00000000   Code   RO          851    .ARM.Collect$$libinit$$00000017  c_pu.l(libinit2.o)
    0x00000126   0x00000126   0x00000000   Code   RO          853    .ARM.Collect$$libinit$$00000019  c_pu.l(libinit2.o)
    0x00000126   0x00000126   0x00000000   Code   RO          855    .ARM.Collect$$libinit$$0000001B  c_pu.l(libinit2.o)
    0x00000126   0x00000126   0x00000000   Code   RO          857    .ARM.Collect$$libinit$$0000001D  c_pu.l(libinit2.o)
    0x00000126   0x00000126   0x00000000   Code   RO          859    .ARM.Collect$$libinit$$0000001F  c_pu.l(libinit2.o)
    0x00000126   0x00000126   0x00000000   Code   RO          861    .ARM.Collect$$libinit$$00000021  c_pu.l(libinit2.o)
    0x00000126   0x00000126   0x00000000   Code   RO          863    .ARM.Collect$$libinit$$00000023  c_pu.l(libinit2.o)
    0x00000126   0x00000126   0x00000000   Code   RO          865    .ARM.Collect$$libinit$$00000025  c_pu.l(libinit2.o)
    0x00000126   0x00000126   0x00000000   Code   RO          869    .ARM.Collect$$libinit$$0000002C  c_pu.l(libinit2.o)
    0x00000126   0x00000126   0x00000000   Code   RO          871    .ARM.Collect$$libinit$$0000002E  c_pu.l(libinit2.o)
    0x00000126   0x00000126   0x00000000   Code   RO          873    .ARM.Collect$$libinit$$00000030  c_pu.l(libinit2.o)
    0x00000126   0x00000126   0x00000000   Code   RO          875    .ARM.Collect$$libinit$$00000032  c_pu.l(libinit2.o)
    0x00000126   0x00000126   0x00000002   Code   RO          876    .ARM.Collect$$libinit$$00000033  c_pu.l(libinit2.o)
    0x00000128   0x00000128   0x00000002   Code   RO          915    .ARM.Collect$$libshutdown$$00000000  c_pu.l(libshutdown.o)
    0x0000012a   0x0000012a   0x00000000   Code   RO          943    .ARM.Collect$$libshutdown$$00000002  c_pu.l(libshutdown2.o)
    0x0000012a   0x0000012a   0x00000000   Code   RO          945    .ARM.Collect$$libshutdown$$00000004  c_pu.l(libshutdown2.o)
    0x0000012a   0x0000012a   0x00000000   Code   RO          948    .ARM.Collect$$libshutdown$$00000007  c_pu.l(libshutdown2.o)
    0x0000012a   0x0000012a   0x00000000   Code   RO          951    .ARM.Collect$$libshutdown$$0000000A  c_pu.l(libshutdown2.o)
    0x0000012a   0x0000012a   0x00000000   Code   RO          953    .ARM.Collect$$libshutdown$$0000000C  c_pu.l(libshutdown2.o)
    0x0000012a   0x0000012a   0x00000000   Code   RO          956    .ARM.Collect$$libshutdown$$0000000F  c_pu.l(libshutdown2.o)
    0x0000012a   0x0000012a   0x00000002   Code   RO          957    .ARM.Collect$$libshutdown$$00000010  c_pu.l(libshutdown2.o)
    0x0000012c   0x0000012c   0x00000000   Code   RO          752    .ARM.Collect$$rtentry$$00000000  c_pu.l(__rtentry.o)
    0x0000012c   0x0000012c   0x00000000   Code   RO          769    .ARM.Collect$$rtentry$$00000002  c_pu.l(__rtentry2.o)
    0x0000012c   0x0000012c   0x00000004   Code   RO          783    .ARM.Collect$$rtentry$$00000005  c_pu.l(__rtentry5.o)
    0x00000130   0x00000130   0x00000000   Code   RO          771    .ARM.Collect$$rtentry$$00000009  c_pu.l(__rtentry2.o)
    0x00000130   0x00000130   0x00000004   Code   RO          772    .ARM.Collect$$rtentry$$0000000A  c_pu.l(__rtentry2.o)
    0x00000134   0x00000134   0x00000000   Code   RO          774    .ARM.Collect$$rtentry$$0000000C  c_pu.l(__rtentry2.o)
    0x00000134   0x00000134   0x00000008   Code   RO          775    .ARM.Collect$$rtentry$$0000000D  c_pu.l(__rtentry2.o)
    0x0000013c   0x0000013c   0x00000004   Code   RO          784    .ARM.Collect$$rtentry$$00002716  c_pu.l(__rtentry5.o)
    0x00000140   0x00000140   0x00000002   Code   RO          824    .ARM.Collect$$rtexit$$00000000  c_pu.l(rtexit.o)
    0x00000142   0x00000142   0x00000000   Code   RO          889    .ARM.Collect$$rtexit$$00000002  c_pu.l(rtexit2.o)
    0x00000142   0x00000142   0x00000004   Code   RO          890    .ARM.Collect$$rtexit$$00000003  c_pu.l(rtexit2.o)
    0x00000146   0x00000146   0x00000006   Code   RO          891    .ARM.Collect$$rtexit$$00000004  c_pu.l(rtexit2.o)
    0x0000014c   0x0000014c   0x0000003c   Code   RO            4    .text               startup_hc32l021.o
    0x00000188   0x00000188   0x00000040   Code   RO          731    .text               c_pu.l(rt_memclr.o)
    0x000001c8   0x000001c8   0x0000015a   Code   RO          733    .text               c_pu.l(aeabi_sdiv.o)
    0x00000322   0x00000322   0x00000002   PAD
    0x00000324   0x00000324   0x00000198   Code   RO          745    .text               f_ps.l(fdiv.o)
    0x000004bc   0x000004bc   0x0000004c   Code   RO          748    .text               f_ps.l(ffixui.o)
    0x00000508   0x00000508   0x0000005e   Code   RO          750    .text               f_ps.l(fflti.o)
    0x00000566   0x00000566   0x00000002   PAD
    0x00000568   0x00000568   0x0000015c   Code   RO          757    .text               f_ps.l(except.o)
    0x000006c4   0x000006c4   0x0000003c   Code   RO          759    .text               f_ps.l(fnan2.o)
    0x00000700   0x00000700   0x00000098   Code   RO          761    .text               f_ps.l(fnorm2.o)
    0x00000798   0x00000798   0x000000ce   Code   RO          763    .text               f_ps.l(funder.o)
    0x00000866   0x00000866   0x00000002   PAD
    0x00000868   0x00000868   0x00000008   Code   RO          793    .text               c_pu.l(rt_fp_status_addr_intlibspace.o)
    0x00000870   0x00000870   0x00000034   Code   RO          795    .text               c_pu.l(_fptrap.o)
    0x000008a4   0x000008a4   0x00000034   Code   RO          797    .text               f_ps.l(cmpret.o)
    0x000008d8   0x000008d8   0x00000098   Code   RO          799    .text               f_ps.l(retnan.o)
    0x00000970   0x00000970   0x00000010   Code   RO          807    .text               c_pu.l(exit.o)
    0x00000980   0x00000980   0x0000000c   Code   RO          809    .text               c_pu.l(defsig_fpe_outer.o)
    0x0000098c   0x0000098c   0x0000000c   Code   RO          828    .text               c_pu.l(defsig_exit.o)
    0x00000998   0x00000998   0x000000ac   Code   RO          830    .text               c_pu.l(defsig_fpe_inner.o)
    0x00000a44   0x00000a44   0x0000000c   Code   RO          881    .text               c_pu.l(sys_exit.o)
    0x00000a50   0x00000a50   0x00000002   Code   RO          885    .text               c_pu.l(use_no_semi.o)
    0x00000a52   0x00000a52   0x00000000   Code   RO          887    .text               c_pu.l(indicate_semi.o)
    0x00000a52   0x00000a52   0x00000034   Code   RO          897    .text               c_pu.l(defsig_general.o)
    0x00000a86   0x00000a86   0x0000000c   Code   RO          901    .text               f_ps.l(fpinit.o)
    0x00000a92   0x00000a92   0x0000000c   Code   RO          903    .text               c_pu.l(sys_wrch.o)
    0x00000a9e   0x00000a9e   0x00000060   Code   RO          960    .text               c_pu.l(__dclz77c.o)
    0x00000afe   0x00000afe   0x0000000e   Code   RO           15    .text.$Sub$$main    system_hc32l021.o
    0x00000b0c   0x00000b0c   0x00000008   Code   RO           92    .text.ADC_IRQHandler  interrupts_hc32l021.o
    0x00000b14   0x00000b14   0x00000008   Code   RO           74    .text.ATIM3_IRQHandler  interrupts_hc32l021.o
    0x00000b1c   0x00000b1c   0x00000002   Code   RO           54    .text.Adc_IRQHandler  interrupts_hc32l021.o
    0x00000b1e   0x00000b1e   0x00000002   Code   RO           36    .text.Atim3_IRQHandler  interrupts_hc32l021.o
    0x00000b20   0x00000b20   0x000000b8   Code   RO          570    .text.Button_Init_FastMode  fm5114.o
    0x00000bd8   0x00000bd8   0x000000d8   Code   RO          568    .text.Button_Init_Regcopy  fm5114.o
    0x00000cb0   0x00000cb0   0x00000008   Code   RO           82    .text.CTIM0_IRQHandler  interrupts_hc32l021.o
    0x00000cb8   0x00000cb8   0x00000008   Code   RO           84    .text.CTIM1_IRQHandler  interrupts_hc32l021.o
    0x00000cc0   0x00000cc0   0x00000008   Code   RO          102    .text.CTRIM_CLKDET_IRQHandler  interrupts_hc32l021.o
    0x00000cc8   0x00000cc8   0x00000002   Code   RO           44    .text.Ctim0_IRQHandler  interrupts_hc32l021.o
    0x00000cca   0x00000cca   0x00000002   Code   RO           46    .text.Ctim1_IRQHandler  interrupts_hc32l021.o
    0x00000ccc   0x00000ccc   0x00000002   Code   RO           64    .text.Ctrim_Clkdet_IRQHandler  interrupts_hc32l021.o
    0x00000cce   0x00000cce   0x00000002   PAD
    0x00000cd0   0x00000cd0   0x0000003c   Code   RO          138    .text.DDL_Delay100us  ddl.o
    0x00000d0c   0x00000d0c   0x0000003c   Code   RO          140    .text.DDL_Delay10us  ddl.o
    0x00000d48   0x00000d48   0x00000040   Code   RO          136    .text.DDL_Delay1ms  ddl.o
    0x00000d88   0x00000d88   0x00000014   Code   RO          134    .text.DDL_MemoryClear  ddl.o
    0x00000d9c   0x00000d9c   0x00000088   Code   RO           28    .text.EnableNvic    interrupts_hc32l021.o
    0x00000e24   0x00000e24   0x00000008   Code   RO          100    .text.FLASH_IRQHandler  interrupts_hc32l021.o
    0x00000e2c   0x00000e2c   0x00000054   Code   RO          673    .text.FM5114_Initial_ReaderA  reader_api.o
    0x00000e80   0x00000e80   0x0000002c   Code   RO          516    .text.FM5114_Reader_Reset  fm5114.o
    0x00000eac   0x00000eac   0x00000b08   Code   RO          564    .text.FM5114_Touch_Button_Auto_Tuning  fm5114.o
    0x000019b4   0x000019b4   0x00000036   Code   RO          562    .text.FM5114_Touch_Calibrate  fm5114.o
    0x000019ea   0x000019ea   0x00000002   PAD
    0x000019ec   0x000019ec   0x00000274   Code   RO          572    .text.FM5114_Touch_Init  fm5114.o
    0x00001c60   0x00001c60   0x00000024   Code   RO          528    .text.FM5114_Touch_Reset  fm5114.o
    0x00001c84   0x00001c84   0x0000002e   Code   RO          560    .text.FM5114_Touch_SoftReset  fm5114.o
    0x00001cb2   0x00001cb2   0x00000062   Code   RO          558    .text.FM5114_Touch_Trim_Load  fm5114.o
    0x00001d14   0x00001d14   0x00000002   Code   RO           62    .text.Flash_IRQHandler  interrupts_hc32l021.o
    0x00001d16   0x00001d16   0x00000002   PAD
    0x00001d18   0x00001d18   0x0000007c   Code   RO          713    .text.GPIO_ExtiInit  defin.o
    0x00001d94   0x00001d94   0x00000148   Code   RO          226    .text.GPIO_Init     gpio.o
    0x00001edc   0x00001edc   0x0000000c   Code   RO          230    .text.GPIO_IntFlagClear  gpio.o
    0x00001ee8   0x00001ee8   0x00000012   Code   RO          228    .text.GPIO_IntFlagGet  gpio.o
    0x00001efa   0x00001efa   0x0000000c   Code   RO          489    .text.GPIO_Read     uart.o
    0x00001f06   0x00001f06   0x00000008   Code   RO          491    .text.GPIO_ResetBits  uart.o
    0x00001f0e   0x00001f0e   0x00000008   Code   RO          493    .text.GPIO_SetBits  uart.o
    0x00001f16   0x00001f16   0x00000010   Code   RO          232    .text.GPIO_StcInit  gpio.o
    0x00001f26   0x00001f26   0x00000002   PAD
    0x00001f28   0x00001f28   0x00000050   Code   RO          522    .text.GetReg        fm5114.o
    0x00001f78   0x00001f78   0x00000020   Code   RO          534    .text.GetReg_Ext    fm5114.o
    0x00001f98   0x00001f98   0x00000002   Code   RO          512    .text.Group_Handler  fm5114.o
    0x00001f9a   0x00001f9a   0x00000008   Code   RO           86    .text.HSI2C_IRQHandler  interrupts_hc32l021.o
    0x00001fa2   0x00001fa2   0x000001b2   Code   RO          304    .text.HSI2C_MasterBaudRateSet  hsi2c.o
    0x00002154   0x00002154   0x00000024   Code   RO          338    .text.HSI2C_MasterErrorGet  hsi2c.o
    0x00002178   0x00002178   0x0000007c   Code   RO          294    .text.HSI2C_MasterInit  hsi2c.o
    0x000021f4   0x000021f4   0x0000001e   Code   RO          298    .text.HSI2C_MasterMcfgr1Config  hsi2c.o
    0x00002212   0x00002212   0x00000002   PAD
    0x00002214   0x00002214   0x00000044   Code   RO          300    .text.HSI2C_MasterMcfgr2Config  hsi2c.o
    0x00002258   0x00002258   0x00000020   Code   RO          326    .text.HSI2C_MasterStatusMachineRestart  hsi2c.o
    0x00002278   0x00002278   0x00000038   Code   RO          328    .text.HSI2C_MasterStatusMachineRxCmd  hsi2c.o
    0x000022b0   0x000022b0   0x0000003c   Code   RO          320    .text.HSI2C_MasterStatusMachineStart  hsi2c.o
    0x000022ec   0x000022ec   0x0000004c   Code   RO          324    .text.HSI2C_MasterStatusMachineSubAddr  hsi2c.o
    0x00002338   0x00002338   0x00000028   Code   RO          330    .text.HSI2C_MasterStatusMachineTrans  hsi2c.o
    0x00002360   0x00002360   0x00000028   Code   RO          396    .text.HSI2C_MasterStcInit  hsi2c.o
    0x00002388   0x00002388   0x00000164   Code   RO          336    .text.HSI2C_MasterTransferPoll  hsi2c.o
    0x000024ec   0x000024ec   0x00000010   Code   RO           66    .text.HardFault_Handler  interrupts_hc32l021.o
    0x000024fc   0x000024fc   0x00000002   Code   RO           48    .text.Hsi2c_IRQHandler  interrupts_hc32l021.o
    0x000024fe   0x000024fe   0x00000002   PAD
    0x00002500   0x00002500   0x00000034   Code   RO          530    .text.I2C_Configure  fm5114.o
    0x00002534   0x00002534   0x00000008   Code   RO           88    .text.IWDT_IRQHandler  interrupts_hc32l021.o
    0x0000253c   0x0000253c   0x00000002   Code   RO           50    .text.Iwdt_IRQHandler  interrupts_hc32l021.o
    0x0000253e   0x0000253e   0x00000008   Code   RO           76    .text.LPUART0_IRQHandler  interrupts_hc32l021.o
    0x00002546   0x00002546   0x00000008   Code   RO           78    .text.LPUART1_IRQHandler  interrupts_hc32l021.o
    0x0000254e   0x0000254e   0x00000064   Code   RO          413    .text.LPUART_Init   lpuart.o
    0x000025b2   0x000025b2   0x00000006   Code   RO          433    .text.LPUART_IntFlagClearAll  lpuart.o
    0x000025b8   0x000025b8   0x0000001e   Code   RO          457    .text.LPUART_StcInit  lpuart.o
    0x000025d6   0x000025d6   0x00000032   Code   RO          439    .text.LPUART_TransmitPoll  lpuart.o
    0x00002608   0x00002608   0x00000008   Code   RO           98    .text.LVD_IRQHandler  interrupts_hc32l021.o
    0x00002610   0x00002610   0x00000002   Code   RO           38    .text.LpUart0_IRQHandler  interrupts_hc32l021.o
    0x00002612   0x00002612   0x00000002   Code   RO           40    .text.LpUart1_IRQHandler  interrupts_hc32l021.o
    0x00002614   0x00002614   0x00000130   Code   RO          611    .text.Lpcd_Adc_Event  lpcd_api.o
    0x00002744   0x00002744   0x0000004c   Code   RO          613    .text.Lpcd_Get_ADC_Value  lpcd_api.o
    0x00002790   0x00002790   0x000000e4   Code   RO          601    .text.Lpcd_Init_Register  lpcd_api.o
    0x00002874   0x00002874   0x00000030   Code   RO          609    .text.Lpcd_Set_Mode  lpcd_api.o
    0x000028a4   0x000028a4   0x00000002   Code   RO           60    .text.Lvd_IRQHandler  interrupts_hc32l021.o
    0x000028a6   0x000028a6   0x00000002   PAD
    0x000028a8   0x000028a8   0x000000f4   Code   RO          637    .text.Mifare_Auth   mifare.o
    0x0000299c   0x0000299c   0x00000098   Code   RO          643    .text.Mifare_Blockread  mifare.o
    0x00002a34   0x00002a34   0x0000002e   Code   RO          526    .text.ModifyReg     fm5114.o
    0x00002a62   0x00002a62   0x00000008   Code   RO           70    .text.PORTA_IRQHandler  interrupts_hc32l021.o
    0x00002a6a   0x00002a6a   0x00000008   Code   RO           72    .text.PORTB_IRQHandler  interrupts_hc32l021.o
    0x00002a72   0x00002a72   0x00000002   PAD
    0x00002a74   0x00002a74   0x00000048   Code   RO          472    .text.PortA_IRQHandler  main.o
    0x00002abc   0x00002abc   0x00000002   Code   RO           34    .text.PortB_IRQHandler  interrupts_hc32l021.o
    0x00002abe   0x00002abe   0x00000008   Code   RO           90    .text.RTC_IRQHandler  interrupts_hc32l021.o
    0x00002ac6   0x00002ac6   0x00000002   PAD
    0x00002ac8   0x00002ac8   0x000000cc   Code   RO          683    .text.ReaderA_AntiColl  reader_api.o
    0x00002b94   0x00002b94   0x00000054   Code   RO          687    .text.ReaderA_CardActivate  reader_api.o
    0x00002be8   0x00002be8   0x000000bc   Code   RO          685    .text.ReaderA_Select  reader_api.o
    0x00002ca4   0x00002ca4   0x000000a8   Code   RO          679    .text.ReaderA_Wakeup  reader_api.o
    0x00002d4c   0x00002d4c   0x00000002   Code   RO           52    .text.Rtc_IRQHandler  interrupts_hc32l021.o
    0x00002d4e   0x00002d4e   0x00000008   Code   RO           80    .text.SPI_IRQHandler  interrupts_hc32l021.o
    0x00002d56   0x00002d56   0x00000002   PAD
    0x00002d58   0x00002d58   0x00000074   Code   RO          153    .text.SYSCTRL_ClockInit  sysctrl.o
    0x00002dcc   0x00002dcc   0x00000138   Code   RO          155    .text.SYSCTRL_ClockSrcEnable  sysctrl.o
    0x00002f04   0x00002f04   0x00000008   Code   RO          213    .text.SYSCTRL_ClockStcInit  sysctrl.o
    0x00002f0c   0x00002f0c   0x0000008c   Code   RO          163    .text.SYSCTRL_HclkFreqGet  sysctrl.o
    0x00002f98   0x00002f98   0x00000020   Code   RO          187    .text.SYSCTRL_PeriphClockEnable  sysctrl.o
    0x00002fb8   0x00002fb8   0x000000a0   Code   RO          157    .text.SYSCTRL_SysClockSwitch  sysctrl.o
    0x00003058   0x00003058   0x00000026   Code   RO          552    .text.Scan_Start    fm5114.o
    0x0000307e   0x0000307e   0x00000002   PAD
    0x00003080   0x00003080   0x00000068   Code   RO          524    .text.SetCW         fm5114.o
    0x000030e8   0x000030e8   0x0000002c   Code   RO          520    .text.SetReg        fm5114.o
    0x00003114   0x00003114   0x00000022   Code   RO          536    .text.SetReg_Ext    fm5114.o
    0x00003136   0x00003136   0x00000002   Code   RO           42    .text.Spi_IRQHandler  interrupts_hc32l021.o
    0x00003138   0x00003138   0x00000008   Code   RO           68    .text.SysTick_Handler  interrupts_hc32l021.o
    0x00003140   0x00003140   0x00000002   Code   RO           30    .text.SysTick_IRQHandler  interrupts_hc32l021.o
    0x00003142   0x00003142   0x00000002   PAD
    0x00003144   0x00003144   0x00000010   Code   RO           11    .text.SystemCoreClockUpdate  system_hc32l021.o
    0x00003154   0x00003154   0x00000050   Code   RO           13    .text.SystemInit    system_hc32l021.o
    0x000031a4   0x000031a4   0x00000144   Code   RO          617    .text.TYPE_A_EVENT  lpcd_api.o
    0x000032e8   0x000032e8   0x00000034   Code   RO          556    .text.TrimLoad_PowerOff  fm5114.o
    0x0000331c   0x0000331c   0x0000002e   Code   RO          554    .text.TrimLoad_PowerOn  fm5114.o
    0x0000334a   0x0000334a   0x00000008   Code   RO           94    .text.VC0_IRQHandler  interrupts_hc32l021.o
    0x00003352   0x00003352   0x00000008   Code   RO           96    .text.VC1_IRQHandler  interrupts_hc32l021.o
    0x0000335a   0x0000335a   0x00000002   Code   RO           56    .text.Vc0_IRQHandler  interrupts_hc32l021.o
    0x0000335c   0x0000335c   0x00000002   Code   RO           58    .text.Vc1_IRQHandler  interrupts_hc32l021.o
    0x0000335e   0x0000335e   0x00000002   PAD
    0x00003360   0x00003360   0x00000074   Code   RO          514    .text.i2c_init      fm5114.o
    0x000033d4   0x000033d4   0x0000010c   Code   RO          499    .text.log_num       uart.o
    0x000034e0   0x000034e0   0x000000c0   Code   RO          497    .text.log_printf    uart.o
    0x000035a0   0x000035a0   0x00000748   Code   RO          470    .text.main          main.o
    0x00003ce8   0x00003ce8   0x000000ac   Code   RO          495    .text.uart_init     uart.o
    0x00003d94   0x00003d94   0x00000080   Code   RO          764    i.__funder_d        f_ps.l(funder.o)
    0x00003e14   0x00003e14   0x00000138   Code   RO          739    x$fpl$fadd          f_ps.l(faddsub.o)
    0x00003f4c   0x00003f4c   0x00000174   Code   RO          741    x$fpl$fsub          f_ps.l(faddsub.o)
    0x000040c0   0x000040c0   0x00000000   Code   RO          767    x$fpl$usenofp       f_ps.l(usenofp.o)
    0x000040c0   0x000040c0   0x00000040   Data   RO          746    .constdata          f_ps.l(fdiv.o)
    0x00004100   0x00004100   0x00000234   Data   RO          476    .rodata.str1.1      main.o
    0x00004334   0x00004334   0x0000001f   Data   RO          700    .rodata.str1.1      reader_api.o
    0x00004353   0x00004353   0x00000001   PAD
    0x00004354   0x00004354   0x00000020   Data   RO          958    Region$$Table       anon$$obj.o


    Execution Region RW_IRAM1 (Exec base: 0x20000000, Load base: 0x00004380, Size: 0x000007d0, Max: 0x00001800, ABSOLUTE, COMPRESSED[0x00000130])

    Exec Addr    Load Addr    Size         Type   Attr      Idx    E Section Name        Object

    0x20000000   COMPRESSED   0x0000006a   Data   RW          587    .data..L_MergedGlobals  fm5114.o
    0x2000006a   COMPRESSED   0x00000006   PAD
    0x20000070   COMPRESSED   0x00000070   Data   RW          588    .data..L_MergedGlobals.28  fm5114.o
    0x200000e0   COMPRESSED   0x00000078   Data   RW          589    .data..L_MergedGlobals.29  fm5114.o
    0x20000158   COMPRESSED   0x000000c4   Data   RW          580    .data.FM5114_TOUCH_REGVAL  fm5114.o
    0x2000021c   COMPRESSED   0x00000060   Data   RW          653    .data.KEY_A         mifare.o
    0x2000027c   COMPRESSED   0x00000004   Data   RW           17    .data.SystemCoreClock  system_hc32l021.o
    0x20000280        -       0x00000060   Zero   RW          802    .bss                c_pu.l(libspace.o)
    0x200002e0        -       0x00000050   Zero   RW          400    .bss..L_MergedGlobals  hsi2c.o
    0x20000330        -       0x00000048   Zero   RW          401    .bss..L_MergedGlobals.1  hsi2c.o
    0x20000378        -       0x00000010   Zero   RW          658    .bss.BLOCK_DATA     mifare.o
    0x20000388        -       0x00000038   Zero   RW          581    .bss.Button_InitReg  fm5114.o
    0x200003c0        -       0x00000001   Zero   RW          585    .bss.LPCD_IRQ       fm5114.o
    0x200003c1        -       0x00000008   Zero   RW          699    .bss.PICC_A         reader_api.o
    0x200003c9        -       0x00000001   Zero   RW          584    .bss.Touch_IRQ      fm5114.o
    0x200003ca        -       0x00000001   Zero   RW          582    .bss.i2cInitialized  fm5114.o
    0x200003cb   COMPRESSED   0x00000005   PAD
    0x200003d0        -       0x00000400   Zero   RW            1    STACK               startup_hc32l021.o


==============================================================================

Image component sizes


      Code (inc. data)   RO Data    RW Data    ZI Data      Debug   Object Name

       204         16          0          0          0       2616   ddl.o
       124          8          0          0          0      12248   defin.o
      4776        460          0        534         59      31041   fm5114.o
       374          4          0          0          0      11877   gpio.o
      1352         48          0          0        152      26646   hsi2c.o
       330         16          0          0          0       7180   interrupts_hc32l021.o
       980        368          0          0          0      13757   lpcd_api.o
       186          0          0          0          0       8621   lpuart.o
      1936        340        564          0          0      13696   main.o
       396          0          0         96         16       4023   mifare.o
       728         80         31          0          8       4083   reader_api.o
        60         22        192          0       1024        628   startup_hc32l021.o
       768         88          0          0          0      24374   sysctrl.o
       110         32          0          4          0       7234   system_hc32l021.o
       660         28          0          0          0      16664   uart.o

    ----------------------------------------------------------------------
     13010       1510        820        640       1264     184688   Object Totals
         0          0         32          0          0          0   (incl. Generated)
        26          0          1          6          5          0   (incl. Padding)

    ----------------------------------------------------------------------

      Code (inc. data)   RO Data    RW Data    ZI Data      Debug   Library Member Name

        96          0          0          0          0          0   __dclz77c.o
         8          0          0          0          0         68   __main.o
         0          0          0          0          0          0   __rtentry.o
        12          0          0          0          0          0   __rtentry2.o
         8          4          0          0          0          0   __rtentry5.o
        60          8          0          0          0          0   __scatter.o
        28          0          0          0          0          0   __scatter_zi.o
        52          6          0          0          0         76   _fptrap.o
       346          0          0          0          0         92   aeabi_sdiv.o
        12          0          0          0          0         68   defsig_exit.o
       172        110          0          0          0         68   defsig_fpe_inner.o
        12          0          0          0          0         68   defsig_fpe_outer.o
        52          0          0          0          0         72   defsig_general.o
        16          0          0          0          0         68   exit.o
         0          0          0          0          0          0   indicate_semi.o
         2          0          0          0          0          0   libinit.o
         6          0          0          0          0          0   libinit2.o
         2          0          0          0          0          0   libshutdown.o
         2          0          0          0          0          0   libshutdown2.o
         0          0          0          0         96          0   libspace.o
         8          4          0          0          0         68   rt_fp_status_addr_intlibspace.o
        64          0          0          0          0        108   rt_memclr.o
         2          0          0          0          0          0   rtexit.o
        10          0          0          0          0          0   rtexit2.o
        12          4          0          0          0         60   sys_exit.o
        12          0          0          0          0         68   sys_wrch.o
         2          0          0          0          0         68   use_no_semi.o
        52          0          0          0          0         60   cmpret.o
       348         16          0          0          0         88   except.o
       684         16          0          0          0        172   faddsub.o
       408         16         64          0          0         92   fdiv.o
        76         14          0          0          0         72   ffixui.o
        94          0          0          0          0         92   fflti.o
        60          0          0          0          0         76   fnan2.o
       152         12          0          0          0         76   fnorm2.o
        12          0          0          0          0         68   fpinit.o
       334          6          0          0          0        148   funder.o
       152          4          0          0          0         68   retnan.o
         0          0          0          0          0          0   usenofp.o

    ----------------------------------------------------------------------
      3374        220         64          0         96       1964   Library Totals
         6          0          0          0          0          0   (incl. Padding)

    ----------------------------------------------------------------------

      Code (inc. data)   RO Data    RW Data    ZI Data      Debug   Library Name

       996        136          0          0         96        952   c_pu.l
      2372         84         64          0          0       1012   f_ps.l

    ----------------------------------------------------------------------
      3374        220         64          0         96       1964   Library Totals

    ----------------------------------------------------------------------

==============================================================================


      Code (inc. data)   RO Data    RW Data    ZI Data      Debug   

     16384       1730        884        640       1360     185504   Grand Totals
     16384       1730        884        304       1360     185504   ELF Image Totals (compressed)
     16384       1730        884        304          0          0   ROM Totals

==============================================================================

    Total RO  Size (Code + RO Data)                17268 (  16.86kB)
    Total RW  Size (RW Data + ZI Data)              2000 (   1.95kB)
    Total ROM Size (Code + RO Data + RW Data)      17572 (  17.16kB)

==============================================================================

