<html>
<body>
<pre>
<h1>µVision Build Log</h1>
<h2>Tool Versions:</h2>
IDE-Version: ¦ÌVision V5.25.0.0
Copyright (C) 2017 ARM Ltd and ARM Germany GmbH. All rights reserved.
License Information: wang hao, wang, LIC=YA39H-W6UVP-UHG8H-WWTU0-QS64E-0RYHB
 
Tool Versions:
Toolchain:       MDK-ARM Plus  Version: 5.25.0.0
Toolchain Path:  C:\Keil_v5\ARM\ARMCLANG\Bin
C Compiler:      ArmClang.exe V6.9
Assembler:       Armasm.exe V6.9
Linker/Locator:  ArmLink.exe V6.9
Library Manager: ArmAr.exe V6.9
Hex Converter:   FromElf.exe V6.9
CPU DLL:         SARMCM3.DLL V5.25.0.0
Dialog DLL:      DARMCM1.DLL V1.19.0.0
Target DLL:      CMSIS_AGDI.dll V1.28.8.0
Dialog DLL:      TARMCM1.DLL V1.14.0.0
 
<h2>Project:</h2>
C:\Users\10840\WorkSpace\XHSC\HC32L021_DDL_Rev1.0.0\example\hsi2c\test\MDK\hsi2c_mcu_master_poll.uvprojx
Project File Date:  06/25/2025

<h2>Output:</h2>
*** Using Compiler 'V6.9', folder: 'C:\Keil_v5\ARM\ARMCLANG\Bin'
Rebuild target 'hsi2c_mcu_master_poll_Release'
assembling startup_hc32l021.s...
compiling system_hc32l021.c...
compiling gpio.c...
compiling board_stkhc32l021.c...
compiling lpuart.c...
compiling ddl.c...
compiling interrupts_hc32l021.c...
compiling uart.c...
compiling hsi2c.c...
compiling sysctrl.c...
compiling main.c...
compiling flash.c...
compiling LPCD_API.c...
compiling FM5114.c...
compiling DEFIN.c...
compiling MIFARE.c...
compiling READER_API.c...
linking...
Program Size: Code=17972 RO-data=924 RW-data=640 ZI-data=1360  
FromELF: creating hex file...
".\output\release\hsi2c_mcu_master_poll.axf" - 0 Error(s), 0 Warning(s).

<h2>Software Packages used:</h2>

Package Vendor: ARM
                http://www.keil.com/pack/ARM.CMSIS.5.2.0.pack
                ARM.CMSIS.5.2.0
                CMSIS (Cortex Microcontroller Software Interface Standard)
   * Component: CORE Version: 5.0.2

Package Vendor: HDSC
                https://raw.githubusercontent.com/hdscmcu/pack/master/HDSC.HC32L02x.1.0.0.pack
                HDSC.HC32L02x.1.0.0
                HC32L02x ARM Cortex-M0+ Device Family Pack

<h2>Collection of Component include folders:</h2>
  .\RTE\_hsi2c_mcu_master_poll_Release
  C:\Keil_v5\ARM\PACK\ARM\CMSIS\5.2.0\CMSIS\Include
  C:\Keil_v5\ARM\PACK\HDSC\HC32L02x\1.0.0\Device\Include

<h2>Collection of Component Files used:</h2>

   * Component: ARM::CMSIS:CORE:5.0.2
Build Time Elapsed:  00:00:01
</pre>
</body>
</html>
