Component: ARM Compiler 6.9 Tool: armlink [5ced1b00]

==============================================================================

Image Symbol Table

    Local Symbols

    Symbol Name                              Value     Ov Type        Size  Object(Section)

    RESET                                    0x00000000   Section      192  startup_hc32l021.o(RESET)
    ../clib/../cmprslib/lz77c.c              0x00000000   Number         0  __dclz77c.o ABSOLUTE
    ../clib/angel/boardlib.s                 0x00000000   Number         0  boardshut.o ABSOLUTE
    ../clib/angel/boardlib.s                 0x00000000   Number         0  boardinit2.o ABSOLUTE
    ../clib/angel/boardlib.s                 0x00000000   Number         0  boardinit1.o ABSOLUTE
    ../clib/angel/boardlib.s                 0x00000000   Number         0  boardinit3.o ABSOLUTE
    ../clib/angel/handlers.s                 0x00000000   Number         0  __scatter_zi.o ABSOLUTE
    ../clib/angel/kernel.s                   0x00000000   Number         0  __rtentry2.o ABSOLUTE
    ../clib/angel/kernel.s                   0x00000000   Number         0  __rtentry.o ABSOLUTE
    ../clib/angel/kernel.s                   0x00000000   Number         0  rtexit.o ABSOLUTE
    ../clib/angel/kernel.s                   0x00000000   Number         0  __rtentry5.o ABSOLUTE
    ../clib/angel/kernel.s                   0x00000000   Number         0  rtexit2.o ABSOLUTE
    ../clib/angel/kernel.s                   0x00000000   Number         0  __rtentry4.o ABSOLUTE
    ../clib/angel/rt.s                       0x00000000   Number         0  rt_fp_status_addr_intlibspace.o ABSOLUTE
    ../clib/angel/rt.s                       0x00000000   Number         0  rt_raise.o ABSOLUTE
    ../clib/angel/rt.s                       0x00000000   Number         0  rt_div0.o ABSOLUTE
    ../clib/angel/rt.s                       0x00000000   Number         0  rt_fp_status_addr.o ABSOLUTE
    ../clib/angel/rt.s                       0x00000000   Number         0  aeabi_idiv0_sigfpe.o ABSOLUTE
    ../clib/angel/rt.s                       0x00000000   Number         0  aeabi_idiv0.o ABSOLUTE
    ../clib/angel/scatterp.s                 0x00000000   Number         0  __scatter.o ABSOLUTE
    ../clib/angel/startup.s                  0x00000000   Number         0  __main.o ABSOLUTE
    ../clib/angel/sys.s                      0x00000000   Number         0  libspace.o ABSOLUTE
    ../clib/angel/sys.s                      0x00000000   Number         0  sys_stackheap_hlt.o ABSOLUTE
    ../clib/angel/sys.s                      0x00000000   Number         0  tempstk.o ABSOLUTE
    ../clib/angel/sys.s                      0x00000000   Number         0  sys_stackheap.o ABSOLUTE
    ../clib/angel/sys.s                      0x00000000   Number         0  indicate_semi.o ABSOLUTE
    ../clib/angel/sys.s                      0x00000000   Number         0  use_no_semi.o ABSOLUTE
    ../clib/angel/sys.s                      0x00000000   Number         0  sys_stackheap_outer.o ABSOLUTE
    ../clib/angel/sysapp.c                   0x00000000   Number         0  sys_wrch_hlt.o ABSOLUTE
    ../clib/angel/sysapp.c                   0x00000000   Number         0  sys_wrch.o ABSOLUTE
    ../clib/angel/sysapp.c                   0x00000000   Number         0  sys_command_hlt.o ABSOLUTE
    ../clib/angel/sysapp.c                   0x00000000   Number         0  sys_exit_hlt.o ABSOLUTE
    ../clib/angel/sysapp.c                   0x00000000   Number         0  sys_command.o ABSOLUTE
    ../clib/angel/sysapp.c                   0x00000000   Number         0  sys_exit.o ABSOLUTE
    ../clib/armsys.c                         0x00000000   Number         0  no_argv.o ABSOLUTE
    ../clib/armsys.c                         0x00000000   Number         0  _get_argv_nomalloc.o ABSOLUTE
    ../clib/armsys.c                         0x00000000   Number         0  argv_veneer.o ABSOLUTE
    ../clib/division.s                       0x00000000   Number         0  aeabi_sdiv_div0.o ABSOLUTE
    ../clib/division.s                       0x00000000   Number         0  aeabi_sdiv.o ABSOLUTE
    ../clib/fenv.c                           0x00000000   Number         0  _fptrap.o ABSOLUTE
    ../clib/heapalloc.c                      0x00000000   Number         0  hrguard.o ABSOLUTE
    ../clib/libinit.s                        0x00000000   Number         0  libshutdown2.o ABSOLUTE
    ../clib/libinit.s                        0x00000000   Number         0  libinit2.o ABSOLUTE
    ../clib/libinit.s                        0x00000000   Number         0  libinit3.o ABSOLUTE
    ../clib/libinit.s                        0x00000000   Number         0  libinit.o ABSOLUTE
    ../clib/libinit.s                        0x00000000   Number         0  libshutdown.o ABSOLUTE
    ../clib/memcpset.c                       0x00000000   Number         0  rt_memcpy.o ABSOLUTE
[...]
    .text                                    0x00000e08   Section        0  _fptrap.o(.text)
    .text                                    0x00000e3c   Section        0  cmpret.o(.text)
    .text                                    0x00000e70   Section        0  retnan.o(.text)
    .text                                    0x00000f08   Section        0  exit.o(.text)
    .text                                    0x00000f18   Section        0  defsig_fpe_outer.o(.text)
    .text                                    0x00000f24   Section        0  defsig_exit.o(.text)
    .text                                    0x00000f30   Section        0  defsig_fpe_inner.o(.text)
    .text                                    0x00000fdc   Section        0  sys_exit.o(.text)
    .text                                    0x00000fe8   Section        2  use_no_semi.o(.text)
    .text                                    0x00000fea   Section        0  indicate_semi.o(.text)
    .text                                    0x00000fea   Section        0  defsig_general.o(.text)
    .text                                    0x0000101e   Section        0  fpinit.o(.text)
    .text                                    0x0000102a   Section        0  sys_wrch.o(.text)
    .text                                    0x00001036   Section        0  __dclz77c.o(.text)
    [Anonymous Symbol]                       0x00001096   Section        0  system_hc32l021.o(.text.$Sub$$main)
    [Anonymous Symbol]                       0x000010a4   Section        0  interrupts_hc32l021.o(.text.ADC_IRQHandler)
    [Anonymous Symbol]                       0x000010ac   Section        0  interrupts_hc32l021.o(.text.ATIM3_IRQHandler)
    [Anonymous Symbol]                       0x000010b4   Section        0  interrupts_hc32l021.o(.text.Adc_IRQHandler)
    [Anonymous Symbol]                       0x000010b6   Section        0  interrupts_hc32l021.o(.text.Atim3_IRQHandler)
    [Anonymous Symbol]                       0x000010b8   Section        0  fm5114.o(.text.Button_Init_FastMode)
    [Anonymous Symbol]                       0x00001170   Section        0  fm5114.o(.text.Button_Init_Regcopy)
    __arm_cp.28_1                            0x0000120c   Number         4  fm5114.o(.text.Button_Init_Regcopy)
    __arm_cp.28_2                            0x00001210   Number         4  fm5114.o(.text.Button_Init_Regcopy)
    __arm_cp.28_3                            0x00001214   Number         4  fm5114.o(.text.Button_Init_Regcopy)
    [Anonymous Symbol]                       0x00001248   Section        0  interrupts_hc32l021.o(.text.CTIM0_IRQHandler)
    [Anonymous Symbol]                       0x00001250   Section        0  interrupts_hc32l021.o(.text.CTIM1_IRQHandler)
    [Anonymous Symbol]                       0x00001258   Section        0  interrupts_hc32l021.o(.text.CTRIM_CLKDET_IRQHandler)
    [Anonymous Symbol]                       0x00001260   Section        0  interrupts_hc32l021.o(.text.Ctim0_IRQHandler)
    [Anonymous Symbol]                       0x00001262   Section        0  interrupts_hc32l021.o(.text.Ctim1_IRQHandler)
    [Anonymous Symbol]                       0x00001264   Section        0  interrupts_hc32l021.o(.text.Ctrim_Clkdet_IRQHandler)
    [Anonymous Symbol]                       0x00001268   Section        0  ddl.o(.text.DDL_Delay100us)
    __arm_cp.3_1                             0x000012a0   Number         4  ddl.o(.text.DDL_Delay100us)
    [Anonymous Symbol]                       0x000012a4   Section        0  ddl.o(.text.DDL_Delay10us)
    __arm_cp.4_2                             0x000012dc   Number         4  ddl.o(.text.DDL_Delay10us)
    [Anonymous Symbol]                       0x000012e0   Section        0  ddl.o(.text.DDL_Delay1ms)
    __arm_cp.2_0                             0x00001318   Number         4  ddl.o(.text.DDL_Delay1ms)
    __arm_cp.2_1                             0x0000131c   Number         4  ddl.o(.text.DDL_Delay1ms)
    [Anonymous Symbol]                       0x00001320   Section        0  ddl.o(.text.DDL_MemoryClear)
    [Anonymous Symbol]                       0x00001334   Section        0  interrupts_hc32l021.o(.text.EnableNvic)
    __arm_cp.0_0                             0x000013ac   Number         4  interrupts_hc32l021.o(.text.EnableNvic)
    __arm_cp.0_1                             0x000013b0   Number         4  interrupts_hc32l021.o(.text.EnableNvic)
    __arm_cp.0_2                             0x000013b4   Number         4  interrupts_hc32l021.o(.text.EnableNvic)
    __arm_cp.0_3                             0x000013b8   Number         4  interrupts_hc32l021.o(.text.EnableNvic)
    [Anonymous Symbol]                       0x000013bc   Section        0  interrupts_hc32l021.o(.text.FLASH_IRQHandler)
    [Anonymous Symbol]                       0x000013c4   Section        0  reader_api.o(.text.FM5114_Initial_ReaderA)
    __arm_cp.0_0                             0x00001414   Number         4  reader_api.o(.text.FM5114_Initial_ReaderA)
    [Anonymous Symbol]                       0x00001418   Section        0  fm5114.o(.text.FM5114_Reader_Reset)
    __arm_cp.2_0                             0x00001440   Number         4  fm5114.o(.text.FM5114_Reader_Reset)
    [Anonymous Symbol]                       0x00001444   Section        0  fm5114.o(.text.FM5114_Touch_Button_Auto_Tuning)
    __arm_cp.26_11                           0x00001790   Number         4  fm5114.o(.text.FM5114_Touch_Button_Auto_Tuning)
    __arm_cp.26_1                            0x00001f3c   Number         4  fm5114.o(.text.FM5114_Touch_Button_Auto_Tuning)
    __arm_cp.26_2                            0x00001f40   Number         4  fm5114.o(.text.FM5114_Touch_Button_Auto_Tuning)
    __arm_cp.26_3                            0x00001f44   Number         4  fm5114.o(.text.FM5114_Touch_Button_Auto_Tuning)
    __arm_cp.26_4                            0x00001f48   Number         4  fm5114.o(.text.FM5114_Touch_Button_Auto_Tuning)
    [Anonymous Symbol]                       0x00001f4c   Section        0  fm5114.o(.text.FM5114_Touch_Calibrate)
    [Anonymous Symbol]                       0x00001f84   Section        0  fm5114.o(.text.FM5114_Touch_Init)
    __arm_cp.30_0                            0x000021d8   Number         4  fm5114.o(.text.FM5114_Touch_Init)
    __arm_cp.30_2                            0x000021ec   Number         4  fm5114.o(.text.FM5114_Touch_Init)
    [Anonymous Symbol]                       0x000021fc   Section        0  fm5114.o(.text.FM5114_Touch_Reset)
    [Anonymous Symbol]                       0x00002220   Section        0  fm5114.o(.text.FM5114_Touch_SoftReset)
    [Anonymous Symbol]                       0x0000224e   Section        0  fm5114.o(.text.FM5114_Touch_Trim_Load)
    [Anonymous Symbol]                       0x000022b0   Section        0  interrupts_hc32l021.o(.text.Flash_IRQHandler)
    [Anonymous Symbol]                       0x000022b4   Section        0  defin.o(.text.GPIO_ExtiInit)
    __arm_cp.0_0                             0x00002328   Number         4  defin.o(.text.GPIO_ExtiInit)
    __arm_cp.0_1                             0x0000232c   Number         4  defin.o(.text.GPIO_ExtiInit)
    [Anonymous Symbol]                       0x00002330   Section        0  gpio.o(.text.GPIO_Init)
    __arm_cp.0_0                             0x00002474   Number         4  gpio.o(.text.GPIO_Init)
    [Anonymous Symbol]                       0x00002478   Section        0  gpio.o(.text.GPIO_IntFlagClear)
    [Anonymous Symbol]                       0x00002484   Section        0  gpio.o(.text.GPIO_IntFlagGet)
    [Anonymous Symbol]                       0x00002496   Section        0  uart.o(.text.GPIO_Read)
    [Anonymous Symbol]                       0x000024a2   Section        0  uart.o(.text.GPIO_ResetBits)
    [Anonymous Symbol]                       0x000024aa   Section        0  uart.o(.text.GPIO_SetBits)
    [Anonymous Symbol]                       0x000024b2   Section        0  gpio.o(.text.GPIO_StcInit)
    [Anonymous Symbol]                       0x000024c4   Section        0  fm5114.o(.text.GetReg)
    __arm_cp.5_0                             0x00002510   Number         4  fm5114.o(.text.GetReg)
    [Anonymous Symbol]                       0x00002514   Section        0  fm5114.o(.text.GetReg_Ext)
    [Anonymous Symbol]                       0x00002534   Section        0  fm5114.o(.text.Group_Handler)
    [Anonymous Symbol]                       0x00002536   Section        0  interrupts_hc32l021.o(.text.HSI2C_IRQHandler)
    [Anonymous Symbol]                       0x0000253e   Section        0  hsi2c.o(.text.HSI2C_MasterBaudRateSet)
    [Anonymous Symbol]                       0x000026f0   Section        0  hsi2c.o(.text.HSI2C_MasterErrorGet)
    [Anonymous Symbol]                       0x00002714   Section        0  hsi2c.o(.text.HSI2C_MasterInit)
    __arm_cp.0_0                             0x00002788   Number         4  hsi2c.o(.text.HSI2C_MasterInit)
    __arm_cp.0_1                             0x0000278c   Number         4  hsi2c.o(.text.HSI2C_MasterInit)
    [Anonymous Symbol]                       0x00002790   Section        0  hsi2c.o(.text.HSI2C_MasterMcfgr1Config)
    [Anonymous Symbol]                       0x000027b0   Section        0  hsi2c.o(.text.HSI2C_MasterMcfgr2Config)
    __arm_cp.3_0                             0x000027e4   Number         4  hsi2c.o(.text.HSI2C_MasterMcfgr2Config)
    __arm_cp.3_1                             0x000027e8   Number         4  hsi2c.o(.text.HSI2C_MasterMcfgr2Config)
    __arm_cp.3_2                             0x000027ec   Number         4  hsi2c.o(.text.HSI2C_MasterMcfgr2Config)
    __arm_cp.3_3                             0x000027f0   Number         4  hsi2c.o(.text.HSI2C_MasterMcfgr2Config)
    [Anonymous Symbol]                       0x000027f4   Section        0  hsi2c.o(.text.HSI2C_MasterStatusMachineRestart)
    __arm_cp.16_1                            0x00002810   Number         4  hsi2c.o(.text.HSI2C_MasterStatusMachineRestart)
    [Anonymous Symbol]                       0x00002814   Section        0  hsi2c.o(.text.HSI2C_MasterStatusMachineRxCmd)
    [Anonymous Symbol]                       0x0000284c   Section        0  hsi2c.o(.text.HSI2C_MasterStatusMachineStart)
    [Anonymous Symbol]                       0x00002888   Section        0  hsi2c.o(.text.HSI2C_MasterStatusMachineSubAddr)
    [Anonymous Symbol]                       0x000028d4   Section        0  hsi2c.o(.text.HSI2C_MasterStatusMachineTrans)
    [Anonymous Symbol]                       0x000028fc   Section        0  hsi2c.o(.text.HSI2C_MasterStcInit)
    [Anonymous Symbol]                       0x00002924   Section        0  hsi2c.o(.text.HSI2C_MasterTransferPoll)
    __arm_cp.21_0                            0x00002a7c   Number         4  hsi2c.o(.text.HSI2C_MasterTransferPoll)
    __arm_cp.21_1                            0x00002a80   Number         4  hsi2c.o(.text.HSI2C_MasterTransferPoll)
    __arm_cp.21_2                            0x00002a84   Number         4  hsi2c.o(.text.HSI2C_MasterTransferPoll)
    [Anonymous Symbol]                       0x00002a88   Section        0  interrupts_hc32l021.o(.text.HardFault_Handler)
    [Anonymous Symbol]                       0x00002a98   Section        0  interrupts_hc32l021.o(.text.Hsi2c_IRQHandler)
    [Anonymous Symbol]                       0x00002a9c   Section        0  fm5114.o(.text.I2C_Configure)
    I2C_Configure                            0x00002a9d   Thumb Code    52  fm5114.o(.text.I2C_Configure)
    __arm_cp.9_0                             0x00002ac0   Number         4  fm5114.o(.text.I2C_Configure)
    __arm_cp.9_1                             0x00002ac4   Number         4  fm5114.o(.text.I2C_Configure)
    __arm_cp.9_2                             0x00002ac8   Number         4  fm5114.o(.text.I2C_Configure)
    __arm_cp.9_3                             0x00002acc   Number         4  fm5114.o(.text.I2C_Configure)
    [Anonymous Symbol]                       0x00002ad0   Section        0  interrupts_hc32l021.o(.text.IWDT_IRQHandler)
    [Anonymous Symbol]                       0x00002ad8   Section        0  interrupts_hc32l021.o(.text.Iwdt_IRQHandler)
    [Anonymous Symbol]                       0x00002ada   Section        0  interrupts_hc32l021.o(.text.LPUART0_IRQHandler)
    [Anonymous Symbol]                       0x00002ae2   Section        0  interrupts_hc32l021.o(.text.LPUART1_IRQHandler)
    [Anonymous Symbol]                       0x00002aea   Section        0  lpuart.o(.text.LPUART_Init)
    [Anonymous Symbol]                       0x00002b4e   Section        0  lpuart.o(.text.LPUART_IntFlagClearAll)
    [Anonymous Symbol]                       0x00002b54   Section        0  lpuart.o(.text.LPUART_StcInit)
    [Anonymous Symbol]                       0x00002b72   Section        0  lpuart.o(.text.LPUART_TransmitPoll)
    [Anonymous Symbol]                       0x00002ba4   Section        0  interrupts_hc32l021.o(.text.LVD_IRQHandler)
    [Anonymous Symbol]                       0x00002bac   Section        0  interrupts_hc32l021.o(.text.LpUart0_IRQHandler)
    [Anonymous Symbol]                       0x00002bae   Section        0  interrupts_hc32l021.o(.text.LpUart1_IRQHandler)
    [Anonymous Symbol]                       0x00002bb0   Section        0  lpcd_api.o(.text.Lpcd_Adc_Event)
    __arm_cp.5_0                             0x00002c54   Number         4  lpcd_api.o(.text.Lpcd_Adc_Event)
    __arm_cp.5_2                             0x00002c70   Number         4  lpcd_api.o(.text.Lpcd_Adc_Event)
    __arm_cp.5_4                             0x00002c88   Number         4  lpcd_api.o(.text.Lpcd_Adc_Event)
    [Anonymous Symbol]                       0x00002ce0   Section        0  lpcd_api.o(.text.Lpcd_Get_ADC_Value)
    [Anonymous Symbol]                       0x00002d2c   Section        0  lpcd_api.o(.text.Lpcd_Init_Register)
    __arm_cp.0_0                             0x00002db4   Number         4  lpcd_api.o(.text.Lpcd_Init_Register)
    [Anonymous Symbol]                       0x00002dd0   Section        0  lpcd_api.o(.text.Lpcd_Set_Mode)
    [Anonymous Symbol]                       0x00002e00   Section        0  interrupts_hc32l021.o(.text.Lvd_IRQHandler)
    [Anonymous Symbol]                       0x00002e04   Section        0  mifare.o(.text.Mifare_Auth)
    [Anonymous Symbol]                       0x00002ef8   Section        0  mifare.o(.text.Mifare_Blockread)
    [Anonymous Symbol]                       0x00002f90   Section        0  fm5114.o(.text.ModifyReg)
    [Anonymous Symbol]                       0x00002fbe   Section        0  interrupts_hc32l021.o(.text.PORTA_IRQHandler)
    [Anonymous Symbol]                       0x00002fc6   Section        0  interrupts_hc32l021.o(.text.PORTB_IRQHandler)
    [Anonymous Symbol]                       0x00002fd0   Section        0  main.o(.text.PortA_IRQHandler)
    __arm_cp.2_0                             0x0000300c   Number         4  main.o(.text.PortA_IRQHandler)
    __arm_cp.2_1                             0x00003010   Number         4  main.o(.text.PortA_IRQHandler)
    __arm_cp.2_2                             0x00003014   Number         4  main.o(.text.PortA_IRQHandler)
    [Anonymous Symbol]                       0x00003018   Section        0  interrupts_hc32l021.o(.text.PortB_IRQHandler)
    [Anonymous Symbol]                       0x0000301a   Section        0  interrupts_hc32l021.o(.text.RTC_IRQHandler)
    [Anonymous Symbol]                       0x00003024   Section        0  reader_api.o(.text.ReaderA_AntiColl)
    __arm_cp.5_2                             0x000030ec   Number         4  reader_api.o(.text.ReaderA_AntiColl)
    [Anonymous Symbol]                       0x000030f0   Section        0  reader_api.o(.text.ReaderA_CardActivate)
    __arm_cp.7_1                             0x00003140   Number         4  reader_api.o(.text.ReaderA_CardActivate)
    [Anonymous Symbol]                       0x00003144   Section        0  reader_api.o(.text.ReaderA_Select)
    __arm_cp.6_0                             0x000031f8   Number         4  reader_api.o(.text.ReaderA_Select)
    __arm_cp.6_1                             0x000031fc   Number         4  reader_api.o(.text.ReaderA_Select)
    [Anonymous Symbol]                       0x00003200   Section        0  reader_api.o(.text.ReaderA_Wakeup)
    __arm_cp.3_0                             0x0000328c   Number         4  reader_api.o(.text.ReaderA_Wakeup)
    __arm_cp.3_2                             0x000032a4   Number         4  reader_api.o(.text.ReaderA_Wakeup)
    [Anonymous Symbol]                       0x000032a8   Section        0  interrupts_hc32l021.o(.text.Rtc_IRQHandler)
    [Anonymous Symbol]                       0x000032aa   Section        0  interrupts_hc32l021.o(.text.SPI_IRQHandler)
    [Anonymous Symbol]                       0x000032b4   Section        0  sysctrl.o(.text.SYSCTRL_ClockInit)
    __arm_cp.0_0                             0x00003320   Number         4  sysctrl.o(.text.SYSCTRL_ClockInit)
    __arm_cp.0_5                             0x00003324   Number         4  sysctrl.o(.text.SYSCTRL_ClockInit)
    [Anonymous Symbol]                       0x00003328   Section        0  sysctrl.o(.text.SYSCTRL_ClockSrcEnable)
    __arm_cp.1_1                             0x0000345c   Number         4  sysctrl.o(.text.SYSCTRL_ClockSrcEnable)
    [Anonymous Symbol]                       0x00003460   Section        0  sysctrl.o(.text.SYSCTRL_ClockStcInit)
    [Anonymous Symbol]                       0x00003468   Section        0  sysctrl.o(.text.SYSCTRL_HclkFreqGet)
    __arm_cp.5_0                             0x000034d4   Number         4  sysctrl.o(.text.SYSCTRL_HclkFreqGet)
    __arm_cp.5_1                             0x000034d8   Number         4  sysctrl.o(.text.SYSCTRL_HclkFreqGet)
    __arm_cp.5_2                             0x000034dc   Number         4  sysctrl.o(.text.SYSCTRL_HclkFreqGet)
    __arm_cp.5_3                             0x000034e0   Number         4  sysctrl.o(.text.SYSCTRL_HclkFreqGet)
    [Anonymous Symbol]                       0x000034f4   Section        0  sysctrl.o(.text.SYSCTRL_PeriphClockEnable)
    __arm_cp.17_0                            0x00003510   Number         4  sysctrl.o(.text.SYSCTRL_PeriphClockEnable)
    [Anonymous Symbol]                       0x00003514   Section        0  sysctrl.o(.text.SYSCTRL_SysClockSwitch)
    __arm_cp.2_0                             0x000035a4   Number         4  sysctrl.o(.text.SYSCTRL_SysClockSwitch)
    __arm_cp.2_1                             0x000035a8   Number         4  sysctrl.o(.text.SYSCTRL_SysClockSwitch)
    __arm_cp.2_2                             0x000035ac   Number         4  sysctrl.o(.text.SYSCTRL_SysClockSwitch)
    __arm_cp.2_3                             0x000035b0   Number         4  sysctrl.o(.text.SYSCTRL_SysClockSwitch)
    [Anonymous Symbol]                       0x000035b4   Section        0  fm5114.o(.text.Scan_Start)
    [Anonymous Symbol]                       0x000035dc   Section        0  fm5114.o(.text.SetCW)
    [Anonymous Symbol]                       0x00003644   Section        0  fm5114.o(.text.SetReg)
    [Anonymous Symbol]                       0x00003670   Section        0  fm5114.o(.text.SetReg_Ext)
    [Anonymous Symbol]                       0x00003692   Section        0  interrupts_hc32l021.o(.text.Spi_IRQHandler)
    [Anonymous Symbol]                       0x00003694   Section        0  interrupts_hc32l021.o(.text.SysTick_Handler)
    [Anonymous Symbol]                       0x0000369c   Section        0  interrupts_hc32l021.o(.text.SysTick_IRQHandler)
    [Anonymous Symbol]                       0x000036a0   Section        0  system_hc32l021.o(.text.SystemCoreClockUpdate)
    __arm_cp.0_0                             0x000036ac   Number         4  system_hc32l021.o(.text.SystemCoreClockUpdate)
    [Anonymous Symbol]                       0x000036b0   Section        0  system_hc32l021.o(.text.SystemInit)
    __arm_cp.1_0                             0x000036e4   Number         4  system_hc32l021.o(.text.SystemInit)
    __arm_cp.1_1                             0x000036e8   Number         4  system_hc32l021.o(.text.SystemInit)
    __arm_cp.1_2                             0x000036ec   Number         4  system_hc32l021.o(.text.SystemInit)
    __arm_cp.1_3                             0x000036f0   Number         4  system_hc32l021.o(.text.SystemInit)
    __arm_cp.1_4                             0x000036f4   Number         4  system_hc32l021.o(.text.SystemInit)
    __arm_cp.1_5                             0x000036f8   Number         4  system_hc32l021.o(.text.SystemInit)
    __arm_cp.1_6                             0x000036fc   Number         4  system_hc32l021.o(.text.SystemInit)
    [Anonymous Symbol]                       0x00003700   Section        0  lpcd_api.o(.text.TYPE_A_EVENT)
    __arm_cp.8_2                             0x000037d0   Number         4  lpcd_api.o(.text.TYPE_A_EVENT)
    __arm_cp.8_4                             0x000037e4   Number         4  lpcd_api.o(.text.TYPE_A_EVENT)
    __arm_cp.8_5                             0x000037e8   Number         4  lpcd_api.o(.text.TYPE_A_EVENT)
    __arm_cp.8_8                             0x00003810   Number         4  lpcd_api.o(.text.TYPE_A_EVENT)
    __arm_cp.8_10                            0x00003828   Number         4  lpcd_api.o(.text.TYPE_A_EVENT)
    [Anonymous Symbol]                       0x00003844   Section        0  fm5114.o(.text.TrimLoad_PowerOff)
    [Anonymous Symbol]                       0x00003878   Section        0  fm5114.o(.text.TrimLoad_PowerOn)
    [Anonymous Symbol]                       0x000038a6   Section        0  interrupts_hc32l021.o(.text.VC0_IRQHandler)
    [Anonymous Symbol]                       0x000038ae   Section        0  interrupts_hc32l021.o(.text.VC1_IRQHandler)
    [Anonymous Symbol]                       0x000038b6   Section        0  interrupts_hc32l021.o(.text.Vc0_IRQHandler)
    [Anonymous Symbol]                       0x000038b8   Section        0  interrupts_hc32l021.o(.text.Vc1_IRQHandler)
    [Anonymous Symbol]                       0x000038bc   Section        0  fm5114.o(.text.i2c_init)
    __arm_cp.1_0                             0x0000390c   Number         4  fm5114.o(.text.i2c_init)
    __arm_cp.1_1                             0x00003910   Number         4  fm5114.o(.text.i2c_init)
    __arm_cp.1_2                             0x00003914   Number         4  fm5114.o(.text.i2c_init)
    __arm_cp.1_3                             0x00003918   Number         4  fm5114.o(.text.i2c_init)
    __arm_cp.1_4                             0x0000391c   Number         4  fm5114.o(.text.i2c_init)
    [Anonymous Symbol]                       0x00003930   Section        0  uart.o(.text.log_num)
    log_num                                  0x00003931   Thumb Code   268  uart.o(.text.log_num)
    __arm_cp.5_0                             0x00003a2c   Number         4  uart.o(.text.log_num)
    [Anonymous Symbol]                       0x00003a3c   Section        0  uart.o(.text.log_printf)
    __arm_cp.4_0                             0x00003af8   Number         4  uart.o(.text.log_printf)
    [Anonymous Symbol]                       0x00003afc   Section        0  main.o(.text.main)
    __arm_cp.1_53                            0x00003d08   Number         4  main.o(.text.main)
    __arm_cp.1_55                            0x00003d24   Number         4  main.o(.text.main)
    __arm_cp.1_62                            0x00003d68   Number         4  main.o(.text.main)
    __arm_cp.1_63                            0x00003d6c   Number         4  main.o(.text.main)
    __arm_cp.1_64                            0x00003d70   Number         4  main.o(.text.main)
    __arm_cp.1_65                            0x00003d74   Number         4  main.o(.text.main)
    __arm_cp.1_68                            0x00004138   Number         4  main.o(.text.main)
    __arm_cp.1_69                            0x0000413c   Number         4  main.o(.text.main)
    __arm_cp.1_70                            0x00004140   Number         4  main.o(.text.main)
    __arm_cp.1_71                            0x00004144   Number         4  main.o(.text.main)
    __arm_cp.1_72                            0x00004148   Number         4  main.o(.text.main)
    __arm_cp.1_73                            0x0000414c   Number         4  main.o(.text.main)
    __arm_cp.1_74                            0x00004280   Number         4  main.o(.text.main)
    __arm_cp.1_1                             0x00004288   Number         4  main.o(.text.main)
    __arm_cp.1_2                             0x0000428c   Number         4  main.o(.text.main)
    __arm_cp.1_7                             0x00004290   Number         4  main.o(.text.main)
    __arm_cp.1_10                            0x00004294   Number         4  main.o(.text.main)
    __arm_cp.1_11                            0x00004298   Number         4  main.o(.text.main)
    __arm_cp.1_12                            0x0000429c   Number         4  main.o(.text.main)
    __arm_cp.1_17                            0x000042a0   Number         4  main.o(.text.main)
    __arm_cp.1_26                            0x000042a4   Number         4  main.o(.text.main)
    __arm_cp.1_27                            0x000042a8   Number         4  main.o(.text.main)
    __arm_cp.1_28                            0x000042ac   Number         4  main.o(.text.main)
    __arm_cp.1_29                            0x000042b0   Number         4  main.o(.text.main)
    __arm_cp.1_30                            0x000042b4   Number         4  main.o(.text.main)
    __arm_cp.1_31                            0x000042b8   Number         4  main.o(.text.main)
    __arm_cp.1_32                            0x000042bc   Number         4  main.o(.text.main)
    __arm_cp.1_33                            0x000042c0   Number         4  main.o(.text.main)
    __arm_cp.1_34                            0x000042c4   Number         4  main.o(.text.main)
    __arm_cp.1_35                            0x000042c8   Number         4  main.o(.text.main)
    __arm_cp.1_36                            0x000042cc   Number         4  main.o(.text.main)
    __arm_cp.1_37                            0x000042d0   Number         4  main.o(.text.main)
    __arm_cp.1_38                            0x000042d4   Number         4  main.o(.text.main)
    __arm_cp.1_39                            0x000042d8   Number         4  main.o(.text.main)
    __arm_cp.1_40                            0x000042dc   Number         4  main.o(.text.main)
    __arm_cp.1_41                            0x000042e0   Number         4  main.o(.text.main)
    __arm_cp.1_42                            0x000042e4   Number         4  main.o(.text.main)
    __arm_cp.1_43                            0x000042e8   Number         4  main.o(.text.main)
    __arm_cp.1_44                            0x000042ec   Number         4  main.o(.text.main)
    __arm_cp.1_45                            0x000042f0   Number         4  main.o(.text.main)
    __arm_cp.1_46                            0x000042f4   Number         4  main.o(.text.main)
    __arm_cp.1_47                            0x000042f8   Number         4  main.o(.text.main)
    [Anonymous Symbol]                       0x0000430c   Section        0  uart.o(.text.uart_init)
    __arm_cp.3_0                             0x000043b0   Number         4  uart.o(.text.uart_init)
    __arm_cp.3_1                             0x000043b4   Number         4  uart.o(.text.uart_init)
    i.__funder_d                             0x000043b8   Section        0  funder.o(i.__funder_d)
    x$fpl$fadd                               0x00004438   Section      312  faddsub.o(x$fpl$fadd)
    _fadd1                                   0x00004459   Thumb Code     0  faddsub.o(x$fpl$fadd)
    fadd_denorm                              0x0000452f   Thumb Code     0  faddsub.o(x$fpl$fadd)
    x$fpl$fsub                               0x00004570   Section      372  faddsub.o(x$fpl$fsub)
    _fsub1                                   0x00004591   Thumb Code     0  faddsub.o(x$fpl$fsub)
    fsub_naninf                              0x000045d1   Thumb Code     4  faddsub.o(x$fpl$fsub)
    fsub_zerodenorm0                         0x000045d5   Thumb Code     4  faddsub.o(x$fpl$fsub)
    fsub_zerodenorm                          0x000045d9   Thumb Code     4  faddsub.o(x$fpl$fsub)
    fsub_diffsame                            0x00004637   Thumb Code     0  faddsub.o(x$fpl$fsub)
    fsub_denorm                              0x000046bd   Thumb Code     0  faddsub.o(x$fpl$fsub)
    .constdata                               0x000046e4   Section       64  fdiv.o(.constdata)
    x$fpl$usenofp                            0x000046e4   Section        0  usenofp.o(x$fpl$usenofp)
    fdiv_tab                                 0x000046e4   Data          64  fdiv.o(.constdata)
    [Anonymous Symbol]                       0x00004724   Section        0  main.o(.rodata.str1.1)
    .L.str.9                                 0x00004724   Data          17  main.o(.rodata.str1.1)
    .L.str.36                                0x00004735   Data          18  main.o(.rodata.str1.1)
    .L.str.26                                0x00004747   Data          17  main.o(.rodata.str1.1)
    .L.str.37                                0x00004758   Data          18  main.o(.rodata.str1.1)
    .L.str.27                                0x0000476a   Data          17  main.o(.rodata.str1.1)
    .L.str.38                                0x0000477b   Data          18  main.o(.rodata.str1.1)
    .L.str.28                                0x0000478d   Data          17  main.o(.rodata.str1.1)
    .L.str.39                                0x0000479e   Data          18  main.o(.rodata.str1.1)
    .L.str.29                                0x000047b0   Data          17  main.o(.rodata.str1.1)
    .L.str.30                                0x000047c1   Data          17  main.o(.rodata.str1.1)
    .L.str.31                                0x000047d2   Data          17  main.o(.rodata.str1.1)
    .L.str.32                                0x000047e3   Data          17  main.o(.rodata.str1.1)
    .L.str.33                                0x000047f4   Data          17  main.o(.rodata.str1.1)
    .L.str.34                                0x00004805   Data          17  main.o(.rodata.str1.1)
    .L.str.35                                0x00004816   Data          17  main.o(.rodata.str1.1)
    .L.str.22                                0x00004827   Data          19  main.o(.rodata.str1.1)
    .L.str.12                                0x0000483a   Data          18  main.o(.rodata.str1.1)
    .L.str.23                                0x0000484c   Data          19  main.o(.rodata.str1.1)
    .L.str.13                                0x0000485f   Data          18  main.o(.rodata.str1.1)
    .L.str.24                                0x00004871   Data          19  main.o(.rodata.str1.1)
    .L.str.14                                0x00004884   Data          18  main.o(.rodata.str1.1)
    .L.str.25                                0x00004896   Data          19  main.o(.rodata.str1.1)
    .L.str.15                                0x000048a9   Data          18  main.o(.rodata.str1.1)
    .L.str.16                                0x000048bb   Data          18  main.o(.rodata.str1.1)
    .L.str.17                                0x000048cd   Data          18  main.o(.rodata.str1.1)
    .L.str.18                                0x000048df   Data          18  main.o(.rodata.str1.1)
    .L.str.19                                0x000048f1   Data          18  main.o(.rodata.str1.1)
    .L.str.20                                0x00004903   Data          18  main.o(.rodata.str1.1)
    .L.str.21                                0x00004915   Data          18  main.o(.rodata.str1.1)
    .L.str.2                                 0x00004927   Data          31  main.o(.rodata.str1.1)
    .L.str.1                                 0x00004946   Data          31  main.o(.rodata.str1.1)
    .L.str.8                                 0x00004965   Data          26  main.o(.rodata.str1.1)
    .L.str.2                                 0x0000497c   Data           3  main.o(.rodata.str1.1)
    [Anonymous Symbol]                       0x0000497f   Section        0  reader_api.o(.rodata.str1.1)
    .L.str.2                                 0x0000497f   Data          31  reader_api.o(.rodata.str1.1)
    [Anonymous Symbol]                       0x20000000   Section        0  fm5114.o(.data..L_MergedGlobals)
    [Anonymous Symbol]                       0x20000070   Section        0  fm5114.o(.data..L_MergedGlobals.28)
    [Anonymous Symbol]                       0x200000e0   Section        0  fm5114.o(.data..L_MergedGlobals.29)
    .bss                                     0x20000280   Section       96  libspace.o(.bss)
    [Anonymous Symbol]                       0x200002e0   Section        0  hsi2c.o(.bss..L_MergedGlobals)
    [Anonymous Symbol]                       0x20000330   Section        0  hsi2c.o(.bss..L_MergedGlobals.1)
    [Anonymous Symbol]                       0x200003ca   Section        0  fm5114.o(.bss.i2cInitialized)
    i2cInitialized                           0x200003ca   Data           1  fm5114.o(.bss.i2cInitialized)
    STACK                                    0x200003d0   Section     1024  startup_hc32l021.o(STACK)

    Global Symbols

    Symbol Name                              Value     Ov Type        Size  Object(Section)

    BuildAttributes$$THM_ISAv3M$S$PE$A:L22$X:L11$S22$IEEE1$IW$~IW$USESV6$~STKCKD$USESV7$WCHAR32$ENUMINT$~SHL$OSPACE$ROPI$IEEEF$EBA8$UX$MICROLIB$REQ8$PRES8$EABIv2 0x00000000   Number         0  anon$$obj.o ABSOLUTE
    __Vectors                                0x00000000   Data           0  startup_hc32l021.o(RESET)
    Image$$ZI$$Limit                          - Undefined Weak Reference
    __ARM_exceptions_init                     - Undefined Weak Reference
    __alloca_initialize                       - Undefined Weak Reference
    __arm_preinit_                            - Undefined Weak Reference
    __cpp_initialize__aeabi_                  - Undefined Weak Reference
    __cxa_finalize                            - Undefined Weak Reference
    __rt_locale                               - Undefined Weak Reference
    __sigvec_lookup                           - Undefined Weak Reference
    _atexit_init                              - Undefined Weak Reference
    _call_atexit_fns                          - Undefined Weak Reference
    _clock_init                               - Undefined Weak Reference
    _fp_trap_big                              - Undefined Weak Reference
    _fp_trap_init                             - Undefined Weak Reference
    _fp_trap_shutdown                         - Undefined Weak Reference
    _get_lc_collate                           - Undefined Weak Reference
    _get_lc_ctype                             - Undefined Weak Reference
    _get_lc_monetary                          - Undefined Weak Reference
    _get_lc_numeric                           - Undefined Weak Reference
    _get_lc_time                              - Undefined Weak Reference
    _getenv_init                              - Undefined Weak Reference
    _handle_redirection                       - Undefined Weak Reference
    _init_alloc                               - Undefined Weak Reference
    _init_user_alloc                          - Undefined Weak Reference
    _initio                                   - Undefined Weak Reference
    _rand_init                                - Undefined Weak Reference
    _signal_finish                            - Undefined Weak Reference
    _signal_init                              - Undefined Weak Reference
    _terminate_alloc                          - Undefined Weak Reference
    _terminate_user_alloc                     - Undefined Weak Reference
    _terminateio                              - Undefined Weak Reference
    __Vectors_End                            0x000000c0   Data           0  startup_hc32l021.o(RESET)
    __Vectors_Size                           0x000000c0   Number         0  startup_hc32l021.o ABSOLUTE
    __main                                   0x000000c1   Thumb Code     8  __main.o(!!!main)
    __scatterload                            0x000000c9   Thumb Code     0  __scatter.o(!!!scatter)
    __scatterload_rt2                        0x000000c9   Thumb Code    52  __scatter.o(!!!scatter)
    __scatterload_rt2_thumb_only             0x000000c9   Thumb Code     0  __scatter.o(!!!scatter)
    __scatterload_null                       0x000000d9   Thumb Code     0  __scatter.o(!!!scatter)
    __scatterload_zeroinit                   0x00000105   Thumb Code    28  __scatter_zi.o(!!handler_zi)
    __rt_lib_init                            0x00000121   Thumb Code     0  libinit.o(.ARM.Collect$$libinit$$00000000)
    __rt_lib_init_fp_1                       0x00000123   Thumb Code     0  libinit2.o(.ARM.Collect$$libinit$$00000001)
    __rt_lib_init_alloca_1                   0x00000127   Thumb Code     0  libinit2.o(.ARM.Collect$$libinit$$0000002E)
    __rt_lib_init_argv_1                     0x00000127   Thumb Code     0  libinit2.o(.ARM.Collect$$libinit$$0000002C)
    __rt_lib_init_atexit_1                   0x00000127   Thumb Code     0  libinit2.o(.ARM.Collect$$libinit$$0000001B)
    __rt_lib_init_clock_1                    0x00000127   Thumb Code     0  libinit2.o(.ARM.Collect$$libinit$$00000021)
    __rt_lib_init_cpp_1                      0x00000127   Thumb Code     0  libinit2.o(.ARM.Collect$$libinit$$00000032)
    __rt_lib_init_exceptions_1               0x00000127   Thumb Code     0  libinit2.o(.ARM.Collect$$libinit$$00000030)
    __rt_lib_init_fp_trap_1                  0x00000127   Thumb Code     0  libinit2.o(.ARM.Collect$$libinit$$0000001F)
    __rt_lib_init_getenv_1                   0x00000127   Thumb Code     0  libinit2.o(.ARM.Collect$$libinit$$00000023)
    __rt_lib_init_heap_1                     0x00000127   Thumb Code     0  libinit2.o(.ARM.Collect$$libinit$$0000000A)
    __rt_lib_init_lc_collate_1               0x00000127   Thumb Code     0  libinit2.o(.ARM.Collect$$libinit$$00000011)
    __rt_lib_init_lc_ctype_1                 0x00000127   Thumb Code     0  libinit2.o(.ARM.Collect$$libinit$$00000013)
    __rt_lib_init_lc_monetary_1              0x00000127   Thumb Code     0  libinit2.o(.ARM.Collect$$libinit$$00000015)
    __rt_lib_init_lc_numeric_1               0x00000127   Thumb Code     0  libinit2.o(.ARM.Collect$$libinit$$00000017)
    __rt_lib_init_lc_time_1                  0x00000127   Thumb Code     0  libinit2.o(.ARM.Collect$$libinit$$00000019)
    __rt_lib_init_preinit_1                  0x00000127   Thumb Code     0  libinit2.o(.ARM.Collect$$libinit$$00000004)
    __rt_lib_init_rand_1                     0x00000127   Thumb Code     0  libinit2.o(.ARM.Collect$$libinit$$0000000E)
    __rt_lib_init_return                     0x00000127   Thumb Code     0  libinit2.o(.ARM.Collect$$libinit$$00000033)
    __rt_lib_init_signal_1                   0x00000127   Thumb Code     0  libinit2.o(.ARM.Collect$$libinit$$0000001D)
    __rt_lib_init_stdio_1                    0x00000127   Thumb Code     0  libinit2.o(.ARM.Collect$$libinit$$00000025)
    __rt_lib_init_user_alloc_1               0x00000127   Thumb Code     0  libinit2.o(.ARM.Collect$$libinit$$0000000C)
    __rt_lib_shutdown                        0x00000129   Thumb Code     0  libshutdown.o(.ARM.Collect$$libshutdown$$00000000)
    __rt_lib_shutdown_cpp_1                  0x0000012b   Thumb Code     0  libshutdown2.o(.ARM.Collect$$libshutdown$$00000002)
    __rt_lib_shutdown_fp_trap_1              0x0000012b   Thumb Code     0  libshutdown2.o(.ARM.Collect$$libshutdown$$00000007)
    __rt_lib_shutdown_heap_1                 0x0000012b   Thumb Code     0  libshutdown2.o(.ARM.Collect$$libshutdown$$0000000F)
    __rt_lib_shutdown_return                 0x0000012b   Thumb Code     0  libshutdown2.o(.ARM.Collect$$libshutdown$$00000010)
    __rt_lib_shutdown_signal_1               0x0000012b   Thumb Code     0  libshutdown2.o(.ARM.Collect$$libshutdown$$0000000A)
    __rt_lib_shutdown_stdio_1                0x0000012b   Thumb Code     0  libshutdown2.o(.ARM.Collect$$libshutdown$$00000004)
    __rt_lib_shutdown_user_alloc_1           0x0000012b   Thumb Code     0  libshutdown2.o(.ARM.Collect$$libshutdown$$0000000C)
    __rt_entry                               0x0000012d   Thumb Code     0  __rtentry.o(.ARM.Collect$$rtentry$$00000000)
    __rt_entry_presh_1                       0x0000012d   Thumb Code     0  __rtentry2.o(.ARM.Collect$$rtentry$$00000002)
    __rt_entry_sh                            0x0000012d   Thumb Code     0  __rtentry5.o(.ARM.Collect$$rtentry$$00000005)
    __rt_entry_li                            0x00000131   Thumb Code     0  __rtentry2.o(.ARM.Collect$$rtentry$$0000000A)
    __rt_entry_postsh_1                      0x00000131   Thumb Code     0  __rtentry2.o(.ARM.Collect$$rtentry$$00000009)
    __rt_entry_main                          0x00000135   Thumb Code     0  __rtentry2.o(.ARM.Collect$$rtentry$$0000000D)
    __rt_entry_postli_1                      0x00000135   Thumb Code     0  __rtentry2.o(.ARM.Collect$$rtentry$$0000000C)
    __rt_exit                                0x00000141   Thumb Code     0  rtexit.o(.ARM.Collect$$rtexit$$00000000)
    __rt_exit_ls                             0x00000143   Thumb Code     0  rtexit2.o(.ARM.Collect$$rtexit$$00000003)
    __rt_exit_prels_1                        0x00000143   Thumb Code     0  rtexit2.o(.ARM.Collect$$rtexit$$00000002)
    __rt_exit_exit                           0x00000147   Thumb Code     0  rtexit2.o(.ARM.Collect$$rtexit$$00000004)
    Reset_Handler                            0x0000014d   Thumb Code    26  startup_hc32l021.o(.text)
    NMI_Handler                              0x00000167   Thumb Code     2  startup_hc32l021.o(.text)
    SVC_Handler                              0x0000016b   Thumb Code     2  startup_hc32l021.o(.text)
    PendSV_Handler                           0x0000016d   Thumb Code     2  startup_hc32l021.o(.text)
    _memset_w                                0x00000189   Thumb Code    26  rt_memclr.o(.text)
    _memset                                  0x000001a3   Thumb Code    30  rt_memclr.o(.text)
    __aeabi_memclr                           0x000001c1   Thumb Code     4  rt_memclr.o(.text)
    __rt_memclr                              0x000001c1   Thumb Code     0  rt_memclr.o(.text)
    __aeabi_memclr4                          0x000001c5   Thumb Code     0  rt_memclr.o(.text)
    __aeabi_memclr8                          0x000001c5   Thumb Code     0  rt_memclr.o(.text)
    __rt_memclr_w                            0x000001c5   Thumb Code     4  rt_memclr.o(.text)
    __aeabi_uidiv                            0x000001c9   Thumb Code     0  aeabi_sdiv.o(.text)
    __aeabi_uidivmod                         0x000001c9   Thumb Code    20  aeabi_sdiv.o(.text)
    __aeabi_idiv                             0x000001dd   Thumb Code     0  aeabi_sdiv.o(.text)
    __aeabi_idivmod                          0x000001dd   Thumb Code   326  aeabi_sdiv.o(.text)
    __aeabi_d2uiz                            0x00000325   Thumb Code     0  dfixui.o(.text)
    _dfixu                                   0x00000325   Thumb Code    84  dfixui.o(.text)
    __aeabi_i2d_normalise                    0x0000038d   Thumb Code    66  dflti.o(.text)
    __aeabi_i2d                              0x000003cf   Thumb Code    16  dflti.o(.text)
    _dflt                                    0x000003cf   Thumb Code     0  dflti.o(.text)
    __aeabi_ui2d                             0x000003df   Thumb Code     6  dflti.o(.text)
    _dfltu                                   0x000003df   Thumb Code     0  dflti.o(.text)
    __aeabi_dmul                             0x000003e5   Thumb Code     0  dmul.o(.text)
    _dmul                                    0x000003e5   Thumb Code   840  dmul.o(.text)
    __aeabi_fdiv                             0x0000074d   Thumb Code     0  fdiv.o(.text)
    _fdiv                                    0x0000074d   Thumb Code   384  fdiv.o(.text)
    _frdiv                                   0x000008cd   Thumb Code     8  fdiv.o(.text)
    __aeabi_f2uiz                            0x000008e5   Thumb Code     0  ffixui.o(.text)
    _ffixu                                   0x000008e5   Thumb Code    62  ffixui.o(.text)
    __aeabi_i2f_normalise                    0x00000931   Thumb Code    72  fflti.o(.text)
    __aeabi_i2f                              0x00000979   Thumb Code    16  fflti.o(.text)
    _fflt                                    0x00000979   Thumb Code     0  fflti.o(.text)
    __aeabi_ui2f                             0x00000989   Thumb Code     6  fflti.o(.text)
    _ffltu                                   0x00000989   Thumb Code     0  fflti.o(.text)
    __fpl_dcheck_NaN2                        0x00000991   Thumb Code    82  dnan2.o(.text)
    __dunder                                 0x000009e9   Thumb Code   270  dunder.o(.text)
    __fpl_exception                          0x00000b01   Thumb Code   332  except.o(.text)
    __fpl_fcheck_NaN2                        0x00000c5d   Thumb Code    60  fnan2.o(.text)
    __fpl_normalise2                         0x00000c99   Thumb Code   140  fnorm2.o(.text)
    __funder                                 0x00000d31   Thumb Code   206  funder.o(.text)
    __rt_fp_status_addr                      0x00000e01   Thumb Code     8  rt_fp_status_addr_intlibspace.o(.text)
    _fp_trap                                 0x00000e09   Thumb Code    46  _fptrap.o(.text)
    __fpl_cmpreturn                          0x00000e3d   Thumb Code    52  cmpret.o(.text)
    __fpl_return_NaN                         0x00000e71   Thumb Code   148  retnan.o(.text)
    exit                                     0x00000f09   Thumb Code    16  exit.o(.text)
    __rt_SIGFPE                              0x00000f19   Thumb Code    12  defsig_fpe_outer.o(.text)
    __sig_exit                               0x00000f25   Thumb Code    12  defsig_exit.o(.text)
    __rt_SIGFPE_inner                        0x00000f31   Thumb Code    62  defsig_fpe_inner.o(.text)
    _sys_exit                                0x00000fdd   Thumb Code     8  sys_exit.o(.text)
    __I$use$semihosting                      0x00000fe9   Thumb Code     0  use_no_semi.o(.text)
    __use_no_semihosting_swi                 0x00000fe9   Thumb Code     2  use_no_semi.o(.text)
    __default_signal_display                 0x00000feb   Thumb Code    52  defsig_general.o(.text)
    __semihosting_library_function           0x00000feb   Thumb Code     0  indicate_semi.o(.text)
    _fp_init                                 0x0000101f   Thumb Code    12  fpinit.o(.text)
    _ttywrch                                 0x0000102b   Thumb Code    12  sys_wrch.o(.text)
    __decompress                             0x00001037   Thumb Code     0  __dclz77c.o(.text)
    __decompress2                            0x00001037   Thumb Code    96  __dclz77c.o(.text)
    main                                     0x00001097   Thumb Code    14  system_hc32l021.o(.text.$Sub$$main)
    ADC_IRQHandler                           0x000010a5   Thumb Code     8  interrupts_hc32l021.o(.text.ADC_IRQHandler)
    ATIM3_IRQHandler                         0x000010ad   Thumb Code     8  interrupts_hc32l021.o(.text.ATIM3_IRQHandler)
    Adc_IRQHandler                           0x000010b5   Thumb Code     2  interrupts_hc32l021.o(.text.Adc_IRQHandler)
    Atim3_IRQHandler                         0x000010b7   Thumb Code     2  interrupts_hc32l021.o(.text.Atim3_IRQHandler)
    Button_Init_FastMode                     0x000010b9   Thumb Code   192  fm5114.o(.text.Button_Init_FastMode)
    Button_Init_Regcopy                      0x00001171   Thumb Code   216  fm5114.o(.text.Button_Init_Regcopy)
    CTIM0_IRQHandler                         0x00001249   Thumb Code     8  interrupts_hc32l021.o(.text.CTIM0_IRQHandler)
    CTIM1_IRQHandler                         0x00001251   Thumb Code     8  interrupts_hc32l021.o(.text.CTIM1_IRQHandler)
    CTRIM_CLKDET_IRQHandler                  0x00001259   Thumb Code     8  interrupts_hc32l021.o(.text.CTRIM_CLKDET_IRQHandler)
    Ctim0_IRQHandler                         0x00001261   Thumb Code     2  interrupts_hc32l021.o(.text.Ctim0_IRQHandler)
    Ctim1_IRQHandler                         0x00001263   Thumb Code     2  interrupts_hc32l021.o(.text.Ctim1_IRQHandler)
    Ctrim_Clkdet_IRQHandler                  0x00001265   Thumb Code     2  interrupts_hc32l021.o(.text.Ctrim_Clkdet_IRQHandler)
    DDL_Delay100us                           0x00001269   Thumb Code    68  ddl.o(.text.DDL_Delay100us)
    DDL_Delay10us                            0x000012a5   Thumb Code    68  ddl.o(.text.DDL_Delay10us)
    DDL_Delay1ms                             0x000012e1   Thumb Code    64  ddl.o(.text.DDL_Delay1ms)
    DDL_MemoryClear                          0x00001321   Thumb Code    20  ddl.o(.text.DDL_MemoryClear)
    EnableNvic                               0x00001335   Thumb Code   136  interrupts_hc32l021.o(.text.EnableNvic)
    FLASH_IRQHandler                         0x000013bd   Thumb Code     8  interrupts_hc32l021.o(.text.FLASH_IRQHandler)
    FM5114_Initial_ReaderA                   0x000013c5   Thumb Code    84  reader_api.o(.text.FM5114_Initial_ReaderA)
    FM5114_Reader_Reset                      0x00001419   Thumb Code    44  fm5114.o(.text.FM5114_Reader_Reset)
    FM5114_Touch_Button_Auto_Tuning          0x00001445   Thumb Code  2824  fm5114.o(.text.FM5114_Touch_Button_Auto_Tuning)
    FM5114_Touch_Calibrate                   0x00001f4d   Thumb Code    54  fm5114.o(.text.FM5114_Touch_Calibrate)
    FM5114_Touch_Init                        0x00001f85   Thumb Code   632  fm5114.o(.text.FM5114_Touch_Init)
    FM5114_Touch_Reset                       0x000021fd   Thumb Code    40  fm5114.o(.text.FM5114_Touch_Reset)
    FM5114_Touch_SoftReset                   0x00002221   Thumb Code    46  fm5114.o(.text.FM5114_Touch_SoftReset)
    FM5114_Touch_Trim_Load                   0x0000224f   Thumb Code    98  fm5114.o(.text.FM5114_Touch_Trim_Load)
    Flash_IRQHandler                         0x000022b1   Thumb Code     2  interrupts_hc32l021.o(.text.Flash_IRQHandler)
    GPIO_ExtiInit                            0x000022b5   Thumb Code   124  defin.o(.text.GPIO_ExtiInit)
    GPIO_Init                                0x00002331   Thumb Code   328  gpio.o(.text.GPIO_Init)
    GPIO_IntFlagClear                        0x00002479   Thumb Code    12  gpio.o(.text.GPIO_IntFlagClear)
    GPIO_IntFlagGet                          0x00002485   Thumb Code    18  gpio.o(.text.GPIO_IntFlagGet)
    GPIO_Read                                0x00002497   Thumb Code    12  uart.o(.text.GPIO_Read)
    GPIO_ResetBits                           0x000024a3   Thumb Code     8  uart.o(.text.GPIO_ResetBits)
    GPIO_SetBits                             0x000024ab   Thumb Code     8  uart.o(.text.GPIO_SetBits)
    GPIO_StcInit                             0x000024b3   Thumb Code    16  gpio.o(.text.GPIO_StcInit)
    GetReg                                   0x000024c5   Thumb Code    80  fm5114.o(.text.GetReg)
    GetReg_Ext                               0x00002515   Thumb Code    32  fm5114.o(.text.GetReg_Ext)
    Group_Handler                            0x00002535   Thumb Code     2  fm5114.o(.text.Group_Handler)
    HSI2C_IRQHandler                         0x00002537   Thumb Code     8  interrupts_hc32l021.o(.text.HSI2C_IRQHandler)
    HSI2C_MasterBaudRateSet                  0x0000253f   Thumb Code   434  hsi2c.o(.text.HSI2C_MasterBaudRateSet)
    HSI2C_MasterErrorGet                     0x000026f1   Thumb Code    36  hsi2c.o(.text.HSI2C_MasterErrorGet)
    HSI2C_MasterInit                         0x00002715   Thumb Code   124  hsi2c.o(.text.HSI2C_MasterInit)
    HSI2C_MasterMcfgr1Config                 0x00002791   Thumb Code    30  hsi2c.o(.text.HSI2C_MasterMcfgr1Config)
    HSI2C_MasterMcfgr2Config                 0x000027b1   Thumb Code    68  hsi2c.o(.text.HSI2C_MasterMcfgr2Config)
    HSI2C_MasterStatusMachineRestart         0x000027f5   Thumb Code    40  hsi2c.o(.text.HSI2C_MasterStatusMachineRestart)
    HSI2C_MasterStatusMachineRxCmd           0x00002815   Thumb Code    64  hsi2c.o(.text.HSI2C_MasterStatusMachineRxCmd)
    HSI2C_MasterStatusMachineStart           0x0000284d   Thumb Code    68  hsi2c.o(.text.HSI2C_MasterStatusMachineStart)
    HSI2C_MasterStatusMachineSubAddr         0x00002889   Thumb Code    84  hsi2c.o(.text.HSI2C_MasterStatusMachineSubAddr)
    HSI2C_MasterStatusMachineTrans           0x000028d5   Thumb Code    48  hsi2c.o(.text.HSI2C_MasterStatusMachineTrans)
    HSI2C_MasterStcInit                      0x000028fd   Thumb Code    40  hsi2c.o(.text.HSI2C_MasterStcInit)
    HSI2C_MasterTransferPoll                 0x00002925   Thumb Code   356  hsi2c.o(.text.HSI2C_MasterTransferPoll)
    HardFault_Handler                        0x00002a89   Thumb Code    16  interrupts_hc32l021.o(.text.HardFault_Handler)
    Hsi2c_IRQHandler                         0x00002a99   Thumb Code     2  interrupts_hc32l021.o(.text.Hsi2c_IRQHandler)
    IWDT_IRQHandler                          0x00002ad1   Thumb Code     8  interrupts_hc32l021.o(.text.IWDT_IRQHandler)
    Iwdt_IRQHandler                          0x00002ad9   Thumb Code     2  interrupts_hc32l021.o(.text.Iwdt_IRQHandler)
    LPUART0_IRQHandler                       0x00002adb   Thumb Code     8  interrupts_hc32l021.o(.text.LPUART0_IRQHandler)
    LPUART1_IRQHandler                       0x00002ae3   Thumb Code     8  interrupts_hc32l021.o(.text.LPUART1_IRQHandler)
    LPUART_Init                              0x00002aeb   Thumb Code   100  lpuart.o(.text.LPUART_Init)
    LPUART_IntFlagClearAll                   0x00002b4f   Thumb Code     6  lpuart.o(.text.LPUART_IntFlagClearAll)
    LPUART_StcInit                           0x00002b55   Thumb Code    30  lpuart.o(.text.LPUART_StcInit)
    LPUART_TransmitPoll                      0x00002b73   Thumb Code    50  lpuart.o(.text.LPUART_TransmitPoll)
    LVD_IRQHandler                           0x00002ba5   Thumb Code     8  interrupts_hc32l021.o(.text.LVD_IRQHandler)
    LpUart0_IRQHandler                       0x00002bad   Thumb Code     2  interrupts_hc32l021.o(.text.LpUart0_IRQHandler)
    LpUart1_IRQHandler                       0x00002baf   Thumb Code     2  interrupts_hc32l021.o(.text.LpUart1_IRQHandler)
    Lpcd_Adc_Event                           0x00002bb1   Thumb Code   304  lpcd_api.o(.text.Lpcd_Adc_Event)
    Lpcd_Get_ADC_Value                       0x00002ce1   Thumb Code    76  lpcd_api.o(.text.Lpcd_Get_ADC_Value)
    Lpcd_Init_Register                       0x00002d2d   Thumb Code   164  lpcd_api.o(.text.Lpcd_Init_Register)
    Lpcd_Set_Mode                            0x00002dd1   Thumb Code    52  lpcd_api.o(.text.Lpcd_Set_Mode)
    Lvd_IRQHandler                           0x00002e01   Thumb Code     2  interrupts_hc32l021.o(.text.Lvd_IRQHandler)
    Mifare_Auth                              0x00002e05   Thumb Code   252  mifare.o(.text.Mifare_Auth)
    Mifare_Blockread                         0x00002ef9   Thumb Code   156  mifare.o(.text.Mifare_Blockread)
    ModifyReg                                0x00002f91   Thumb Code    46  fm5114.o(.text.ModifyReg)
    PORTA_IRQHandler                         0x00002fbf   Thumb Code     8  interrupts_hc32l021.o(.text.PORTA_IRQHandler)
    PORTB_IRQHandler                         0x00002fc7   Thumb Code     8  interrupts_hc32l021.o(.text.PORTB_IRQHandler)
    PortA_IRQHandler                         0x00002fd1   Thumb Code    72  main.o(.text.PortA_IRQHandler)
    PortB_IRQHandler                         0x00003019   Thumb Code     2  interrupts_hc32l021.o(.text.PortB_IRQHandler)
    RTC_IRQHandler                           0x0000301b   Thumb Code     8  interrupts_hc32l021.o(.text.RTC_IRQHandler)
    ReaderA_AntiColl                         0x00003025   Thumb Code   212  reader_api.o(.text.ReaderA_AntiColl)
    ReaderA_CardActivate                     0x000030f1   Thumb Code    84  reader_api.o(.text.ReaderA_CardActivate)
    ReaderA_Select                           0x00003145   Thumb Code   188  reader_api.o(.text.ReaderA_Select)
    ReaderA_Wakeup                           0x00003201   Thumb Code   168  reader_api.o(.text.ReaderA_Wakeup)
    Rtc_IRQHandler                           0x000032a9   Thumb Code     2  interrupts_hc32l021.o(.text.Rtc_IRQHandler)
    SPI_IRQHandler                           0x000032ab   Thumb Code     8  interrupts_hc32l021.o(.text.SPI_IRQHandler)
    SYSCTRL_ClockInit                        0x000032b5   Thumb Code   132  sysctrl.o(.text.SYSCTRL_ClockInit)
    SYSCTRL_ClockSrcEnable                   0x00003329   Thumb Code   324  sysctrl.o(.text.SYSCTRL_ClockSrcEnable)
    SYSCTRL_ClockStcInit                     0x00003461   Thumb Code     8  sysctrl.o(.text.SYSCTRL_ClockStcInit)
    SYSCTRL_HclkFreqGet                      0x00003469   Thumb Code   140  sysctrl.o(.text.SYSCTRL_HclkFreqGet)
    SYSCTRL_PeriphClockEnable                0x000034f5   Thumb Code    32  sysctrl.o(.text.SYSCTRL_PeriphClockEnable)
    SYSCTRL_SysClockSwitch                   0x00003515   Thumb Code   160  sysctrl.o(.text.SYSCTRL_SysClockSwitch)
    Scan_Start                               0x000035b5   Thumb Code    38  fm5114.o(.text.Scan_Start)
    SetCW                                    0x000035dd   Thumb Code   104  fm5114.o(.text.SetCW)
    SetReg                                   0x00003645   Thumb Code    48  fm5114.o(.text.SetReg)
    SetReg_Ext                               0x00003671   Thumb Code    34  fm5114.o(.text.SetReg_Ext)
    Spi_IRQHandler                           0x00003693   Thumb Code     2  interrupts_hc32l021.o(.text.Spi_IRQHandler)
    SysTick_Handler                          0x00003695   Thumb Code     8  interrupts_hc32l021.o(.text.SysTick_Handler)
    SysTick_IRQHandler                       0x0000369d   Thumb Code     2  interrupts_hc32l021.o(.text.SysTick_IRQHandler)
    SystemCoreClockUpdate                    0x000036a1   Thumb Code    16  system_hc32l021.o(.text.SystemCoreClockUpdate)
    SystemInit                               0x000036b1   Thumb Code    80  system_hc32l021.o(.text.SystemInit)
    TYPE_A_EVENT                             0x00003701   Thumb Code   324  lpcd_api.o(.text.TYPE_A_EVENT)
    TrimLoad_PowerOff                        0x00003845   Thumb Code    52  fm5114.o(.text.TrimLoad_PowerOff)
    TrimLoad_PowerOn                         0x00003879   Thumb Code    46  fm5114.o(.text.TrimLoad_PowerOn)
    VC0_IRQHandler                           0x000038a7   Thumb Code     8  interrupts_hc32l021.o(.text.VC0_IRQHandler)
    VC1_IRQHandler                           0x000038af   Thumb Code     8  interrupts_hc32l021.o(.text.VC1_IRQHandler)
    Vc0_IRQHandler                           0x000038b7   Thumb Code     2  interrupts_hc32l021.o(.text.Vc0_IRQHandler)
    Vc1_IRQHandler                           0x000038b9   Thumb Code     2  interrupts_hc32l021.o(.text.Vc1_IRQHandler)
    i2c_init                                 0x000038bd   Thumb Code   116  fm5114.o(.text.i2c_init)
    log_printf                               0x00003a3d   Thumb Code   192  uart.o(.text.log_printf)
    $Super$$main                             0x00003afd   Thumb Code  2064  main.o(.text.main)
    uart_init                                0x0000430d   Thumb Code   172  uart.o(.text.uart_init)
    __funder_d                               0x000043b9   Thumb Code   122  funder.o(i.__funder_d)
    __aeabi_fadd                             0x00004439   Thumb Code     0  faddsub.o(x$fpl$fadd)
    _fadd                                    0x00004439   Thumb Code   302  faddsub.o(x$fpl$fadd)
    __aeabi_fsub                             0x00004571   Thumb Code     0  faddsub.o(x$fpl$fsub)
    _fsub                                    0x00004571   Thumb Code   364  faddsub.o(x$fpl$fsub)
    __I$use$fp                               0x000046e4   Number         0  usenofp.o(x$fpl$usenofp)
    Region$$Table$$Base                      0x000049a0   Number         0  anon$$obj.o(Region$$Table)
    Region$$Table$$Limit                     0x000049c0   Number         0  anon$$obj.o(Region$$Table)
    CsButton                                 0x20000000   Data          14  fm5114.o(.data..L_MergedGlobals)
    FM5114_TOUCH_SENSEMODE_REGVAL            0x2000000e   Data          42  fm5114.o(.data..L_MergedGlobals)
    FM5114_TOUCH_CS_LUT                      0x20000038   Data          50  fm5114.o(.data..L_MergedGlobals)
    Target_Signal_High                       0x20000070   Data          56  fm5114.o(.data..L_MergedGlobals.28)
    Target_Signal_Low                        0x200000a8   Data          56  fm5114.o(.data..L_MergedGlobals.28)
    FM5114_TOUCH_SEN_LUT1                    0x200000e0   Data          60  fm5114.o(.data..L_MergedGlobals.29)
    FM5114_TOUCH_SEN_LUT2                    0x2000011c   Data          60  fm5114.o(.data..L_MergedGlobals.29)
    FM5114_TOUCH_REGVAL                      0x20000158   Data         196  fm5114.o(.data.FM5114_TOUCH_REGVAL)
    KEY_A                                    0x2000021c   Data          96  mifare.o(.data.KEY_A)
    SystemCoreClock                          0x2000027c   Data           4  system_hc32l021.o(.data.SystemCoreClock)
    __libspace_start                         0x20000280   Data          96  libspace.o(.bss)
    __temporary_stack_top$libspace           0x200002e0   Data           0  libspace.o(.bss)
    enMasterStatusMachine                    0x200002e0   Data           4  hsi2c.o(.bss..L_MergedGlobals)
    stcHsi2cCom                              0x200002e4   Data          28  hsi2c.o(.bss..L_MergedGlobals)
    stcHsi2cSlaveInit                        0x20000300   Data          48  hsi2c.o(.bss..L_MergedGlobals)
    stcHsi2cMasterInit                       0x20000330   Data          72  hsi2c.o(.bss..L_MergedGlobals.1)
    BLOCK_DATA                               0x20000378   Data          16  mifare.o(.bss.BLOCK_DATA)
    Button_InitReg                           0x20000388   Data          56  fm5114.o(.bss.Button_InitReg)
    LPCD_IRQ                                 0x200003c0   Data           1  fm5114.o(.bss.LPCD_IRQ)
    PICC_A                                   0x200003c1   Data           8  reader_api.o(.bss.PICC_A)
    Touch_IRQ                                0x200003c9   Data           1  fm5114.o(.bss.Touch_IRQ)
    __initial_sp                             0x200007d0   Data           0  startup_hc32l021.o(STACK)



==============================================================================

Memory Map of the image

  Image Entry point : 0x000000c1

  Load Region LR_IROM1 (Base: 0x00000000, Size: 0x00004c40, Max: 0x00010000, ABSOLUTE, COMPRESSED[0x00004af0])

    Execution Region ER_IROM1 (Exec base: 0x00000000, Load base: 0x00000000, Size: 0x000049c0, Max: 0x00010000, ABSOLUTE)

    Exec Addr    Load Addr    Size         Type   Attr      Idx    E Section Name        Object

    0x00000000   0x00000000   0x000000c0   Data   RO            3    RESET               startup_hc32l021.o
    0x000000c0   0x000000c0   0x00000008   Code   RO          739  * !!!main             c_pu.l(__main.o)
    0x000000c8   0x000000c8   0x0000003c   Code   RO          976    !!!scatter          c_pu.l(__scatter.o)
    0x00000104   0x00000104   0x0000001c   Code   RO          978    !!handler_zi        c_pu.l(__scatter_zi.o)
    0x00000120   0x00000120   0x00000002   Code   RO          832    .ARM.Collect$$libinit$$00000000  c_pu.l(libinit.o)
    0x00000122   0x00000122   0x00000004   Code   RO          846    .ARM.Collect$$libinit$$00000001  c_pu.l(libinit2.o)
    0x00000126   0x00000126   0x00000000   Code   RO          849    .ARM.Collect$$libinit$$00000004  c_pu.l(libinit2.o)
    0x00000126   0x00000126   0x00000000   Code   RO          852    .ARM.Collect$$libinit$$0000000A  c_pu.l(libinit2.o)
    0x00000126   0x00000126   0x00000000   Code   RO          854    .ARM.Collect$$libinit$$0000000C  c_pu.l(libinit2.o)
    0x00000126   0x00000126   0x00000000   Code   RO          856    .ARM.Collect$$libinit$$0000000E  c_pu.l(libinit2.o)
    0x00000126   0x00000126   0x00000000   Code   RO          859    .ARM.Collect$$libinit$$00000011  c_pu.l(libinit2.o)
    0x00000126   0x00000126   0x00000000   Code   RO          861    .ARM.Collect$$libinit$$00000013  c_pu.l(libinit2.o)
    0x00000126   0x00000126   0x00000000   Code   RO          863    .ARM.Collect$$libinit$$00000015  c_pu.l(libinit2.o)
    0x00000126   0x00000126   0x00000000   Code   RO          865    .ARM.Collect$$libinit$$00000017  c_pu.l(libinit2.o)
    0x00000126   0x00000126   0x00000000   Code   RO          867    .ARM.Collect$$libinit$$00000019  c_pu.l(libinit2.o)
    0x00000126   0x00000126   0x00000000   Code   RO          869    .ARM.Collect$$libinit$$0000001B  c_pu.l(libinit2.o)
    0x00000126   0x00000126   0x00000000   Code   RO          871    .ARM.Collect$$libinit$$0000001D  c_pu.l(libinit2.o)
    0x00000126   0x00000126   0x00000000   Code   RO          873    .ARM.Collect$$libinit$$0000001F  c_pu.l(libinit2.o)
    0x00000126   0x00000126   0x00000000   Code   RO          875    .ARM.Collect$$libinit$$00000021  c_pu.l(libinit2.o)
    0x00000126   0x00000126   0x00000000   Code   RO          877    .ARM.Collect$$libinit$$00000023  c_pu.l(libinit2.o)
    0x00000126   0x00000126   0x00000000   Code   RO          879    .ARM.Collect$$libinit$$00000025  c_pu.l(libinit2.o)
    0x00000126   0x00000126   0x00000000   Code   RO          883    .ARM.Collect$$libinit$$0000002C  c_pu.l(libinit2.o)
    0x00000126   0x00000126   0x00000000   Code   RO          885    .ARM.Collect$$libinit$$0000002E  c_pu.l(libinit2.o)
    0x00000126   0x00000126   0x00000000   Code   RO          887    .ARM.Collect$$libinit$$00000030  c_pu.l(libinit2.o)
    0x00000126   0x00000126   0x00000000   Code   RO          889    .ARM.Collect$$libinit$$00000032  c_pu.l(libinit2.o)
    0x00000126   0x00000126   0x00000002   Code   RO          890    .ARM.Collect$$libinit$$00000033  c_pu.l(libinit2.o)
    0x00000128   0x00000128   0x00000002   Code   RO          929    .ARM.Collect$$libshutdown$$00000000  c_pu.l(libshutdown.o)
    0x0000012a   0x0000012a   0x00000000   Code   RO          957    .ARM.Collect$$libshutdown$$00000002  c_pu.l(libshutdown2.o)
    0x0000012a   0x0000012a   0x00000000   Code   RO          959    .ARM.Collect$$libshutdown$$00000004  c_pu.l(libshutdown2.o)
    0x0000012a   0x0000012a   0x00000000   Code   RO          962    .ARM.Collect$$libshutdown$$00000007  c_pu.l(libshutdown2.o)
    0x0000012a   0x0000012a   0x00000000   Code   RO          965    .ARM.Collect$$libshutdown$$0000000A  c_pu.l(libshutdown2.o)
    0x0000012a   0x0000012a   0x00000000   Code   RO          967    .ARM.Collect$$libshutdown$$0000000C  c_pu.l(libshutdown2.o)
    0x0000012a   0x0000012a   0x00000000   Code   RO          970    .ARM.Collect$$libshutdown$$0000000F  c_pu.l(libshutdown2.o)
    0x0000012a   0x0000012a   0x00000002   Code   RO          971    .ARM.Collect$$libshutdown$$00000010  c_pu.l(libshutdown2.o)
    0x0000012c   0x0000012c   0x00000000   Code   RO          760    .ARM.Collect$$rtentry$$00000000  c_pu.l(__rtentry.o)
    0x0000012c   0x0000012c   0x00000000   Code   RO          783    .ARM.Collect$$rtentry$$00000002  c_pu.l(__rtentry2.o)
    0x0000012c   0x0000012c   0x00000004   Code   RO          797    .ARM.Collect$$rtentry$$00000005  c_pu.l(__rtentry5.o)
    0x00000130   0x00000130   0x00000000   Code   RO          785    .ARM.Collect$$rtentry$$00000009  c_pu.l(__rtentry2.o)
    0x00000130   0x00000130   0x00000004   Code   RO          786    .ARM.Collect$$rtentry$$0000000A  c_pu.l(__rtentry2.o)
    0x00000134   0x00000134   0x00000000   Code   RO          788    .ARM.Collect$$rtentry$$0000000C  c_pu.l(__rtentry2.o)
    0x00000134   0x00000134   0x00000008   Code   RO          789    .ARM.Collect$$rtentry$$0000000D  c_pu.l(__rtentry2.o)
    0x0000013c   0x0000013c   0x00000004   Code   RO          798    .ARM.Collect$$rtentry$$00002716  c_pu.l(__rtentry5.o)
    0x00000140   0x00000140   0x00000002   Code   RO          838    .ARM.Collect$$rtexit$$00000000  c_pu.l(rtexit.o)
    0x00000142   0x00000142   0x00000000   Code   RO          903    .ARM.Collect$$rtexit$$00000002  c_pu.l(rtexit2.o)
    0x00000142   0x00000142   0x00000004   Code   RO          904    .ARM.Collect$$rtexit$$00000003  c_pu.l(rtexit2.o)
    0x00000146   0x00000146   0x00000006   Code   RO          905    .ARM.Collect$$rtexit$$00000004  c_pu.l(rtexit2.o)
    0x0000014c   0x0000014c   0x0000003c   Code   RO            4    .text               startup_hc32l021.o
    0x00000188   0x00000188   0x00000040   Code   RO          733    .text               c_pu.l(rt_memclr.o)
    0x000001c8   0x000001c8   0x0000015a   Code   RO          735    .text               c_pu.l(aeabi_sdiv.o)
    0x00000322   0x00000322   0x00000002   PAD
    0x00000324   0x00000324   0x00000068   Code   RO          741    .text               f_ps.l(dfixui.o)
    0x0000038c   0x0000038c   0x00000058   Code   RO          743    .text               f_ps.l(dflti.o)
    0x000003e4   0x000003e4   0x00000368   Code   RO          745    .text               f_ps.l(dmul.o)
    0x0000074c   0x0000074c   0x00000198   Code   RO          753    .text               f_ps.l(fdiv.o)
    0x000008e4   0x000008e4   0x0000004c   Code   RO          756    .text               f_ps.l(ffixui.o)
    0x00000930   0x00000930   0x0000005e   Code   RO          758    .text               f_ps.l(fflti.o)
    0x0000098e   0x0000098e   0x00000002   PAD
    0x00000990   0x00000990   0x00000058   Code   RO          765    .text               f_ps.l(dnan2.o)
    0x000009e8   0x000009e8   0x00000118   Code   RO          767    .text               f_ps.l(dunder.o)
    0x00000b00   0x00000b00   0x0000015c   Code   RO          771    .text               f_ps.l(except.o)
    0x00000c5c   0x00000c5c   0x0000003c   Code   RO          773    .text               f_ps.l(fnan2.o)
    0x00000c98   0x00000c98   0x00000098   Code   RO          775    .text               f_ps.l(fnorm2.o)
    0x00000d30   0x00000d30   0x000000ce   Code   RO          777    .text               f_ps.l(funder.o)
    0x00000dfe   0x00000dfe   0x00000002   PAD
    0x00000e00   0x00000e00   0x00000008   Code   RO          807    .text               c_pu.l(rt_fp_status_addr_intlibspace.o)
    0x00000e08   0x00000e08   0x00000034   Code   RO          809    .text               c_pu.l(_fptrap.o)
    0x00000e3c   0x00000e3c   0x00000034   Code   RO          811    .text               f_ps.l(cmpret.o)
    0x00000e70   0x00000e70   0x00000098   Code   RO          813    .text               f_ps.l(retnan.o)
    0x00000f08   0x00000f08   0x00000010   Code   RO          821    .text               c_pu.l(exit.o)
    0x00000f18   0x00000f18   0x0000000c   Code   RO          823    .text               c_pu.l(defsig_fpe_outer.o)
    0x00000f24   0x00000f24   0x0000000c   Code   RO          842    .text               c_pu.l(defsig_exit.o)
    0x00000f30   0x00000f30   0x000000ac   Code   RO          844    .text               c_pu.l(defsig_fpe_inner.o)
    0x00000fdc   0x00000fdc   0x0000000c   Code   RO          895    .text               c_pu.l(sys_exit.o)
    0x00000fe8   0x00000fe8   0x00000002   Code   RO          899    .text               c_pu.l(use_no_semi.o)
    0x00000fea   0x00000fea   0x00000000   Code   RO          901    .text               c_pu.l(indicate_semi.o)
    0x00000fea   0x00000fea   0x00000034   Code   RO          911    .text               c_pu.l(defsig_general.o)
    0x0000101e   0x0000101e   0x0000000c   Code   RO          915    .text               f_ps.l(fpinit.o)
    0x0000102a   0x0000102a   0x0000000c   Code   RO          917    .text               c_pu.l(sys_wrch.o)
    0x00001036   0x00001036   0x00000060   Code   RO          974    .text               c_pu.l(__dclz77c.o)
    0x00001096   0x00001096   0x0000000e   Code   RO           15    .text.$Sub$$main    system_hc32l021.o
    0x000010a4   0x000010a4   0x00000008   Code   RO           92    .text.ADC_IRQHandler  interrupts_hc32l021.o
    0x000010ac   0x000010ac   0x00000008   Code   RO           74    .text.ATIM3_IRQHandler  interrupts_hc32l021.o
    0x000010b4   0x000010b4   0x00000002   Code   RO           54    .text.Adc_IRQHandler  interrupts_hc32l021.o
    0x000010b6   0x000010b6   0x00000002   Code   RO           36    .text.Atim3_IRQHandler  interrupts_hc32l021.o
    0x000010b8   0x000010b8   0x000000b8   Code   RO          572    .text.Button_Init_FastMode  fm5114.o
    0x00001170   0x00001170   0x000000d8   Code   RO          570    .text.Button_Init_Regcopy  fm5114.o
    0x00001248   0x00001248   0x00000008   Code   RO           82    .text.CTIM0_IRQHandler  interrupts_hc32l021.o
    0x00001250   0x00001250   0x00000008   Code   RO           84    .text.CTIM1_IRQHandler  interrupts_hc32l021.o
    0x00001258   0x00001258   0x00000008   Code   RO          102    .text.CTRIM_CLKDET_IRQHandler  interrupts_hc32l021.o
    0x00001260   0x00001260   0x00000002   Code   RO           44    .text.Ctim0_IRQHandler  interrupts_hc32l021.o
    0x00001262   0x00001262   0x00000002   Code   RO           46    .text.Ctim1_IRQHandler  interrupts_hc32l021.o
    0x00001264   0x00001264   0x00000002   Code   RO           64    .text.Ctrim_Clkdet_IRQHandler  interrupts_hc32l021.o
    0x00001266   0x00001266   0x00000002   PAD
    0x00001268   0x00001268   0x0000003c   Code   RO          138    .text.DDL_Delay100us  ddl.o
    0x000012a4   0x000012a4   0x0000003c   Code   RO          140    .text.DDL_Delay10us  ddl.o
    0x000012e0   0x000012e0   0x00000040   Code   RO          136    .text.DDL_Delay1ms  ddl.o
    0x00001320   0x00001320   0x00000014   Code   RO          134    .text.DDL_MemoryClear  ddl.o
    0x00001334   0x00001334   0x00000088   Code   RO           28    .text.EnableNvic    interrupts_hc32l021.o
    0x000013bc   0x000013bc   0x00000008   Code   RO          100    .text.FLASH_IRQHandler  interrupts_hc32l021.o
    0x000013c4   0x000013c4   0x00000054   Code   RO          675    .text.FM5114_Initial_ReaderA  reader_api.o
    0x00001418   0x00001418   0x0000002c   Code   RO          518    .text.FM5114_Reader_Reset  fm5114.o
    0x00001444   0x00001444   0x00000b08   Code   RO          566    .text.FM5114_Touch_Button_Auto_Tuning  fm5114.o
    0x00001f4c   0x00001f4c   0x00000036   Code   RO          564    .text.FM5114_Touch_Calibrate  fm5114.o
    0x00001f82   0x00001f82   0x00000002   PAD
    0x00001f84   0x00001f84   0x00000278   Code   RO          574    .text.FM5114_Touch_Init  fm5114.o
    0x000021fc   0x000021fc   0x00000024   Code   RO          530    .text.FM5114_Touch_Reset  fm5114.o
    0x00002220   0x00002220   0x0000002e   Code   RO          562    .text.FM5114_Touch_SoftReset  fm5114.o
    0x0000224e   0x0000224e   0x00000062   Code   RO          560    .text.FM5114_Touch_Trim_Load  fm5114.o
    0x000022b0   0x000022b0   0x00000002   Code   RO           62    .text.Flash_IRQHandler  interrupts_hc32l021.o
    0x000022b2   0x000022b2   0x00000002   PAD
    0x000022b4   0x000022b4   0x0000007c   Code   RO          715    .text.GPIO_ExtiInit  defin.o
    0x00002330   0x00002330   0x00000148   Code   RO          226    .text.GPIO_Init     gpio.o
    0x00002478   0x00002478   0x0000000c   Code   RO          230    .text.GPIO_IntFlagClear  gpio.o
    0x00002484   0x00002484   0x00000012   Code   RO          228    .text.GPIO_IntFlagGet  gpio.o
    0x00002496   0x00002496   0x0000000c   Code   RO          491    .text.GPIO_Read     uart.o
    0x000024a2   0x000024a2   0x00000008   Code   RO          493    .text.GPIO_ResetBits  uart.o
    0x000024aa   0x000024aa   0x00000008   Code   RO          495    .text.GPIO_SetBits  uart.o
    0x000024b2   0x000024b2   0x00000010   Code   RO          232    .text.GPIO_StcInit  gpio.o
    0x000024c2   0x000024c2   0x00000002   PAD
    0x000024c4   0x000024c4   0x00000050   Code   RO          524    .text.GetReg        fm5114.o
    0x00002514   0x00002514   0x00000020   Code   RO          536    .text.GetReg_Ext    fm5114.o
    0x00002534   0x00002534   0x00000002   Code   RO          514    .text.Group_Handler  fm5114.o
    0x00002536   0x00002536   0x00000008   Code   RO           86    .text.HSI2C_IRQHandler  interrupts_hc32l021.o
    0x0000253e   0x0000253e   0x000001b2   Code   RO          304    .text.HSI2C_MasterBaudRateSet  hsi2c.o
    0x000026f0   0x000026f0   0x00000024   Code   RO          338    .text.HSI2C_MasterErrorGet  hsi2c.o
    0x00002714   0x00002714   0x0000007c   Code   RO          294    .text.HSI2C_MasterInit  hsi2c.o
    0x00002790   0x00002790   0x0000001e   Code   RO          298    .text.HSI2C_MasterMcfgr1Config  hsi2c.o
    0x000027ae   0x000027ae   0x00000002   PAD
    0x000027b0   0x000027b0   0x00000044   Code   RO          300    .text.HSI2C_MasterMcfgr2Config  hsi2c.o
    0x000027f4   0x000027f4   0x00000020   Code   RO          326    .text.HSI2C_MasterStatusMachineRestart  hsi2c.o
    0x00002814   0x00002814   0x00000038   Code   RO          328    .text.HSI2C_MasterStatusMachineRxCmd  hsi2c.o
    0x0000284c   0x0000284c   0x0000003c   Code   RO          320    .text.HSI2C_MasterStatusMachineStart  hsi2c.o
    0x00002888   0x00002888   0x0000004c   Code   RO          324    .text.HSI2C_MasterStatusMachineSubAddr  hsi2c.o
    0x000028d4   0x000028d4   0x00000028   Code   RO          330    .text.HSI2C_MasterStatusMachineTrans  hsi2c.o
    0x000028fc   0x000028fc   0x00000028   Code   RO          396    .text.HSI2C_MasterStcInit  hsi2c.o
    0x00002924   0x00002924   0x00000164   Code   RO          336    .text.HSI2C_MasterTransferPoll  hsi2c.o
    0x00002a88   0x00002a88   0x00000010   Code   RO           66    .text.HardFault_Handler  interrupts_hc32l021.o
    0x00002a98   0x00002a98   0x00000002   Code   RO           48    .text.Hsi2c_IRQHandler  interrupts_hc32l021.o
    0x00002a9a   0x00002a9a   0x00000002   PAD
    0x00002a9c   0x00002a9c   0x00000034   Code   RO          532    .text.I2C_Configure  fm5114.o
    0x00002ad0   0x00002ad0   0x00000008   Code   RO           88    .text.IWDT_IRQHandler  interrupts_hc32l021.o
    0x00002ad8   0x00002ad8   0x00000002   Code   RO           50    .text.Iwdt_IRQHandler  interrupts_hc32l021.o
    0x00002ada   0x00002ada   0x00000008   Code   RO           76    .text.LPUART0_IRQHandler  interrupts_hc32l021.o
    0x00002ae2   0x00002ae2   0x00000008   Code   RO           78    .text.LPUART1_IRQHandler  interrupts_hc32l021.o
    0x00002aea   0x00002aea   0x00000064   Code   RO          413    .text.LPUART_Init   lpuart.o
    0x00002b4e   0x00002b4e   0x00000006   Code   RO          433    .text.LPUART_IntFlagClearAll  lpuart.o
    0x00002b54   0x00002b54   0x0000001e   Code   RO          457    .text.LPUART_StcInit  lpuart.o
    0x00002b72   0x00002b72   0x00000032   Code   RO          439    .text.LPUART_TransmitPoll  lpuart.o
    0x00002ba4   0x00002ba4   0x00000008   Code   RO           98    .text.LVD_IRQHandler  interrupts_hc32l021.o
    0x00002bac   0x00002bac   0x00000002   Code   RO           38    .text.LpUart0_IRQHandler  interrupts_hc32l021.o
    0x00002bae   0x00002bae   0x00000002   Code   RO           40    .text.LpUart1_IRQHandler  interrupts_hc32l021.o
    0x00002bb0   0x00002bb0   0x00000130   Code   RO          613    .text.Lpcd_Adc_Event  lpcd_api.o
    0x00002ce0   0x00002ce0   0x0000004c   Code   RO          615    .text.Lpcd_Get_ADC_Value  lpcd_api.o
    0x00002d2c   0x00002d2c   0x000000a4   Code   RO          603    .text.Lpcd_Init_Register  lpcd_api.o
    0x00002dd0   0x00002dd0   0x00000030   Code   RO          611    .text.Lpcd_Set_Mode  lpcd_api.o
    0x00002e00   0x00002e00   0x00000002   Code   RO           60    .text.Lvd_IRQHandler  interrupts_hc32l021.o
    0x00002e02   0x00002e02   0x00000002   PAD
    0x00002e04   0x00002e04   0x000000f4   Code   RO          639    .text.Mifare_Auth   mifare.o
    0x00002ef8   0x00002ef8   0x00000098   Code   RO          645    .text.Mifare_Blockread  mifare.o
    0x00002f90   0x00002f90   0x0000002e   Code   RO          528    .text.ModifyReg     fm5114.o
    0x00002fbe   0x00002fbe   0x00000008   Code   RO           70    .text.PORTA_IRQHandler  interrupts_hc32l021.o
    0x00002fc6   0x00002fc6   0x00000008   Code   RO           72    .text.PORTB_IRQHandler  interrupts_hc32l021.o
    0x00002fce   0x00002fce   0x00000002   PAD
    0x00002fd0   0x00002fd0   0x00000048   Code   RO          474    .text.PortA_IRQHandler  main.o
    0x00003018   0x00003018   0x00000002   Code   RO           34    .text.PortB_IRQHandler  interrupts_hc32l021.o
    0x0000301a   0x0000301a   0x00000008   Code   RO           90    .text.RTC_IRQHandler  interrupts_hc32l021.o
    0x00003022   0x00003022   0x00000002   PAD
    0x00003024   0x00003024   0x000000cc   Code   RO          685    .text.ReaderA_AntiColl  reader_api.o
    0x000030f0   0x000030f0   0x00000054   Code   RO          689    .text.ReaderA_CardActivate  reader_api.o
    0x00003144   0x00003144   0x000000bc   Code   RO          687    .text.ReaderA_Select  reader_api.o
    0x00003200   0x00003200   0x000000a8   Code   RO          681    .text.ReaderA_Wakeup  reader_api.o
    0x000032a8   0x000032a8   0x00000002   Code   RO           52    .text.Rtc_IRQHandler  interrupts_hc32l021.o
    0x000032aa   0x000032aa   0x00000008   Code   RO           80    .text.SPI_IRQHandler  interrupts_hc32l021.o
    0x000032b2   0x000032b2   0x00000002   PAD
    0x000032b4   0x000032b4   0x00000074   Code   RO          153    .text.SYSCTRL_ClockInit  sysctrl.o
    0x00003328   0x00003328   0x00000138   Code   RO          155    .text.SYSCTRL_ClockSrcEnable  sysctrl.o
    0x00003460   0x00003460   0x00000008   Code   RO          213    .text.SYSCTRL_ClockStcInit  sysctrl.o
    0x00003468   0x00003468   0x0000008c   Code   RO          163    .text.SYSCTRL_HclkFreqGet  sysctrl.o
    0x000034f4   0x000034f4   0x00000020   Code   RO          187    .text.SYSCTRL_PeriphClockEnable  sysctrl.o
    0x00003514   0x00003514   0x000000a0   Code   RO          157    .text.SYSCTRL_SysClockSwitch  sysctrl.o
    0x000035b4   0x000035b4   0x00000026   Code   RO          554    .text.Scan_Start    fm5114.o
    0x000035da   0x000035da   0x00000002   PAD
    0x000035dc   0x000035dc   0x00000068   Code   RO          526    .text.SetCW         fm5114.o
    0x00003644   0x00003644   0x0000002c   Code   RO          522    .text.SetReg        fm5114.o
    0x00003670   0x00003670   0x00000022   Code   RO          538    .text.SetReg_Ext    fm5114.o
    0x00003692   0x00003692   0x00000002   Code   RO           42    .text.Spi_IRQHandler  interrupts_hc32l021.o
    0x00003694   0x00003694   0x00000008   Code   RO           68    .text.SysTick_Handler  interrupts_hc32l021.o
    0x0000369c   0x0000369c   0x00000002   Code   RO           30    .text.SysTick_IRQHandler  interrupts_hc32l021.o
    0x0000369e   0x0000369e   0x00000002   PAD
    0x000036a0   0x000036a0   0x00000010   Code   RO           11    .text.SystemCoreClockUpdate  system_hc32l021.o
    0x000036b0   0x000036b0   0x00000050   Code   RO           13    .text.SystemInit    system_hc32l021.o
    0x00003700   0x00003700   0x00000144   Code   RO          619    .text.TYPE_A_EVENT  lpcd_api.o
    0x00003844   0x00003844   0x00000034   Code   RO          558    .text.TrimLoad_PowerOff  fm5114.o
    0x00003878   0x00003878   0x0000002e   Code   RO          556    .text.TrimLoad_PowerOn  fm5114.o
    0x000038a6   0x000038a6   0x00000008   Code   RO           94    .text.VC0_IRQHandler  interrupts_hc32l021.o
    0x000038ae   0x000038ae   0x00000008   Code   RO           96    .text.VC1_IRQHandler  interrupts_hc32l021.o
    0x000038b6   0x000038b6   0x00000002   Code   RO           56    .text.Vc0_IRQHandler  interrupts_hc32l021.o
    0x000038b8   0x000038b8   0x00000002   Code   RO           58    .text.Vc1_IRQHandler  interrupts_hc32l021.o
    0x000038ba   0x000038ba   0x00000002   PAD
    0x000038bc   0x000038bc   0x00000074   Code   RO          516    .text.i2c_init      fm5114.o
    0x00003930   0x00003930   0x0000010c   Code   RO          501    .text.log_num       uart.o
    0x00003a3c   0x00003a3c   0x000000c0   Code   RO          499    .text.log_printf    uart.o
    0x00003afc   0x00003afc   0x00000810   Code   RO          472    .text.main          main.o
    0x0000430c   0x0000430c   0x000000ac   Code   RO          497    .text.uart_init     uart.o
    0x000043b8   0x000043b8   0x00000080   Code   RO          778    i.__funder_d        f_ps.l(funder.o)
    0x00004438   0x00004438   0x00000138   Code   RO          747    x$fpl$fadd          f_ps.l(faddsub.o)
    0x00004570   0x00004570   0x00000174   Code   RO          749    x$fpl$fsub          f_ps.l(faddsub.o)
    0x000046e4   0x000046e4   0x00000000   Code   RO          781    x$fpl$usenofp       f_ps.l(usenofp.o)
    0x000046e4   0x000046e4   0x00000040   Data   RO          754    .constdata          f_ps.l(fdiv.o)
    0x00004724   0x00004724   0x0000025b   Data   RO          478    .rodata.str1.1      main.o
    0x0000497f   0x0000497f   0x0000001f   Data   RO          702    .rodata.str1.1      reader_api.o
    0x0000499e   0x0000499e   0x00000002   PAD
    0x000049a0   0x000049a0   0x00000020   Data   RO          972    Region$$Table       anon$$obj.o


    Execution Region RW_IRAM1 (Exec base: 0x20000000, Load base: 0x000049c0, Size: 0x000007d0, Max: 0x00001800, ABSOLUTE, COMPRESSED[0x00000130])

    Exec Addr    Load Addr    Size         Type   Attr      Idx    E Section Name        Object

    0x20000000   COMPRESSED   0x0000006a   Data   RW          589    .data..L_MergedGlobals  fm5114.o
    0x2000006a   COMPRESSED   0x00000006   PAD
    0x20000070   COMPRESSED   0x00000070   Data   RW          590    .data..L_MergedGlobals.28  fm5114.o
    0x200000e0   COMPRESSED   0x00000078   Data   RW          591    .data..L_MergedGlobals.29  fm5114.o
    0x20000158   COMPRESSED   0x000000c4   Data   RW          582    .data.FM5114_TOUCH_REGVAL  fm5114.o
    0x2000021c   COMPRESSED   0x00000060   Data   RW          655    .data.KEY_A         mifare.o
    0x2000027c   COMPRESSED   0x00000004   Data   RW           17    .data.SystemCoreClock  system_hc32l021.o
    0x20000280        -       0x00000060   Zero   RW          816    .bss                c_pu.l(libspace.o)
    0x200002e0        -       0x00000050   Zero   RW          400    .bss..L_MergedGlobals  hsi2c.o
    0x20000330        -       0x00000048   Zero   RW          401    .bss..L_MergedGlobals.1  hsi2c.o
    0x20000378        -       0x00000010   Zero   RW          660    .bss.BLOCK_DATA     mifare.o
    0x20000388        -       0x00000038   Zero   RW          583    .bss.Button_InitReg  fm5114.o
    0x200003c0        -       0x00000001   Zero   RW          587    .bss.LPCD_IRQ       fm5114.o
    0x200003c1        -       0x00000008   Zero   RW          701    .bss.PICC_A         reader_api.o
    0x200003c9        -       0x00000001   Zero   RW          586    .bss.Touch_IRQ      fm5114.o
    0x200003ca        -       0x00000001   Zero   RW          584    .bss.i2cInitialized  fm5114.o
    0x200003cb   COMPRESSED   0x00000005   PAD
    0x200003d0        -       0x00000400   Zero   RW            1    STACK               startup_hc32l021.o


==============================================================================

Image component sizes


      Code (inc. data)   RO Data    RW Data    ZI Data      Debug   Object Name

       204         16          0          0          0       2616   ddl.o
       124          8          0          0          0      12248   defin.o
      4780        460          0        534         59      31038   fm5114.o
       374          4          0          0          0      11877   gpio.o
      1352         48          0          0        152      26646   hsi2c.o
       330         16          0          0          0       7180   interrupts_hc32l021.o
       916        344          0          0          0      13705   lpcd_api.o
       186          0          0          0          0       8621   lpuart.o
      2136        364        603          0          0      14136   main.o
       396          0          0         96         16       4023   mifare.o
       728         80         31          0          8       4083   reader_api.o
        60         22        192          0       1024        628   startup_hc32l021.o
       768         88          0          0          0      24374   sysctrl.o
       110         32          0          4          0       7234   system_hc32l021.o
       660         28          0          0          0      16664   uart.o

    ----------------------------------------------------------------------
     13150       1510        860        640       1264     185073   Object Totals
         0          0         32          0          0          0   (incl. Generated)
        26          0          2          6          5          0   (incl. Padding)

    ----------------------------------------------------------------------

      Code (inc. data)   RO Data    RW Data    ZI Data      Debug   Library Member Name

        96          0          0          0          0          0   __dclz77c.o
         8          0          0          0          0         68   __main.o
         0          0          0          0          0          0   __rtentry.o
        12          0          0          0          0          0   __rtentry2.o
         8          4          0          0          0          0   __rtentry5.o
        60          8          0          0          0          0   __scatter.o
        28          0          0          0          0          0   __scatter_zi.o
        52          6          0          0          0         76   _fptrap.o
       346          0          0          0          0         92   aeabi_sdiv.o
        12          0          0          0          0         68   defsig_exit.o
       172        110          0          0          0         68   defsig_fpe_inner.o
        12          0          0          0          0         68   defsig_fpe_outer.o
        52          0          0          0          0         72   defsig_general.o
        16          0          0          0          0         68   exit.o
         0          0          0          0          0          0   indicate_semi.o
         2          0          0          0          0          0   libinit.o
         6          0          0          0          0          0   libinit2.o
         2          0          0          0          0          0   libshutdown.o
         2          0          0          0          0          0   libshutdown2.o
         0          0          0          0         96          0   libspace.o
         8          4          0          0          0         68   rt_fp_status_addr_intlibspace.o
        64          0          0          0          0        108   rt_memclr.o
         2          0          0          0          0          0   rtexit.o
        10          0          0          0          0          0   rtexit2.o
        12          4          0          0          0         60   sys_exit.o
        12          0          0          0          0         68   sys_wrch.o
         2          0          0          0          0         68   use_no_semi.o
        52          0          0          0          0         60   cmpret.o
       104         20          0          0          0         72   dfixui.o
        88          0          0          0          0         92   dflti.o
       872         32          0          0          0         84   dmul.o
        88          6          0          0          0         76   dnan2.o
       280         10          0          0          0         76   dunder.o
       348         16          0          0          0         88   except.o
       684         16          0          0          0        172   faddsub.o
       408         16         64          0          0         92   fdiv.o
        76         14          0          0          0         72   ffixui.o
        94          0          0          0          0         92   fflti.o
        60          0          0          0          0         76   fnan2.o
       152         12          0          0          0         76   fnorm2.o
        12          0          0          0          0         68   fpinit.o
       334          6          0          0          0        148   funder.o
       152          4          0          0          0         68   retnan.o
         0          0          0          0          0          0   usenofp.o

    ----------------------------------------------------------------------
      4806        288         64          0         96       2364   Library Totals
         6          0          0          0          0          0   (incl. Padding)

    ----------------------------------------------------------------------

      Code (inc. data)   RO Data    RW Data    ZI Data      Debug   Library Name

       996        136          0          0         96        952   c_pu.l
      3804        152         64          0          0       1412   f_ps.l

    ----------------------------------------------------------------------
      4806        288         64          0         96       2364   Library Totals

    ----------------------------------------------------------------------

==============================================================================


      Code (inc. data)   RO Data    RW Data    ZI Data      Debug   

     17956       1798        924        640       1360     186069   Grand Totals
     17956       1798        924        304       1360     186069   ELF Image Totals (compressed)
     17956       1798        924        304          0          0   ROM Totals

==============================================================================

    Total RO  Size (Code + RO Data)                18880 (  18.44kB)
    Total RW  Size (RW Data + ZI Data)              2000 (   1.95kB)
    Total ROM Size (Code + RO Data + RW Data)      19184 (  18.73kB)

==============================================================================

